 System.Data.SQLite

 Timestamp is 5bafbe9d (Sat Sep 29 21:04:13 2018)

 Preferred load address is 10000000

 Start         Length     Name                   Class
 0001:00000000 00000130H .text                   CODE
 0001:00000130 000dec06H .text$mn                CODE
 0002:00000000 0000024cH .idata$5                DATA
 0002:0000024c 00000004H .00cfg                  DATA
 0002:00000250 00000004H .CRT$XCA                DATA
 0002:00000254 00000004H .CRT$XCZ                DATA
 0002:00000258 00000004H .CRT$XIA                DATA
 0002:0000025c 00000004H .CRT$XIZ                DATA
 0002:00000260 00000004H .CRT$XPA                DATA
 0002:00000264 00000004H .CRT$XPZ                DATA
 0002:00000268 00000004H .CRT$XTA                DATA
 0002:0000026c 00000004H .CRT$XTZ                DATA
 0002:00000270 00046a90H .rdata                  DATA
 0002:00046d00 00000004H .rdata$sxdata           DATA
 0002:00046d04 00000318H .rdata$zzzdbg           DATA
 0002:0004701c 00000004H .rtc$IAA                DATA
 0002:00047020 00000004H .rtc$IZZ                DATA
 0002:00047024 00000004H .rtc$TAA                DATA
 0002:00047028 00000008H .rtc$TZZ                DATA
 0002:00047030 00000080H .xdata$x                DATA
 0002:000470b0 000030f8H .edata                  DATA
 0002:0004a1a8 000000c8H .idata$2                DATA
 0002:0004a270 00000014H .idata$3                DATA
 0002:0004a284 0000024cH .idata$4                DATA
 0002:0004a4d0 00000a8aH .idata$6                DATA
 0003:00000000 00001290H .data                   DATA
 0003:00001290 00002518H .bss                    DATA
 0004:00000000 00000014H .gfids$y                DATA
 0005:00000000 00000350H CONST                   DATA
 0006:00000000 00000060H .rsrc$01                DATA
 0006:00000060 000005f0H .rsrc$02                DATA

  Address         Publics by Value              Rva+Base       Lib:Object

 0000:00000000       ___guard_fids_count        00000000     <absolute>
 0000:00000000       ___dynamic_value_reloc_table 00000000     <absolute>
 0000:00000000       ___guard_iat_count         00000000     <absolute>
 0000:00000000       ___guard_longjmp_table     00000000     <absolute>
 0000:00000000       ___guard_longjmp_count     00000000     <absolute>
 0000:00000000       ___guard_iat_table         00000000     <absolute>
 0000:00000000       ___guard_fids_table        00000000     <absolute>
 0000:00000001       ___safe_se_handler_count   00000001     <absolute>
 0000:00000100       ___guard_flags             00000100     <absolute>
 0000:00000000       ___ImageBase               10000000     <linker-defined>
 0001:00000130       _AreFileApisANSI@0         10001130 f   kernel32:KERNEL32.dll
 0001:00000136       _ReadFile@20               10001136 f   kernel32:KERNEL32.dll
 0001:0000013c       _HeapCreate@12             1000113c f   kernel32:KERNEL32.dll
 0001:00000142       _HeapFree@12               10001142 f   kernel32:KERNEL32.dll
 0001:00000148       _GetFullPathNameW@16       10001148 f   kernel32:KERNEL32.dll
 0001:0000014e       _WriteFile@20              1000114e f   kernel32:KERNEL32.dll
 0001:00000154       _GetDiskFreeSpaceW@20      10001154 f   kernel32:KERNEL32.dll
 0001:0000015a       _OutputDebugStringA@4      1000115a f   kernel32:KERNEL32.dll
 0001:00000160       _LockFile@20               10001160 f   kernel32:KERNEL32.dll
 0001:00000166       _SetFilePointer@16         10001166 f   kernel32:KERNEL32.dll
 0001:0000016c       _GetFullPathNameA@16       1000116c f   kernel32:KERNEL32.dll
 0001:00000172       _SetEndOfFile@4            10001172 f   kernel32:KERNEL32.dll
 0001:00000178       _UnlockFileEx@20           10001178 f   kernel32:KERNEL32.dll
 0001:0000017e       _GetTempPathW@8            1000117e f   kernel32:KERNEL32.dll
 0001:00000184       _CreateMutexW@12           10001184 f   kernel32:KERNEL32.dll
 0001:0000018a       _WaitForSingleObject@8     1000118a f   kernel32:KERNEL32.dll
 0001:00000190       _CreateFileW@28            10001190 f   kernel32:KERNEL32.dll
 0001:00000196       _GetFileAttributesW@4      10001196 f   kernel32:KERNEL32.dll
 0001:0000019c       _UnmapViewOfFile@4         1000119c f   kernel32:KERNEL32.dll
 0001:000001a2       _HeapValidate@12           100011a2 f   kernel32:KERNEL32.dll
 0001:000001a8       _HeapSize@12               100011a8 f   kernel32:KERNEL32.dll
 0001:000001ae       _MultiByteToWideChar@24    100011ae f   kernel32:KERNEL32.dll
 0001:000001b4       _Sleep@4                   100011b4 f   kernel32:KERNEL32.dll
 0001:000001ba       _GetTempPathA@8            100011ba f   kernel32:KERNEL32.dll
 0001:000001c0       _FormatMessageW@28         100011c0 f   kernel32:KERNEL32.dll
 0001:000001c6       _GetDiskFreeSpaceA@20      100011c6 f   kernel32:KERNEL32.dll
 0001:000001cc       _GetLastError@0            100011cc f   kernel32:KERNEL32.dll
 0001:000001d2       _GetFileAttributesA@4      100011d2 f   kernel32:KERNEL32.dll
 0001:000001d8       _GetFileAttributesExW@12   100011d8 f   kernel32:KERNEL32.dll
 0001:000001de       _OutputDebugStringW@4      100011de f   kernel32:KERNEL32.dll
 0001:000001e4       _FlushViewOfFile@8         100011e4 f   kernel32:KERNEL32.dll
 0001:000001ea       _CreateFileA@28            100011ea f   kernel32:KERNEL32.dll
 0001:000001f0       _LoadLibraryA@4            100011f0 f   kernel32:KERNEL32.dll
 0001:000001f6       _WaitForSingleObjectEx@12  100011f6 f   kernel32:KERNEL32.dll
 0001:000001fc       _DeleteFileA@4             100011fc f   kernel32:KERNEL32.dll
 0001:00000202       _DeleteFileW@4             10001202 f   kernel32:KERNEL32.dll
 0001:00000208       _HeapReAlloc@16            10001208 f   kernel32:KERNEL32.dll
 0001:0000020e       _CloseHandle@4             1000120e f   kernel32:KERNEL32.dll
 0001:00000214       _GetSystemInfo@4           10001214 f   kernel32:KERNEL32.dll
 0001:0000021a       _LoadLibraryW@4            1000121a f   kernel32:KERNEL32.dll
 0001:00000220       _HeapAlloc@12              10001220 f   kernel32:KERNEL32.dll
 0001:00000226       _HeapCompact@8             10001226 f   kernel32:KERNEL32.dll
 0001:0000022c       _HeapDestroy@4             1000122c f   kernel32:KERNEL32.dll
 0001:00000232       _UnlockFile@20             10001232 f   kernel32:KERNEL32.dll
 0001:00000238       _GetProcAddress@8          10001238 f   kernel32:KERNEL32.dll
 0001:0000023e       _CreateFileMappingA@24     1000123e f   kernel32:KERNEL32.dll
 0001:00000244       _LocalFree@4               10001244 f   kernel32:KERNEL32.dll
 0001:0000024a       _LockFileEx@24             1000124a f   kernel32:KERNEL32.dll
 0001:00000250       _GetFileSize@8             10001250 f   kernel32:KERNEL32.dll
 0001:00000256       _GetCurrentProcessId@0     10001256 f   kernel32:KERNEL32.dll
 0001:0000025c       _GetProcessHeap@0          1000125c f   kernel32:KERNEL32.dll
 0001:00000262       _SystemTimeToFileTime@8    10001262 f   kernel32:KERNEL32.dll
 0001:00000268       _FreeLibrary@4             10001268 f   kernel32:KERNEL32.dll
 0001:0000026e       _WideCharToMultiByte@32    1000126e f   kernel32:KERNEL32.dll
 0001:00000274       _GetSystemTimeAsFileTime@4 10001274 f   kernel32:KERNEL32.dll
 0001:0000027a       _GetSystemTime@4           1000127a f   kernel32:KERNEL32.dll
 0001:00000280       _FormatMessageA@28         10001280 f   kernel32:KERNEL32.dll
 0001:00000286       _CreateFileMappingW@24     10001286 f   kernel32:KERNEL32.dll
 0001:0000028c       _MapViewOfFile@20          1000128c f   kernel32:KERNEL32.dll
 0001:00000292       _QueryPerformanceCounter@4 10001292 f   kernel32:KERNEL32.dll
 0001:00000298       _GetTickCount@0            10001298 f   kernel32:KERNEL32.dll
 0001:0000029e       _FlushFileBuffers@4        1000129e f   kernel32:KERNEL32.dll
 0001:000002a4       @__security_check_cookie@4 100012a4 f   MSVCRT:_secchk_.obj
 0001:000002b5       ___raise_securityfailure   100012b5 f   MSVCRT:gs_report.obj
 0001:000002dd       ___report_gsfailure        100012dd f   MSVCRT:gs_report.obj
 0001:000003d8       ___report_rangecheckfailure 100013d8 f   MSVCRT:gs_report.obj
 0001:000003e4       ___report_securityfailure  100013e4 f   MSVCRT:gs_report.obj
 0001:000007bc       __DllMainCRTStartup@12     100017bc f   MSVCRT:dll_dllmain.obj
 0001:00000823       ___scrt_acquire_startup_lock 10001823 f   MSVCRT:utility.obj
 0001:00000858       ___scrt_dllmain_after_initialize_c 10001858 f   MSVCRT:utility.obj
 0001:00000883       ___scrt_dllmain_before_initialize_c 10001883 f   MSVCRT:utility.obj
 0001:00000891       ___scrt_dllmain_crt_thread_attach 10001891 f   MSVCRT:utility.obj
 0001:000008b0       ___scrt_dllmain_crt_thread_detach 100018b0 f   MSVCRT:utility.obj
 0001:000008bd       ___scrt_dllmain_exception_filter 100018bd f   MSVCRT:utility.obj
 0001:000008f0       ___scrt_dllmain_uninitialize_c 100018f0 f   MSVCRT:utility.obj
 0001:00000913       ___scrt_dllmain_uninitialize_critical 10001913 f   MSVCRT:utility.obj
 0001:00000920       ___scrt_initialize_crt     10001920 f   MSVCRT:utility.obj
 0001:00000959       ___scrt_initialize_onexit_tables 10001959 f   MSVCRT:utility.obj
 0001:000009f0       ___scrt_is_nonwritable_in_current_image 100019f0 f   MSVCRT:utility.obj
 0001:00000a7a       ___scrt_release_startup_lock 10001a7a f   MSVCRT:utility.obj
 0001:00000a97       ___scrt_uninitialize_crt   10001a97 f   MSVCRT:utility.obj
 0001:00000abf       __onexit                   10001abf f   MSVCRT:utility.obj
 0001:00000afa       _atexit                    10001afa f   MSVCRT:utility.obj
 0001:00000b0f       ___security_init_cookie    10001b0f f   MSVCRT:gs_support.obj
 0001:00000bab       _DllMain@12                10001bab f   MSVCRT:dll_dllmain_stub.obj
 0001:00000bcd       ?__scrt_initialize_type_info@@YAXXZ 10001bcd f   MSVCRT:tncleanup.obj
 0001:00000bd9       ?__scrt_uninitialize_type_info@@YAXXZ 10001bd9 f   MSVCRT:tncleanup.obj
 0001:00000be5       ___local_stdio_printf_options 10001be5 f i MSVCRT:default_local_stdio_options.obj
 0001:00000beb       ___local_stdio_scanf_options 10001beb f i MSVCRT:default_local_stdio_options.obj
 0001:00000bf1       ___scrt_initialize_default_local_stdio_options 10001bf1 f   MSVCRT:default_local_stdio_options.obj
 0001:00000c0e       ___scrt_get_dyn_tls_init_callback 10001c0e f   MSVCRT:dyn_tls_init.obj
 0001:00000c14       ___scrt_fastfail           10001c14 f   MSVCRT:utility_desktop.obj
 0001:00000d2f       __RTC_Initialize           10001d2f f   MSVCRT:_initsect_.obj
 0001:00000d5a       __RTC_Terminate            10001d5a f   MSVCRT:_initsect_.obj
 0001:00000d85       @_guard_check_icall@4      10001d85 f i MSVCRT:checkcfg.obj
 0001:00000d90       __SEH_prolog4              10001d90 f   MSVCRT:_sehprolg4_.obj
 0001:00000dd6       __SEH_epilog4              10001dd6 f   MSVCRT:_sehprolg4_.obj
 0001:00000deb       __except_handler4          10001deb f   MSVCRT:_chandler4gs_.obj
 0001:00000e0e       ___isa_available_init      10001e0e f   MSVCRT:_cpu_disp_.obj
 0001:00000fa8       __get_startup_argv_mode    10001fa8 f   MSVCRT:argv_mode.obj
 0001:00000fac       ___scrt_is_ucrt_dll_in_use 10001fac f   MSVCRT:ucrt_detection.obj
 0001:00000fb8       @_guard_check_icall_nop@4  10001fb8 f i MSVCRT:guard_support.obj
 0001:00000fba       ___std_type_info_destroy_list 10001fba f   vcruntime:VCRUNTIME140.dll
 0001:00000fc0       _memset                    10001fc0 f   vcruntime:VCRUNTIME140.dll
 0001:00000fc6       __except_handler4_common   10001fc6 f   vcruntime:VCRUNTIME140.dll
 0001:00000fcc       __initterm                 10001fcc f   ucrt:api-ms-win-crt-runtime-l1-1-0.dll
 0001:00000fd2       __initterm_e               10001fd2 f   ucrt:api-ms-win-crt-runtime-l1-1-0.dll
 0001:00000fd8       __seh_filter_dll           10001fd8 f   ucrt:api-ms-win-crt-runtime-l1-1-0.dll
 0001:00000fde       __configure_narrow_argv    10001fde f   ucrt:api-ms-win-crt-runtime-l1-1-0.dll
 0001:00000fe4       __initialize_narrow_environment 10001fe4 f   ucrt:api-ms-win-crt-runtime-l1-1-0.dll
 0001:00000fea       __initialize_onexit_table  10001fea f   ucrt:api-ms-win-crt-runtime-l1-1-0.dll
 0001:00000ff0       __register_onexit_function 10001ff0 f   ucrt:api-ms-win-crt-runtime-l1-1-0.dll
 0001:00000ff6       __execute_onexit_table     10001ff6 f   ucrt:api-ms-win-crt-runtime-l1-1-0.dll
 0001:00000ffe       __crt_atexit               10001ffe f   ucrt:api-ms-win-crt-runtime-l1-1-0.dll
 0001:00001004       __cexit                    10002004 f   ucrt:api-ms-win-crt-runtime-l1-1-0.dll
 0001:0000100a       _IsProcessorFeaturePresent@4 1000200a f   kernel32:KERNEL32.dll
 0001:00001010       ___vcrt_uninitialize       10002010 f   MSVCRT:ucrt_stubs.obj
 0001:00001010       ___scrt_stub_for_acrt_uninitialize_critical 10002010 f   MSVCRT:ucrt_stubs.obj
 0001:00001010       ___acrt_thread_detach      10002010 f   MSVCRT:ucrt_stubs.obj
 0001:00001010       ___vcrt_thread_attach      10002010 f   MSVCRT:ucrt_stubs.obj
 0001:00001010       ___vcrt_thread_detach      10002010 f   MSVCRT:ucrt_stubs.obj
 0001:00001010       ___scrt_stub_for_acrt_uninitialize 10002010 f   MSVCRT:ucrt_stubs.obj
 0001:00001010       ___scrt_stub_for_acrt_initialize 10002010 f   MSVCRT:ucrt_stubs.obj
 0001:00001010       ___scrt_stub_for_acrt_thread_attach 10002010 f   MSVCRT:ucrt_stubs.obj
 0001:00001010       ___acrt_uninitialize       10002010 f   MSVCRT:ucrt_stubs.obj
 0001:00001010       ___vcrt_initialize         10002010 f   MSVCRT:ucrt_stubs.obj
 0001:00001010       ___acrt_thread_attach      10002010 f   MSVCRT:ucrt_stubs.obj
 0001:00001010       ___acrt_initialize         10002010 f   MSVCRT:ucrt_stubs.obj
 0001:00001010       ___vcrt_uninitialize_critical 10002010 f   MSVCRT:ucrt_stubs.obj
 0001:00001010       ___acrt_uninitialize_critical 10002010 f   MSVCRT:ucrt_stubs.obj
 0001:00001010       ___scrt_stub_for_acrt_thread_detach 10002010 f   MSVCRT:ucrt_stubs.obj
 0001:00001013       __is_c_termination_complete 10002013 f   MSVCRT:ucrt_stubs.obj
 0001:00001013       ___scrt_stub_for_is_c_termination_complete 10002013 f   MSVCRT:ucrt_stubs.obj
 0001:00001018       ?System.Data.SQLite.AssemblySourceIdAttribute..ctor@@2001010O 10002018 f   System.Data.SQLite.netmodule
 0001:00001034       ?System.Data.SQLite.AssemblySourceIdAttribute.get_SourceId@@20000O 10002034 f   System.Data.SQLite.netmodule
 0001:00001048       ?System.Data.SQLite.AssemblySourceTimeStampAttribute..ctor@@2001010O 10002048 f   System.Data.SQLite.netmodule
 0001:00001064       ?System.Data.SQLite.AssemblySourceTimeStampAttribute.get_SourceTimeStamp@@20000O 10002064 f   System.Data.SQLite.netmodule
 0001:00001078       ?System.Data.SQLite.SQLite3..ctor@@2006011180O411790O180O02 10002078 f   System.Data.SQLite.netmodule
 0001:00001124       ?System.Data.SQLite.SQLite3.CheckDisposed@@200001 10002124 f   System.Data.SQLite.netmodule
 0001:00001150       ?System.Data.SQLite.SQLite3.Dispose@@20010102 10002150 f   System.Data.SQLite.netmodule
 0001:000011a0       ?System.Data.SQLite.SQLite3.DisposeModules@@200001 100021a0 f   System.Data.SQLite.netmodule
 0001:0000121c       ?System.Data.SQLite.SQLite3.Close@@20010102 1000221c f   System.Data.SQLite.netmodule
 0001:00001368       ?System.Data.SQLite.SQLite3.GetCancelCount@@200008 10002368 f   System.Data.SQLite.netmodule
 0001:00001384       ?System.Data.SQLite.SQLite3.ShouldThrowForCancel@@200002 10002384 f   System.Data.SQLite.netmodule
 0001:0000139c       ?System.Data.SQLite.SQLite3.ResetCancelCount@@200008 1000239c f   System.Data.SQLite.netmodule
 0001:000013bc       ?System.Data.SQLite.SQLite3.Cancel@@200001 100023bc f   System.Data.SQLite.netmodule
 0001:00001404       ?System.Data.SQLite.SQLite3.BindFunction@@200301128160128128112M 10002404 f   System.Data.SQLite.netmodule
 0001:00001458       ?System.Data.SQLite.SQLite3.UnbindFunction@@200202128160112M 10002458 f   System.Data.SQLite.netmodule
 0001:000014ac       ?System.Data.SQLite.SQLite3.get_Version@@20000O 100024ac f   System.Data.SQLite.netmodule
 0001:000014c0       ?System.Data.SQLite.SQLite3.get_VersionNumber@@200008 100024c0 f   System.Data.SQLite.netmodule
 0001:000014d4       ?System.Data.SQLite.SQLite3.get_DefineConstants@@00000O 100024d4 f   System.Data.SQLite.netmodule
 0001:00001554       ?System.Data.SQLite.SQLite3.get_SQLiteVersion@@00000O 10002554 f   System.Data.SQLite.netmodule
 0001:0000156c       ?System.Data.SQLite.SQLite3.get_SQLiteVersionNumber@@000008 1000256c f   System.Data.SQLite.netmodule
 0001:00001580       ?System.Data.SQLite.SQLite3.get_SQLiteSourceId@@00000O 10002580 f   System.Data.SQLite.netmodule
 0001:00001598       ?System.Data.SQLite.SQLite3.get_SQLiteCompileOptions@@00000O 10002598 f   System.Data.SQLite.netmodule
 0001:000015f8       ?System.Data.SQLite.SQLite3.get_InteropVersion@@00000O 100025f8 f   System.Data.SQLite.netmodule
 0001:00001610       ?System.Data.SQLite.SQLite3.get_InteropSourceId@@00000O 10002610 f   System.Data.SQLite.netmodule
 0001:00001628       ?System.Data.SQLite.SQLite3.get_InteropCompileOptions@@00000O 10002628 f   System.Data.SQLite.netmodule
 0001:00001688       ?System.Data.SQLite.SQLite3.get_AutoCommit@@200002 10002688 f   System.Data.SQLite.netmodule
 0001:000016ac       ?System.Data.SQLite.SQLite3.IsReadOnly@@2001020O 100026ac f   System.Data.SQLite.netmodule
 0001:00001740       ?System.Data.SQLite.SQLite3.get_LastInsertRowId@@20000K 10002740 f   System.Data.SQLite.netmodule
 0001:00001760       ?System.Data.SQLite.SQLite3.get_Changes@@200008 10002760 f   System.Data.SQLite.netmodule
 0001:00001780       ?System.Data.SQLite.SQLite3.get_MemoryUsed@@20000K 10002780 f   System.Data.SQLite.netmodule
 0001:00001794       ?System.Data.SQLite.SQLite3.get_StaticMemoryUsed@@00000K 10002794 f   System.Data.SQLite.netmodule
 0001:000017a8       ?System.Data.SQLite.SQLite3.get_MemoryHighwater@@20000K 100027a8 f   System.Data.SQLite.netmodule
 0001:000017bc       ?System.Data.SQLite.SQLite3.get_StaticMemoryHighwater@@00000K 100027bc f   System.Data.SQLite.netmodule
 0001:000017d0       ?System.Data.SQLite.SQLite3.get_OwnHandle@@200002 100027d0 f   System.Data.SQLite.netmodule
 0001:000017fc       ?System.Data.SQLite.SQLite3.get_Functions@@20001512809102128160128128 100027fc f   System.Data.SQLite.netmodule
 0001:00001810       ?System.Data.SQLite.SQLite3.SetMemoryStatus@@200111812002 10002810 f   System.Data.SQLite.netmodule
 0001:00001824       ?System.Data.SQLite.SQLite3.StaticSetMemoryStatus@@000111812002 10002824 f   System.Data.SQLite.netmodule
 0001:00001840       ?System.Data.SQLite.SQLite3.ReleaseMemory@@2000118120 10002840 f   System.Data.SQLite.netmodule
 0001:00001860       ?System.Data.SQLite.SQLite3.StaticReleaseMemory@@0006118120080202100810021009 10002860 f   System.Data.SQLite.netmodule
 0001:000018bc       ?System.Data.SQLite.SQLite3.Shutdown@@2000118120 100028bc f   System.Data.SQLite.netmodule
 0001:000018d0       ?System.Data.SQLite.SQLite3.StaticShutdown@@000111812002 100028d0 f   System.Data.SQLite.netmodule
 0001:0000190c       ?System.Data.SQLite.SQLite3.IsOpen@@200002 1000290c f   System.Data.SQLite.netmodule
 0001:00001940       ?System.Data.SQLite.SQLite3.GetFileName@@20010O0O 10002940 f   System.Data.SQLite.netmodule
 0001:00001974       ?System.Data.SQLite.SQLite3.IsAllowedToUsePool@@0001021128 10002974 f   System.Data.SQLite.netmodule
 0001:00001988       ?System.Data.SQLite.SQLite3.Open@@2006010O0O112M11280802 10002988 f   System.Data.SQLite.netmodule
 0001:00001c18       ?System.Data.SQLite.SQLite3.ClearPool@@200001 10002c18 f   System.Data.SQLite.netmodule
 0001:00001c30       ?System.Data.SQLite.SQLite3.CountPool@@200008 10002c30 f   System.Data.SQLite.netmodule
 0001:00001c5c       ?System.Data.SQLite.SQLite3.SetTimeout@@20010108 10002c5c f   System.Data.SQLite.netmodule
 0001:00001ca4       ?System.Data.SQLite.SQLite3.Step@@200102128180 10002ca4 f   System.Data.SQLite.netmodule
 0001:00001d9c       ?System.Data.SQLite.SQLite3.GetErrorString@@00010O118120 10002d9c f   System.Data.SQLite.netmodule
 0001:00001e24       ?System.Data.SQLite.SQLite3.IsReadOnly@@200102128180 10002e24 f   System.Data.SQLite.netmodule
 0001:00001ea0       ?System.Data.SQLite.SQLite3.Reset@@2001118120128180 10002ea0 f   System.Data.SQLite.netmodule
 0001:00001f54       ?System.Data.SQLite.SQLite3.GetLastError@@20000O 10002f54 f   System.Data.SQLite.netmodule
 0001:00001f68       ?System.Data.SQLite.SQLite3.GetLastError@@20010O0O 10002f68 f   System.Data.SQLite.netmodule
 0001:00001f98       ?System.Data.SQLite.SQLite3.ForceLogPrepare@@000002 10002f98 f   System.Data.SQLite.netmodule
 0001:0000201c       ?System.Data.SQLite.SQLite3.Prepare@@200512818012780O12818009100O 1000301c f   System.Data.SQLite.netmodule
 0001:00002468       ?System.Data.SQLite.SQLite3.LogBind@@0002011281K808 10003468 f   System.Data.SQLite.netmodule
 0001:000024a8       ?System.Data.SQLite.SQLite3.LogBind@@0003011281K8081280K1 100034a8 f   System.Data.SQLite.netmodule
 0001:000024f8       ?System.Data.SQLite.SQLite3.FormatDateTime@@00010O1180K5 100034f8 f   System.Data.SQLite.netmodule
 0001:00002558       ?System.Data.SQLite.SQLite3.LogBind@@0003011281K8081180K5 10003558 f   System.Data.SQLite.netmodule
 0001:000025b0       ?System.Data.SQLite.SQLite3.LogBind@@0003011281K8080O 100035b0 f   System.Data.SQLite.netmodule
 0001:0000260c       ?System.Data.SQLite.SQLite3.ToHexadecimalString@@00010O1N05 1000360c f   System.Data.SQLite.netmodule
 0001:00002658       ?System.Data.SQLite.SQLite3.LogBind@@0003011281K8081N05 10003658 f   System.Data.SQLite.netmodule
 0001:000026b8       ?System.Data.SQLite.SQLite3.Bind_Double@@200401128180112M080N 100036b8 f   System.Data.SQLite.netmodule
 0001:00002708       ?System.Data.SQLite.SQLite3.Bind_Int32@@200401128180112M0808 10003708 f   System.Data.SQLite.netmodule
 0001:00002758       ?System.Data.SQLite.SQLite3.Bind_UInt32@@200401128180112M0809 10003758 f   System.Data.SQLite.netmodule
 0001:000027c8       ?System.Data.SQLite.SQLite3.Bind_Int64@@200401128180112M080K 100037c8 f   System.Data.SQLite.netmodule
 0001:00002818       ?System.Data.SQLite.SQLite3.Bind_UInt64@@200401128180112M080L 10003818 f   System.Data.SQLite.netmodule
 0001:00002868       ?System.Data.SQLite.SQLite3.Bind_Boolean@@200401128180112M0802 10003868 f   System.Data.SQLite.netmodule
 0001:000028c0       ?System.Data.SQLite.SQLite3.Bind_Text@@200401128180112M080O 100038c0 f   System.Data.SQLite.netmodule
 0001:00002934       ?System.Data.SQLite.SQLite3.Bind_DateTime@@200401128180112M081180K5 10003934 f   System.Data.SQLite.netmodule
 0001:00002b14       ?System.Data.SQLite.SQLite3.Bind_Blob@@200401128180112M081N05 10003b14 f   System.Data.SQLite.netmodule
 0001:00002b6c       ?System.Data.SQLite.SQLite3.Bind_Null@@200301128180112M08 10003b6c f   System.Data.SQLite.netmodule
 0001:00002bb4       ?System.Data.SQLite.SQLite3.Bind_ParamCount@@200208128180112M 10003bb4 f   System.Data.SQLite.netmodule
 0001:00002c18       ?System.Data.SQLite.SQLite3.Bind_ParamName@@20030O128180112M08 10003c18 f   System.Data.SQLite.netmodule
 0001:00002c8c       ?System.Data.SQLite.SQLite3.Bind_ParamIndex@@200308128180112M0O 10003c8c f   System.Data.SQLite.netmodule
 0001:00002cfc       ?System.Data.SQLite.SQLite3.ColumnCount@@200108128180 10003cfc f   System.Data.SQLite.netmodule
 0001:00002d1c       ?System.Data.SQLite.SQLite3.ColumnName@@20020O12818008 10003d1c f   System.Data.SQLite.netmodule
 0001:00002d60       ?System.Data.SQLite.SQLite3.ColumnAffinity@@20021180NM12818008 10003d60 f   System.Data.SQLite.netmodule
 0001:00002d80       ?System.Data.SQLite.SQLite3.ColumnType@@20030O12818008101180NM 10003d80 f   System.Data.SQLite.netmodule
 0001:00002df4       ?System.Data.SQLite.SQLite3.ColumnIndex@@2002081281800O 10003df4 f   System.Data.SQLite.netmodule
 0001:00002e2c       ?System.Data.SQLite.SQLite3.ColumnOriginalName@@20020O12818008 10003e2c f   System.Data.SQLite.netmodule
 0001:00002e54       ?System.Data.SQLite.SQLite3.ColumnDatabaseName@@20020O12818008 10003e54 f   System.Data.SQLite.netmodule
 0001:00002e7c       ?System.Data.SQLite.SQLite3.ColumnTableName@@20020O12818008 10003e7c f   System.Data.SQLite.netmodule
 0001:00002ea4       ?System.Data.SQLite.SQLite3.DoesTableExist@@2002020O0O 10003ea4 f   System.Data.SQLite.netmodule
 0001:00002ed0       ?System.Data.SQLite.SQLite3.ColumnMetaData@@2009020O0O0O02100O100O100210021002 10003ed0 f   System.Data.SQLite.netmodule
 0001:00002f70       ?System.Data.SQLite.SQLite3.GetObject@@20021M12818008 10003f70 f   System.Data.SQLite.netmodule
 0001:00003008       ?System.Data.SQLite.SQLite3.GetDouble@@20020N12818008 10004008 f   System.Data.SQLite.netmodule
 0001:00003028       ?System.Data.SQLite.SQLite3.GetBoolean@@20020212818008 10004028 f   System.Data.SQLite.netmodule
 0001:00003048       ?System.Data.SQLite.SQLite3.GetSByte@@20020412818008 10004048 f   System.Data.SQLite.netmodule
 0001:00003064       ?System.Data.SQLite.SQLite3.GetByte@@20020512818008 10004064 f   System.Data.SQLite.netmodule
 0001:00003080       ?System.Data.SQLite.SQLite3.GetInt16@@20020612818008 10004080 f   System.Data.SQLite.netmodule
 0001:0000309c       ?System.Data.SQLite.SQLite3.GetUInt16@@20020712818008 1000409c f   System.Data.SQLite.netmodule
 0001:000030b8       ?System.Data.SQLite.SQLite3.GetInt32@@20020812818008 100040b8 f   System.Data.SQLite.netmodule
 0001:000030d8       ?System.Data.SQLite.SQLite3.GetUInt32@@20020912818008 100040d8 f   System.Data.SQLite.netmodule
 0001:000030f0       ?System.Data.SQLite.SQLite3.GetInt64@@20020K12818008 100040f0 f   System.Data.SQLite.netmodule
 0001:00003110       ?System.Data.SQLite.SQLite3.GetUInt64@@20020L12818008 10004110 f   System.Data.SQLite.netmodule
 0001:00003128       ?System.Data.SQLite.SQLite3.GetText@@20020O12818008 10004128 f   System.Data.SQLite.netmodule
 0001:00003150       ?System.Data.SQLite.SQLite3.GetDateTime@@20021180K512818008 10004150 f   System.Data.SQLite.netmodule
 0001:000031d0       ?System.Data.SQLite.SQLite3.GetBytes@@20060K12818008081N050808 100041d0 f   System.Data.SQLite.netmodule
 0001:0000324c       ?System.Data.SQLite.SQLite3.GetChar@@20020312818008 1000424c f   System.Data.SQLite.netmodule
 0001:00003268       ?System.Data.SQLite.SQLite3.GetChars@@20060K12818008081N030808 10004268 f   System.Data.SQLite.netmodule
 0001:000032c4       ?System.Data.SQLite.SQLite3.IsNull@@20020212818008 100042c4 f   System.Data.SQLite.netmodule
 0001:000032dc       ?System.Data.SQLite.SQLite3.AggregateCount@@20010818 100042dc f   System.Data.SQLite.netmodule
 0001:000032f0       ?System.Data.SQLite.SQLite3.CreateFunction@@20071181200O080212814812814812814M02 100042f0 f   System.Data.SQLite.netmodule
 0001:0000336c       ?System.Data.SQLite.SQLite3.CreateCollation@@20041181200O12815012815002 1000436c f   System.Data.SQLite.netmodule
 0001:000033d0       ?System.Data.SQLite.SQLite3.ContextCollateCompare@@200408118158180O0O 100043d0 f   System.Data.SQLite.netmodule
 0001:0000342c       ?System.Data.SQLite.SQLite3.ContextCollateCompare@@200408118158181N031N03 1000442c f   System.Data.SQLite.netmodule
 0001:00003488       ?System.Data.SQLite.SQLite3.GetCollationSequence@@200211815M12812818 10004488 f   System.Data.SQLite.netmodule
 0001:000034d8       ?System.Data.SQLite.SQLite3.GetParamValueBytes@@20050K18081N050808 100044d8 f   System.Data.SQLite.netmodule
 0001:00003538       ?System.Data.SQLite.SQLite3.GetParamValueDouble@@20010N18 10004538 f   System.Data.SQLite.netmodule
 0001:0000354c       ?System.Data.SQLite.SQLite3.GetParamValueInt32@@20010818 1000454c f   System.Data.SQLite.netmodule
 0001:00003560       ?System.Data.SQLite.SQLite3.GetParamValueInt64@@20010K18 10004560 f   System.Data.SQLite.netmodule
 0001:00003574       ?System.Data.SQLite.SQLite3.GetParamValueText@@20010O18 10004574 f   System.Data.SQLite.netmodule
 0001:00003594       ?System.Data.SQLite.SQLite3.GetParamValueType@@20011180NM18 10004594 f   System.Data.SQLite.netmodule
 0001:000035a8       ?System.Data.SQLite.SQLite3.ReturnBlob@@200201181N05 100045a8 f   System.Data.SQLite.netmodule
 0001:000035c8       ?System.Data.SQLite.SQLite3.ReturnDouble@@200201180N 100045c8 f   System.Data.SQLite.netmodule
 0001:000035dc       ?System.Data.SQLite.SQLite3.ReturnError@@200201180O 100045dc f   System.Data.SQLite.netmodule
 0001:000035fc       ?System.Data.SQLite.SQLite3.ReturnInt32@@2002011808 100045fc f   System.Data.SQLite.netmodule
 0001:00003610       ?System.Data.SQLite.SQLite3.ReturnInt64@@200201180K 10004610 f   System.Data.SQLite.netmodule
 0001:00003624       ?System.Data.SQLite.SQLite3.ReturnNull@@20010118 10004624 f   System.Data.SQLite.netmodule
 0001:00003638       ?System.Data.SQLite.SQLite3.ReturnText@@200201180O 10004638 f   System.Data.SQLite.netmodule
 0001:00003664       ?System.Data.SQLite.SQLite3.GetShimExtensionFileName@@20010O1002 10004664 f   System.Data.SQLite.netmodule
 0001:000036a0       ?System.Data.SQLite.SQLite3.CreateModule@@200201128208112M 100046a0 f   System.Data.SQLite.netmodule
 0001:00003788       ?System.Data.SQLite.SQLite3.DisposeModule@@200201128208112M 10004788 f   System.Data.SQLite.netmodule
 0001:000037ac       ?System.Data.SQLite.SQLite3.AggregateContext@@20011818 100047ac f   System.Data.SQLite.netmodule
 0001:000037c0       ?System.Data.SQLite.SQLite3.DeclareVirtualTable@@20031181201282080O100O 100047c0 f   System.Data.SQLite.netmodule
 0001:00003850       ?System.Data.SQLite.SQLite3.DeclareVirtualFunction@@2004118120128208080O100O 10004850 f   System.Data.SQLite.netmodule
 0001:000038d4       ?System.Data.SQLite.SQLite3.GetStatusDbOpsNames@@00000O 100048d4 f   System.Data.SQLite.netmodule
 0001:00003934       ?System.Data.SQLite.SQLite3.GetConfigDbOpsNames@@00000O 10004934 f   System.Data.SQLite.netmodule
 0001:00003994       ?System.Data.SQLite.SQLite3.GetStatusParameter@@200411812011300210081008 10004994 f   System.Data.SQLite.netmodule
 0001:000039f8       ?System.Data.SQLite.SQLite3.SetConfigurationOption@@200211812011341M 100049f8 f   System.Data.SQLite.netmodule
 0001:00003cb8       ?System.Data.SQLite.SQLite3.SetLoadExtension@@20010102 10004cb8 f   System.Data.SQLite.netmodule
 0001:00003d10       ?System.Data.SQLite.SQLite3.LoadExtension@@2002010O0O 10004d10 f   System.Data.SQLite.netmodule
 0001:00003dc0       ?System.Data.SQLite.SQLite3.SetExtendedResultCodes@@20010102 10004dc0 f   System.Data.SQLite.netmodule
 0001:00003df8       ?System.Data.SQLite.SQLite3.ResultCode@@2000118120 10004df8 f   System.Data.SQLite.netmodule
 0001:00003e18       ?System.Data.SQLite.SQLite3.ExtendedResultCode@@2000118120 10004e18 f   System.Data.SQLite.netmodule
 0001:00003e38       ?System.Data.SQLite.SQLite3.LogMessage@@2002011181200O 10004e38 f   System.Data.SQLite.netmodule
 0001:00003e4c       ?System.Data.SQLite.SQLite3.StaticLogMessage@@0002011181200O 10004e4c f   System.Data.SQLite.netmodule
 0001:00003e68       ?System.Data.SQLite.SQLite3.SetPassword@@2001011N05 10004e68 f   System.Data.SQLite.netmodule
 0001:00003eac       ?System.Data.SQLite.SQLite3.ChangePassword@@2001011N05 10004eac f   System.Data.SQLite.netmodule
 0001:00003ef4       ?System.Data.SQLite.SQLite3.SetProgressHook@@20020108128080 10004ef4 f   System.Data.SQLite.netmodule
 0001:00003f18       ?System.Data.SQLite.SQLite3.SetAuthorizerHook@@200101128084 10004f18 f   System.Data.SQLite.netmodule
 0001:00003f3c       ?System.Data.SQLite.SQLite3.SetUpdateHook@@200101128088 10004f3c f   System.Data.SQLite.netmodule
 0001:00003f60       ?System.Data.SQLite.SQLite3.SetCommitHook@@20010112808M 10004f60 f   System.Data.SQLite.netmodule
 0001:00003f84       ?System.Data.SQLite.SQLite3.SetTraceCallback@@200101128090 10004f84 f   System.Data.SQLite.netmodule
 0001:00003fa8       ?System.Data.SQLite.SQLite3.SetTraceCallback2@@200201113M128094 10004fa8 f   System.Data.SQLite.netmodule
 0001:00003fd0       ?System.Data.SQLite.SQLite3.SetRollbackHook@@200101128098 10004fd0 f   System.Data.SQLite.netmodule
 0001:00003ff4       ?System.Data.SQLite.SQLite3.SetLogCallback@@20011181201210 10004ff4 f   System.Data.SQLite.netmodule
 0001:0000401c       ?System.Data.SQLite.SQLite3.AppendError@@0002011280850O 1000501c f   System.Data.SQLite.netmodule
 0001:00004038       ?System.Data.SQLite.SQLite3.UnhookNativeCallbacks@@2002020202 10005038 f   System.Data.SQLite.netmodule
 0001:00004208       ?System.Data.SQLite.SQLite3.FreeDbName@@20010202 10005208 f   System.Data.SQLite.netmodule
 0001:00004268       ?System.Data.SQLite.SQLite3.InitializeBackup@@2003121M12780O0O 10005268 f   System.Data.SQLite.netmodule
 0001:000043b8       ?System.Data.SQLite.SQLite3.StepBackup@@200302121M081002 100053b8 f   System.Data.SQLite.netmodule
 0001:00004440       ?System.Data.SQLite.SQLite3.RemainingBackup@@200108121M 10005440 f   System.Data.SQLite.netmodule
 0001:00004494       ?System.Data.SQLite.SQLite3.PageCountBackup@@200108121M 10005494 f   System.Data.SQLite.netmodule
 0001:000044e8       ?System.Data.SQLite.SQLite3.FinishBackup@@200101121M 100054e8 f   System.Data.SQLite.netmodule
 0001:0000455c       ?System.Data.SQLite.SQLite3.IsInitialized@@200002 1000555c f   System.Data.SQLite.netmodule
 0001:00004570       ?System.Data.SQLite.SQLite3.StaticIsInitialized@@000002 10005570 f   System.Data.SQLite.netmodule
 0001:000045f0       ?System.Data.SQLite.SQLite3.GetValue@@20041M128180112M08128100 100055f0 f   System.Data.SQLite.netmodule
 0001:00004860       ?System.Data.SQLite.SQLite3.GetCursorForTable@@2003081281800808 10005860 f   System.Data.SQLite.netmodule
 0001:00004880       ?System.Data.SQLite.SQLite3.GetRowIdForCursor@@20020K12818008 10005880 f   System.Data.SQLite.netmodule
 0001:000048ac       ?System.Data.SQLite.SQLite3.GetIndexColumnExtendedInfo@@2006010O0O0O10081008100O 100058ac f   System.Data.SQLite.netmodule
 0001:00004904       ?System.Data.SQLite.SQLite3.FileControl@@20031181200O0818 10005904 f   System.Data.SQLite.netmodule
 0001:00004930       ?System.Data.SQLite.SQLite3..cctor@@000001 10005930 f   System.Data.SQLite.netmodule
 0001:00004968       ?System.Data.SQLite.SQLite3_UTF16..ctor@@2006011180O411790O180O02 10005968 f   System.Data.SQLite.netmodule
 0001:00004984       ?System.Data.SQLite.SQLite3_UTF16.CheckDisposed@@200001 10005984 f   System.Data.SQLite.netmodule
 0001:000049b0       ?System.Data.SQLite.SQLite3_UTF16.Dispose@@20010102 100059b0 f   System.Data.SQLite.netmodule
 0001:000049f4       ?System.Data.SQLite.SQLite3_UTF16.ToString@@20020O1808 100059f4 f   System.Data.SQLite.netmodule
 0001:00004a10       ?System.Data.SQLite.SQLite3_UTF16.UTF16ToString@@00020O1808 10005a10 f   System.Data.SQLite.netmodule
 0001:00004a48       ?System.Data.SQLite.SQLite3_UTF16.Open@@2006010O0O112M11280802 10005a48 f   System.Data.SQLite.netmodule
 0001:00004cf4       ?System.Data.SQLite.SQLite3_UTF16.Bind_DateTime@@200401128180112M081180K5 10005cf4 f   System.Data.SQLite.netmodule
 0001:00004d5c       ?System.Data.SQLite.SQLite3_UTF16.Bind_Text@@200401128180112M080O 10005d5c f   System.Data.SQLite.netmodule
 0001:00004db0       ?System.Data.SQLite.SQLite3_UTF16.GetDateTime@@20021180K512818008 10005db0 f   System.Data.SQLite.netmodule
 0001:00004e24       ?System.Data.SQLite.SQLite3_UTF16.ColumnName@@20020O12818008 10005e24 f   System.Data.SQLite.netmodule
 0001:00004e68       ?System.Data.SQLite.SQLite3_UTF16.GetText@@20020O12818008 10005e68 f   System.Data.SQLite.netmodule
 0001:00004e90       ?System.Data.SQLite.SQLite3_UTF16.ColumnOriginalName@@20020O12818008 10005e90 f   System.Data.SQLite.netmodule
 0001:00004eb8       ?System.Data.SQLite.SQLite3_UTF16.ColumnDatabaseName@@20020O12818008 10005eb8 f   System.Data.SQLite.netmodule
 0001:00004ee0       ?System.Data.SQLite.SQLite3_UTF16.ColumnTableName@@20020O12818008 10005ee0 f   System.Data.SQLite.netmodule
 0001:00004f08       ?System.Data.SQLite.SQLite3_UTF16.GetParamValueText@@20010O18 10005f08 f   System.Data.SQLite.netmodule
 0001:00004f28       ?System.Data.SQLite.SQLite3_UTF16.ReturnError@@200201180O 10005f28 f   System.Data.SQLite.netmodule
 0001:00004f44       ?System.Data.SQLite.SQLite3_UTF16.ReturnText@@200201180O 10005f44 f   System.Data.SQLite.netmodule
 0001:00004f68       ?System.Data.SQLite.SQLiteBackup..ctor@@20060112201281KM181N05181N05 10005f68 f   System.Data.SQLite.netmodule
 0001:00004fa8       ?System.Data.SQLite.SQLiteBackup.Dispose@@200001 10005fa8 f   System.Data.SQLite.netmodule
 0001:00004fc4       ?System.Data.SQLite.SQLiteBackup.CheckDisposed@@200001 10005fc4 f   System.Data.SQLite.netmodule
 0001:00004ff0       ?System.Data.SQLite.SQLiteBackup.Dispose@@20010102 10005ff0 f   System.Data.SQLite.netmodule
 0001:00005054       ?System.Data.SQLite.SQLiteBackup.Finalize@@200001 10006054 f   System.Data.SQLite.netmodule
 0001:00005090       ?System.Data.SQLite.SQLiteBase..ctor@@2003011180O411790O 10006090 f   System.Data.SQLite.netmodule
 0001:000050a8       ?System.Data.SQLite.SQLiteBase.Dispose@@200001 100060a8 f   System.Data.SQLite.netmodule
 0001:000050c4       ?System.Data.SQLite.SQLiteBase.CheckDisposed@@200001 100060c4 f   System.Data.SQLite.netmodule
 0001:000050f0       ?System.Data.SQLite.SQLiteBase.Dispose@@20010102 100060f0 f   System.Data.SQLite.netmodule
 0001:0000510c       ?System.Data.SQLite.SQLiteBase.Finalize@@200001 1000610c f   System.Data.SQLite.netmodule
 0001:00005148       ?System.Data.SQLite.SQLiteBase.FallbackGetErrorString@@00010O118120 10006148 f   System.Data.SQLite.netmodule
 0001:000051a4       ?System.Data.SQLite.SQLiteBase.GetLastError@@00020O1281K418 100061a4 f   System.Data.SQLite.netmodule
 0001:00005248       ?System.Data.SQLite.SQLiteBase.FinishBackup@@0002011281K418 10006248 f   System.Data.SQLite.netmodule
 0001:000052c8       ?System.Data.SQLite.SQLiteBase.CloseBlob@@0002011281K418 100062c8 f   System.Data.SQLite.netmodule
 0001:00005348       ?System.Data.SQLite.SQLiteBase.FinalizeStatement@@0002011281K418 10006348 f   System.Data.SQLite.netmodule
 0001:000053c8       ?System.Data.SQLite.SQLiteBase.CloseConnection@@0002011281K418 100063c8 f   System.Data.SQLite.netmodule
 0001:00005450       ?System.Data.SQLite.SQLiteBase.CloseConnectionV2@@0002011281K418 10006450 f   System.Data.SQLite.netmodule
 0001:000054d8       ?System.Data.SQLite.SQLiteBase.ResetConnection@@0003021281K41802 100064d8 f   System.Data.SQLite.netmodule
 0001:00005604       ?System.Data.SQLite.SQLiteBase.IsAutocommit@@0002021281K418 10006604 f   System.Data.SQLite.netmodule
 0001:00005698       ?System.Data.SQLite.SQLiteBase..cctor@@000001 10006698 f   System.Data.SQLite.netmodule
 0001:000057b0       ?System.Data.SQLite.SQLiteBlob..ctor@@20020112201281L0 100067b0 f   System.Data.SQLite.netmodule
 0001:000057d4       ?System.Data.SQLite.SQLiteBlob.Create@@000312401281140802 100067d4 f   System.Data.SQLite.netmodule
 0001:00005834       ?System.Data.SQLite.SQLiteBlob.Create@@0006124012780O0O0O0K02 10006834 f   System.Data.SQLite.netmodule
 0001:00005934       ?System.Data.SQLite.SQLiteBlob.CheckOpen@@200001 10006934 f   System.Data.SQLite.netmodule
 0001:00005964       ?System.Data.SQLite.SQLiteBlob.VerifyParameters@@2003011N050808 10006964 f   System.Data.SQLite.netmodule
 0001:000059b0       ?System.Data.SQLite.SQLiteBlob.Reopen@@2001010K 100069b0 f   System.Data.SQLite.netmodule
 0001:000059ec       ?System.Data.SQLite.SQLiteBlob.GetCount@@200008 100069ec f   System.Data.SQLite.netmodule
 0001:00005a18       ?System.Data.SQLite.SQLiteBlob.Read@@2003011N050808 10006a18 f   System.Data.SQLite.netmodule
 0001:00005a5c       ?System.Data.SQLite.SQLiteBlob.Write@@2003011N050808 10006a5c f   System.Data.SQLite.netmodule
 0001:00005aa0       ?System.Data.SQLite.SQLiteBlob.Close@@200001 10006aa0 f   System.Data.SQLite.netmodule
 0001:00005ab4       ?System.Data.SQLite.SQLiteBlob.Dispose@@200001 10006ab4 f   System.Data.SQLite.netmodule
 0001:00005ad0       ?System.Data.SQLite.SQLiteBlob.CheckDisposed@@200001 10006ad0 f   System.Data.SQLite.netmodule
 0001:00005afc       ?System.Data.SQLite.SQLiteBlob.Dispose@@20010102 10006afc f   System.Data.SQLite.netmodule
 0001:00005b3c       ?System.Data.SQLite.SQLiteBlob.Finalize@@200001 10006b3c f   System.Data.SQLite.netmodule
 0001:00005b78       ?System.Data.SQLite.SQLiteCommand..ctor@@200001 10006b78 f   System.Data.SQLite.netmodule
 0001:00005b90       ?System.Data.SQLite.SQLiteCommand..ctor@@2001010O 10006b90 f   System.Data.SQLite.netmodule
 0001:00005ba8       ?System.Data.SQLite.SQLiteCommand..ctor@@2002010O1278 10006ba8 f   System.Data.SQLite.netmodule
 0001:00005bc0       ?System.Data.SQLite.SQLiteCommand..ctor@@2001011278 10006bc0 f   System.Data.SQLite.netmodule
 0001:00005bd8       ?System.Data.SQLite.SQLiteCommand..ctor@@2001011244 10006bd8 f   System.Data.SQLite.netmodule
 0001:00005c84       ?System.Data.SQLite.SQLiteCommand..ctor@@2003010O1278128184 10006c84 f   System.Data.SQLite.netmodule
 0001:00005cf8       ?System.Data.SQLite.SQLiteCommand.Check@@0001011244 10006cf8 f   System.Data.SQLite.netmodule
 0001:00005d1c       ?System.Data.SQLite.SQLiteCommand.CheckDisposed@@200001 10006d1c f   System.Data.SQLite.netmodule
 0001:00005d48       ?System.Data.SQLite.SQLiteCommand.Dispose@@20010102 10006d48 f   System.Data.SQLite.netmodule
 0001:00005e34       ?System.Data.SQLite.SQLiteCommand.GetFlags@@0001112M1244 10006e34 f   System.Data.SQLite.netmodule
 0001:00005e84       ?System.Data.SQLite.SQLiteCommand.DisposeStatements@@200001 10006e84 f   System.Data.SQLite.netmodule
 0001:00005ed0       ?System.Data.SQLite.SQLiteCommand.ClearDataReader@@200001 10006ed0 f   System.Data.SQLite.netmodule
 0001:00005f2c       ?System.Data.SQLite.SQLiteCommand.ClearCommands@@200001 10006f2c f   System.Data.SQLite.netmodule
 0001:00005f50       ?System.Data.SQLite.SQLiteCommand.BuildNextCommand@@2000128180 10006f50 f   System.Data.SQLite.netmodule
 0001:00006074       ?System.Data.SQLite.SQLiteCommand.GetStatement@@200112818008 10007074 f   System.Data.SQLite.netmodule
 0001:000060c8       ?System.Data.SQLite.SQLiteCommand.Cancel@@200001 100070c8 f   System.Data.SQLite.netmodule
 0001:00006100       ?System.Data.SQLite.SQLiteCommand.get_CommandText@@20000O 10007100 f   System.Data.SQLite.netmodule
 0001:0000611c       ?System.Data.SQLite.SQLiteCommand.set_CommandText@@2001010O 1000711c f   System.Data.SQLite.netmodule
 0001:00006174       ?System.Data.SQLite.SQLiteCommand.get_CommandTimeout@@200008 10007174 f   System.Data.SQLite.netmodule
 0001:00006190       ?System.Data.SQLite.SQLiteCommand.set_CommandTimeout@@20010108 10007190 f   System.Data.SQLite.netmodule
 0001:000061ac       ?System.Data.SQLite.SQLiteCommand.get_CommandType@@20001180P1 100071ac f   System.Data.SQLite.netmodule
 0001:000061c0       ?System.Data.SQLite.SQLiteCommand.set_CommandType@@2001011180P1 100071c0 f   System.Data.SQLite.netmodule
 0001:000061e0       ?System.Data.SQLite.SQLiteCommand.CreateDbParameter@@20001280P5 100071e0 f   System.Data.SQLite.netmodule
 0001:000061f4       ?System.Data.SQLite.SQLiteCommand.CreateParameter@@2000128178 100071f4 f   System.Data.SQLite.netmodule
 0001:00006210       ?System.Data.SQLite.SQLiteCommand.get_Connection@@20001278 10007210 f   System.Data.SQLite.netmodule
 0001:0000622c       ?System.Data.SQLite.SQLiteCommand.set_Connection@@2001011278 1000722c f   System.Data.SQLite.netmodule
 0001:00006290       ?System.Data.SQLite.SQLiteCommand.get_DbConnection@@20001280P9 10007290 f   System.Data.SQLite.netmodule
 0001:000062a4       ?System.Data.SQLite.SQLiteCommand.set_DbConnection@@2001011280P9 100072a4 f   System.Data.SQLite.netmodule
 0001:000062c0       ?System.Data.SQLite.SQLiteCommand.get_Parameters@@200012817M 100072c0 f   System.Data.SQLite.netmodule
 0001:000062dc       ?System.Data.SQLite.SQLiteCommand.get_DbParameterCollection@@20001280PN 100072dc f   System.Data.SQLite.netmodule
 0001:000062f0       ?System.Data.SQLite.SQLiteCommand.get_Transaction@@2000128184 100072f0 f   System.Data.SQLite.netmodule
 0001:0000630c       ?System.Data.SQLite.SQLiteCommand.set_Transaction@@200101128184 1000730c f   System.Data.SQLite.netmodule
 0001:00006384       ?System.Data.SQLite.SQLiteCommand.get_DbTransaction@@2000128101 10007384 f   System.Data.SQLite.netmodule
 0001:00006398       ?System.Data.SQLite.SQLiteCommand.set_DbTransaction@@200101128101 10007398 f   System.Data.SQLite.netmodule
 0001:000063b4       ?System.Data.SQLite.SQLiteCommand.VerifyOnly@@200001 100073b4 f   System.Data.SQLite.netmodule
 0001:000064c8       ?System.Data.SQLite.SQLiteCommand.InitializeForReader@@200001 100074c8 f   System.Data.SQLite.netmodule
 0001:00006558       ?System.Data.SQLite.SQLiteCommand.ExecuteDbDataReader@@200112810911810N 10007558 f   System.Data.SQLite.netmodule
 0001:0000656c       ?System.Data.SQLite.SQLiteCommand.Execute@@00041M0O1180P00O1N1M 1000756c f   System.Data.SQLite.netmodule
 0001:00006584       ?System.Data.SQLite.SQLiteCommand.Execute@@00051M0O1180P011810N0O1N1M 10007584 f   System.Data.SQLite.netmodule
 0001:00006708       ?System.Data.SQLite.SQLiteCommand.ExecuteReader@@200112811411810N 10007708 f   System.Data.SQLite.netmodule
 0001:00006738       ?System.Data.SQLite.SQLiteCommand.ExecuteReader@@2000128114 10007738 f   System.Data.SQLite.netmodule
 0001:00006754       ?System.Data.SQLite.SQLiteCommand.ResetDataReader@@200001 10007754 f   System.Data.SQLite.netmodule
 0001:00006768       ?System.Data.SQLite.SQLiteCommand.ExecuteNonQuery@@200008 10007768 f   System.Data.SQLite.netmodule
 0001:00006784       ?System.Data.SQLite.SQLiteCommand.ExecuteNonQuery@@20010811810N 10007784 f   System.Data.SQLite.netmodule
 0001:000067dc       ?System.Data.SQLite.SQLiteCommand.ExecuteScalar@@20001M 100077dc f   System.Data.SQLite.netmodule
 0001:000067f8       ?System.Data.SQLite.SQLiteCommand.ExecuteScalar@@20011M11810N 100077f8 f   System.Data.SQLite.netmodule
 0001:00006860       ?System.Data.SQLite.SQLiteCommand.Reset@@200001 10007860 f   System.Data.SQLite.netmodule
 0001:0000687c       ?System.Data.SQLite.SQLiteCommand.Reset@@2002010202 1000787c f   System.Data.SQLite.netmodule
 0001:00006954       ?System.Data.SQLite.SQLiteCommand.Prepare@@200001 10007954 f   System.Data.SQLite.netmodule
 0001:00006968       ?System.Data.SQLite.SQLiteCommand.get_UpdatedRowSource@@20001180N9 10007968 f   System.Data.SQLite.netmodule
 0001:00006984       ?System.Data.SQLite.SQLiteCommand.set_UpdatedRowSource@@2001011180N9 10007984 f   System.Data.SQLite.netmodule
 0001:000069a0       ?System.Data.SQLite.SQLiteCommand.get_DesignTimeVisible@@200002 100079a0 f   System.Data.SQLite.netmodule
 0001:000069bc       ?System.Data.SQLite.SQLiteCommand.set_DesignTimeVisible@@20010102 100079bc f   System.Data.SQLite.netmodule
 0001:000069dc       ?System.Data.SQLite.SQLiteCommand.Clone@@20001M 100079dc f   System.Data.SQLite.netmodule
 0001:000069f8       ?System.Data.SQLite.SQLiteCommand..cctor@@000001 100079f8 f   System.Data.SQLite.netmodule
 0001:00006a10       ?System.Data.SQLite.SQLiteCommandBuilder..ctor@@200001 10007a10 f   System.Data.SQLite.netmodule
 0001:00006a24       ?System.Data.SQLite.SQLiteCommandBuilder..ctor@@200101128110 10007a24 f   System.Data.SQLite.netmodule
 0001:00006a54       ?System.Data.SQLite.SQLiteCommandBuilder.CheckDisposed@@200001 10007a54 f   System.Data.SQLite.netmodule
 0001:00006a80       ?System.Data.SQLite.SQLiteCommandBuilder.Dispose@@20010102 10007a80 f   System.Data.SQLite.netmodule
 0001:00006ac4       ?System.Data.SQLite.SQLiteCommandBuilder.ApplyParameterInfo@@2004011280P512814111814502 10007ac4 f   System.Data.SQLite.netmodule
 0001:00006aec       ?System.Data.SQLite.SQLiteCommandBuilder.GetParameterName@@20010O0O 10007aec f   System.Data.SQLite.netmodule
 0001:00006b14       ?System.Data.SQLite.SQLiteCommandBuilder.GetParameterName@@20010O08 10007b14 f   System.Data.SQLite.netmodule
 0001:00006b40       ?System.Data.SQLite.SQLiteCommandBuilder.GetParameterPlaceholder@@20010O08 10007b40 f   System.Data.SQLite.netmodule
 0001:00006b54       ?System.Data.SQLite.SQLiteCommandBuilder.SetRowUpdatingHandler@@200101128149 10007b54 f   System.Data.SQLite.netmodule
 0001:00006b9c       ?System.Data.SQLite.SQLiteCommandBuilder.RowUpdatingEventHandler@@2002011M12814N 10007b9c f   System.Data.SQLite.netmodule
 0001:00006bb0       ?System.Data.SQLite.SQLiteCommandBuilder.get_DataAdapter@@2000128110 10007bb0 f   System.Data.SQLite.netmodule
 0001:00006bd0       ?System.Data.SQLite.SQLiteCommandBuilder.set_DataAdapter@@200101128110 10007bd0 f   System.Data.SQLite.netmodule
 0001:00006bec       ?System.Data.SQLite.SQLiteCommandBuilder.GetDeleteCommand@@20001244 10007bec f   System.Data.SQLite.netmodule
 0001:00006c0c       ?System.Data.SQLite.SQLiteCommandBuilder.GetDeleteCommand@@2001124402 10007c0c f   System.Data.SQLite.netmodule
 0001:00006c2c       ?System.Data.SQLite.SQLiteCommandBuilder.GetUpdateCommand@@20001244 10007c2c f   System.Data.SQLite.netmodule
 0001:00006c4c       ?System.Data.SQLite.SQLiteCommandBuilder.GetUpdateCommand@@2001124402 10007c4c f   System.Data.SQLite.netmodule
 0001:00006c6c       ?System.Data.SQLite.SQLiteCommandBuilder.GetInsertCommand@@20001244 10007c6c f   System.Data.SQLite.netmodule
 0001:00006c8c       ?System.Data.SQLite.SQLiteCommandBuilder.GetInsertCommand@@2001124402 10007c8c f   System.Data.SQLite.netmodule
 0001:00006cac       ?System.Data.SQLite.SQLiteCommandBuilder.get_CatalogLocation@@2000118151 10007cac f   System.Data.SQLite.netmodule
 0001:00006cc8       ?System.Data.SQLite.SQLiteCommandBuilder.set_CatalogLocation@@200101118151 10007cc8 f   System.Data.SQLite.netmodule
 0001:00006ce4       ?System.Data.SQLite.SQLiteCommandBuilder.get_CatalogSeparator@@20000O 10007ce4 f   System.Data.SQLite.netmodule
 0001:00006d00       ?System.Data.SQLite.SQLiteCommandBuilder.set_CatalogSeparator@@2001010O 10007d00 f   System.Data.SQLite.netmodule
 0001:00006d1c       ?System.Data.SQLite.SQLiteCommandBuilder.get_QuotePrefix@@20000O 10007d1c f   System.Data.SQLite.netmodule
 0001:00006d38       ?System.Data.SQLite.SQLiteCommandBuilder.set_QuotePrefix@@2001010O 10007d38 f   System.Data.SQLite.netmodule
 0001:00006d54       ?System.Data.SQLite.SQLiteCommandBuilder.get_QuoteSuffix@@20000O 10007d54 f   System.Data.SQLite.netmodule
 0001:00006d70       ?System.Data.SQLite.SQLiteCommandBuilder.set_QuoteSuffix@@2001010O 10007d70 f   System.Data.SQLite.netmodule
 0001:00006d8c       ?System.Data.SQLite.SQLiteCommandBuilder.QuoteIdentifier@@20010O0O 10007d8c f   System.Data.SQLite.netmodule
 0001:00006df4       ?System.Data.SQLite.SQLiteCommandBuilder.UnquoteIdentifier@@20010O0O 10007df4 f   System.Data.SQLite.netmodule
 0001:00006e98       ?System.Data.SQLite.SQLiteCommandBuilder.get_SchemaSeparator@@20000O 10007e98 f   System.Data.SQLite.netmodule
 0001:00006eb4       ?System.Data.SQLite.SQLiteCommandBuilder.set_SchemaSeparator@@2001010O 10007eb4 f   System.Data.SQLite.netmodule
 0001:00006ed0       ?System.Data.SQLite.SQLiteCommandBuilder.GetSchemaTable@@20011281551280MN 10007ed0 f   System.Data.SQLite.netmodule
 0001:00006f28       ?System.Data.SQLite.SQLiteCommandBuilder.HasSchemaPrimaryKey@@200102128155 10007f28 f   System.Data.SQLite.netmodule
 0001:00006fac       ?System.Data.SQLite.SQLiteCommandBuilder.ResetIsUniqueSchemaColumn@@200101128155 10007fac f   System.Data.SQLite.netmodule
 0001:00007050       ?System.Data.SQLite.SQLiteDataReaderValue..ctor@@200001 10008050 f   System.Data.SQLite.netmodule
 0001:00007064       ?System.Data.SQLite.SQLiteReadEventArgs..ctor@@200001 10008064 f   System.Data.SQLite.netmodule
 0001:00007078       ?System.Data.SQLite.SQLiteReadBlobEventArgs..ctor@@20010102 10008078 f   System.Data.SQLite.netmodule
 0001:00007094       ?System.Data.SQLite.SQLiteReadBlobEventArgs.get_ReadOnly@@200002 10008094 f   System.Data.SQLite.netmodule
 0001:000070a8       ?System.Data.SQLite.SQLiteReadBlobEventArgs.set_ReadOnly@@20010102 100080a8 f   System.Data.SQLite.netmodule
 0001:000070bc       ?System.Data.SQLite.SQLiteReadArrayEventArgs..ctor@@2004010K1N050808 100080bc f   System.Data.SQLite.netmodule
 0001:000070ec       ?System.Data.SQLite.SQLiteReadArrayEventArgs..ctor@@2004010K1N030808 100080ec f   System.Data.SQLite.netmodule
 0001:0000711c       ?System.Data.SQLite.SQLiteReadArrayEventArgs.get_DataOffset@@20000K 1000811c f   System.Data.SQLite.netmodule
 0001:00007130       ?System.Data.SQLite.SQLiteReadArrayEventArgs.set_DataOffset@@2001010K 10008130 f   System.Data.SQLite.netmodule
 0001:00007144       ?System.Data.SQLite.SQLiteReadArrayEventArgs.get_ByteBuffer@@20001N05 10008144 f   System.Data.SQLite.netmodule
 0001:00007158       ?System.Data.SQLite.SQLiteReadArrayEventArgs.get_CharBuffer@@20001N03 10008158 f   System.Data.SQLite.netmodule
 0001:0000716c       ?System.Data.SQLite.SQLiteReadArrayEventArgs.get_BufferOffset@@200008 1000816c f   System.Data.SQLite.netmodule
 0001:00007180       ?System.Data.SQLite.SQLiteReadArrayEventArgs.set_BufferOffset@@20010108 10008180 f   System.Data.SQLite.netmodule
 0001:00007194       ?System.Data.SQLite.SQLiteReadArrayEventArgs.get_Length@@200008 10008194 f   System.Data.SQLite.netmodule
 0001:000071a8       ?System.Data.SQLite.SQLiteReadArrayEventArgs.set_Length@@20010108 100081a8 f   System.Data.SQLite.netmodule
 0001:000071bc       ?System.Data.SQLite.SQLiteReadValueEventArgs..ctor@@2003010O1250124M 100081bc f   System.Data.SQLite.netmodule
 0001:000071e4       ?System.Data.SQLite.SQLiteReadValueEventArgs.get_MethodName@@20000O 100081e4 f   System.Data.SQLite.netmodule
 0001:000071f8       ?System.Data.SQLite.SQLiteReadValueEventArgs.get_ExtraEventArgs@@20001250 100081f8 f   System.Data.SQLite.netmodule
 0001:0000720c       ?System.Data.SQLite.SQLiteReadValueEventArgs.get_Value@@2000124M 1000820c f   System.Data.SQLite.netmodule
 0001:00007220       ?System.Data.SQLite.SQLiteTypeCallbacks..ctor@@200401126012641M1M 10008220 f   System.Data.SQLite.netmodule
 0001:00007250       ?System.Data.SQLite.SQLiteTypeCallbacks.Create@@00041268126012641M1M 10008250 f   System.Data.SQLite.netmodule
 0001:00007268       ?System.Data.SQLite.SQLiteTypeCallbacks.get_TypeName@@20000O 10008268 f   System.Data.SQLite.netmodule
 0001:0000727c       ?System.Data.SQLite.SQLiteTypeCallbacks.set_TypeName@@2001010O 1000827c f   System.Data.SQLite.netmodule
 0001:00007290       ?System.Data.SQLite.SQLiteTypeCallbacks.get_BindValueCallback@@20001260 10008290 f   System.Data.SQLite.netmodule
 0001:000072a4       ?System.Data.SQLite.SQLiteTypeCallbacks.get_ReadValueCallback@@20001264 100082a4 f   System.Data.SQLite.netmodule
 0001:000072b8       ?System.Data.SQLite.SQLiteTypeCallbacks.get_BindValueUserData@@20001M 100082b8 f   System.Data.SQLite.netmodule
 0001:000072cc       ?System.Data.SQLite.SQLiteTypeCallbacks.get_ReadValueUserData@@20001M 100082cc f   System.Data.SQLite.netmodule
 0001:000072e0       ?System.Data.SQLite.SQLiteTypeCallbacksMap..ctor@@200001 100082e0 f   System.Data.SQLite.netmodule
 0001:000072f8       ?System.Data.SQLite.ConnectionEventArgs..ctor@@2008011180O012816N1281711281751281591281790O1M 100082f8 f   System.Data.SQLite.netmodule
 0001:00007348       ?System.Data.SQLite.SQLiteConnection.add__handlers@@0001011274 10008348 f   System.Data.SQLite.netmodule
 0001:0000737c       ?System.Data.SQLite.SQLiteConnection.remove__handlers@@0001011274 1000837c f   System.Data.SQLite.netmodule
 0001:000073b0       ?System.Data.SQLite.SQLiteConnection.add__progressHandler@@20010112809M 100083b0 f   System.Data.SQLite.netmodule
 0001:000073e8       ?System.Data.SQLite.SQLiteConnection.remove__progressHandler@@20010112809M 100083e8 f   System.Data.SQLite.netmodule
 0001:00007420       ?System.Data.SQLite.SQLiteConnection.add__authorizerHandler@@2001011280K0 10008420 f   System.Data.SQLite.netmodule
 0001:00007458       ?System.Data.SQLite.SQLiteConnection.remove__authorizerHandler@@2001011280K0 10008458 f   System.Data.SQLite.netmodule
 0001:00007490       ?System.Data.SQLite.SQLiteConnection.add__updateHandler@@2001011280K8 10008490 f   System.Data.SQLite.netmodule
 0001:000074c8       ?System.Data.SQLite.SQLiteConnection.remove__updateHandler@@2001011280K8 100084c8 f   System.Data.SQLite.netmodule
 0001:00007500       ?System.Data.SQLite.SQLiteConnection.add__commitHandler@@2001011280K4 10008500 f   System.Data.SQLite.netmodule
 0001:00007538       ?System.Data.SQLite.SQLiteConnection.remove__commitHandler@@2001011280K4 10008538 f   System.Data.SQLite.netmodule
 0001:00007570       ?System.Data.SQLite.SQLiteConnection.add__traceHandler@@2001011280KM 10008570 f   System.Data.SQLite.netmodule
 0001:000075a8       ?System.Data.SQLite.SQLiteConnection.remove__traceHandler@@2001011280KM 100085a8 f   System.Data.SQLite.netmodule
 0001:000075e0       ?System.Data.SQLite.SQLiteConnection.add__rollbackHandler@@20010112817N 100085e0 f   System.Data.SQLite.netmodule
 0001:00007618       ?System.Data.SQLite.SQLiteConnection.remove__rollbackHandler@@20010112817N 10008618 f   System.Data.SQLite.netmodule
 0001:00007650       ?System.Data.SQLite.SQLiteConnection.GetDefaultCatalogName@@00000O 10008650 f   System.Data.SQLite.netmodule
 0001:00007664       ?System.Data.SQLite.SQLiteConnection.IsDefaultCatalogName@@0001020O 10008664 f   System.Data.SQLite.netmodule
 0001:00007680       ?System.Data.SQLite.SQLiteConnection.GetTemporaryCatalogName@@00000O 10008680 f   System.Data.SQLite.netmodule
 0001:00007694       ?System.Data.SQLite.SQLiteConnection.IsTemporaryCatalogName@@0001020O 10008694 f   System.Data.SQLite.netmodule
 0001:000076b0       ?System.Data.SQLite.SQLiteConnection.GetMasterTableName@@00010O02 100086b0 f   System.Data.SQLite.netmodule
 0001:000076cc       ?System.Data.SQLite.SQLiteConnection.add_StateChange@@200101128181 100086cc f   System.Data.SQLite.netmodule
 0001:00007704       ?System.Data.SQLite.SQLiteConnection.remove_StateChange@@200101128181 10008704 f   System.Data.SQLite.netmodule
 0001:0000773c       ?System.Data.SQLite.SQLiteConnection..ctor@@200001 1000873c f   System.Data.SQLite.netmodule
 0001:00007750       ?System.Data.SQLite.SQLiteConnection..ctor@@2001010O 10008750 f   System.Data.SQLite.netmodule
 0001:00007768       ?System.Data.SQLite.SQLiteConnection..ctor@@200301180O02 10008768 f   System.Data.SQLite.netmodule
 0001:000077b4       ?System.Data.SQLite.SQLiteConnection..ctor@@2002010O02 100087b4 f   System.Data.SQLite.netmodule
 0001:00007870       ?System.Data.SQLite.SQLiteConnection..ctor@@2001011278 10008870 f   System.Data.SQLite.netmodule
 0001:000079ac       ?System.Data.SQLite.SQLiteConnection.GetNativeHandle@@00011281K41278 100089ac f   System.Data.SQLite.netmodule
 0001:00007a10       ?System.Data.SQLite.SQLiteConnection.OnChanged@@00020112781270 10008a10 f   System.Data.SQLite.netmodule
 0001:00007a88       ?System.Data.SQLite.SQLiteConnection.add_Changed@@0001011274 10008a88 f   System.Data.SQLite.netmodule
 0001:00007adc       ?System.Data.SQLite.SQLiteConnection.remove_Changed@@0001011274 10008adc f   System.Data.SQLite.netmodule
 0001:00007b28       ?System.Data.SQLite.SQLiteConnection.get_ConnectionPool@@00001280MM 10008b28 f   System.Data.SQLite.netmodule
 0001:00007b3c       ?System.Data.SQLite.SQLiteConnection.set_ConnectionPool@@0001011280MM 10008b3c f   System.Data.SQLite.netmodule
 0001:00007b50       ?System.Data.SQLite.SQLiteConnection.CreateHandle@@00011M18 10008b50 f   System.Data.SQLite.netmodule
 0001:00007bc8       ?System.Data.SQLite.SQLiteConnection.BackupDatabase@@20060112780O0O081280L008 10008bc8 f   System.Data.SQLite.netmodule
 0001:00007d0c       ?System.Data.SQLite.SQLiteConnection.ClearCachedSettings@@200008 10008d0c f   System.Data.SQLite.netmodule
 0001:00007d44       ?System.Data.SQLite.SQLiteConnection.TryGetCachedSetting@@2003020O1M101M 10008d44 f   System.Data.SQLite.netmodule
 0001:00007d70       ?System.Data.SQLite.SQLiteConnection.SetCachedSetting@@2002010O1M 10008d70 f   System.Data.SQLite.netmodule
 0001:00007d98       ?System.Data.SQLite.SQLiteConnection.ClearTypeMappings@@200008 10008d98 f   System.Data.SQLite.netmodule
 0001:00007dc4       ?System.Data.SQLite.SQLiteConnection.GetTypeMappings@@2000151271020O1M 10008dc4 f   System.Data.SQLite.netmodule
 0001:00007ea0       ?System.Data.SQLite.SQLiteConnection.AddTypeMapping@@2003080O11818502 10008ea0 f   System.Data.SQLite.netmodule
 0001:00007f2c       ?System.Data.SQLite.SQLiteConnection.ClearTypeCallbacks@@200008 10008f2c f   System.Data.SQLite.netmodule
 0001:00007f64       ?System.Data.SQLite.SQLiteConnection.TryGetTypeCallbacks@@2002020O101268 10008f64 f   System.Data.SQLite.netmodule
 0001:00007fa0       ?System.Data.SQLite.SQLiteConnection.SetTypeCallbacks@@2002020O1268 10008fa0 f   System.Data.SQLite.netmodule
 0001:00007ff0       ?System.Data.SQLite.SQLiteConnection.BindFunction@@200201128160128128 10008ff0 f   System.Data.SQLite.netmodule
 0001:0000802c       ?System.Data.SQLite.SQLiteConnection.BindFunction@@20030112816012819N12819N 1000902c f   System.Data.SQLite.netmodule
 0001:0000806c       ?System.Data.SQLite.SQLiteConnection.UnbindFunction@@200102128160 1000906c f   System.Data.SQLite.netmodule
 0001:000080a4       ?System.Data.SQLite.SQLiteConnection.UnbindAllFunctions@@20010202 100090a4 f   System.Data.SQLite.netmodule
 0001:000080dc       ?System.Data.SQLite.SQLiteConnection.Check@@0001011278 100090dc f   System.Data.SQLite.netmodule
 0001:00008164       ?System.Data.SQLite.SQLiteConnection.ParseConnectionString@@0003151281K1020O0O0O0202 10009164 f   System.Data.SQLite.netmodule
 0001:0000817c       ?System.Data.SQLite.SQLiteConnection.ParseConnectionString@@0004151281K1020O0O12780O0202 1000917c f   System.Data.SQLite.netmodule
 0001:000081a0       ?System.Data.SQLite.SQLiteConnection.SetupSQLiteBase@@200101151281K1020O0O 100091a0 f   System.Data.SQLite.netmodule
 0001:00008280       ?System.Data.SQLite.SQLiteConnection.Dispose@@200001 10009280 f   System.Data.SQLite.netmodule
 0001:0000829c       ?System.Data.SQLite.SQLiteConnection.CheckDisposed@@200001 1000929c f   System.Data.SQLite.netmodule
 0001:000082c8       ?System.Data.SQLite.SQLiteConnection.Dispose@@20010102 100092c8 f   System.Data.SQLite.netmodule
 0001:00008358       ?System.Data.SQLite.SQLiteConnection.Clone@@20001M 10009358 f   System.Data.SQLite.netmodule
 0001:00008374       ?System.Data.SQLite.SQLiteConnection.CreateFile@@0001010O 10009374 f   System.Data.SQLite.netmodule
 0001:0000838c       ?System.Data.SQLite.SQLiteConnection.OnStateChange@@2002011181991012816N 1000938c f   System.Data.SQLite.netmodule
 0001:000083cc       ?System.Data.SQLite.SQLiteConnection.GetFallbackDefaultIsolationLevel@@0000118189 100093cc f   System.Data.SQLite.netmodule
 0001:000083e0       ?System.Data.SQLite.SQLiteConnection.GetDefaultIsolationLevel@@2000118189 100093e0 f   System.Data.SQLite.netmodule
 0001:000083f4       ?System.Data.SQLite.SQLiteConnection.BeginTransaction@@200212818411818902 100093f4 f   System.Data.SQLite.netmodule
 0001:00008424       ?System.Data.SQLite.SQLiteConnection.BeginTransaction@@200112818402 10009424 f   System.Data.SQLite.netmodule
 0001:00008454       ?System.Data.SQLite.SQLiteConnection.BeginTransaction@@2001128184118189 10009454 f   System.Data.SQLite.netmodule
 0001:00008474       ?System.Data.SQLite.SQLiteConnection.BeginTransaction@@2000128184 10009474 f   System.Data.SQLite.netmodule
 0001:00008498       ?System.Data.SQLite.SQLiteConnection.BeginDbTransaction@@2001128101118189 10009498 f   System.Data.SQLite.netmodule
 0001:0000853c       ?System.Data.SQLite.SQLiteConnection.ChangeDatabase@@2001010O 1000953c f   System.Data.SQLite.netmodule
 0001:00008568       ?System.Data.SQLite.SQLiteConnection.Close@@200001 10009568 f   System.Data.SQLite.netmodule
 0001:000086a0       ?System.Data.SQLite.SQLiteConnection.get_PoolCount@@200008 100096a0 f   System.Data.SQLite.netmodule
 0001:000086c4       ?System.Data.SQLite.SQLiteConnection.ClearPool@@0001011278 100096c4 f   System.Data.SQLite.netmodule
 0001:000086e8       ?System.Data.SQLite.SQLiteConnection.ClearAllPools@@000001 100096e8 f   System.Data.SQLite.netmodule
 0001:000086fc       ?System.Data.SQLite.SQLiteConnection.get_ConnectionString@@20000O 100096fc f   System.Data.SQLite.netmodule
 0001:00008718       ?System.Data.SQLite.SQLiteConnection.set_ConnectionString@@2001010O 10009718 f   System.Data.SQLite.netmodule
 0001:0000874c       ?System.Data.SQLite.SQLiteConnection.CreateCommand@@20001244 1000974c f   System.Data.SQLite.netmodule
 0001:00008768       ?System.Data.SQLite.SQLiteConnection.CreateDbCommand@@20001280MN 10009768 f   System.Data.SQLite.netmodule
 0001:0000877c       ?System.Data.SQLite.SQLiteConnection.CreateSession@@20011282380O 1000977c f   System.Data.SQLite.netmodule
 0001:000087a4       ?System.Data.SQLite.SQLiteConnection.CreateChangeSet@@200112822M1N05 100097a4 f   System.Data.SQLite.netmodule
 0001:000087cc       ?System.Data.SQLite.SQLiteConnection.CreateChangeSet@@200212822M1281K91281K9 100097cc f   System.Data.SQLite.netmodule
 0001:000087f4       ?System.Data.SQLite.SQLiteConnection.CreateChangeGroup@@2000128230 100097f4 f   System.Data.SQLite.netmodule
 0001:00008814       ?System.Data.SQLite.SQLiteConnection.get_DataSource@@20000O 10009814 f   System.Data.SQLite.netmodule
 0001:00008830       ?System.Data.SQLite.SQLiteConnection.get_FileName@@20000O 10009830 f   System.Data.SQLite.netmodule
 0001:00008868       ?System.Data.SQLite.SQLiteConnection.get_Database@@20000O 10009868 f   System.Data.SQLite.netmodule
 0001:00008880       ?System.Data.SQLite.SQLiteConnection.MapUriPath@@00010O0O 10009880 f   System.Data.SQLite.netmodule
 0001:000088d4       ?System.Data.SQLite.SQLiteConnection.ShouldUseLegacyConnectionStringParser@@0001021278 100098d4 f   System.Data.SQLite.netmodule
 0001:00008930       ?System.Data.SQLite.SQLiteConnection.ParseConnectionString@@0002151281K1020O0O0O02 10009930 f   System.Data.SQLite.netmodule
 0001:00008948       ?System.Data.SQLite.SQLiteConnection.ParseConnectionString@@0003151281K1020O0O12780O02 10009948 f   System.Data.SQLite.netmodule
 0001:00008a74       ?System.Data.SQLite.SQLiteConnection.ParseConnectionStringViaFramework@@0003151281K1020O0O12780O02 10009a74 f   System.Data.SQLite.netmodule
 0001:00008b34       ?System.Data.SQLite.SQLiteConnection.EnlistTransaction@@2001011281L1 10009b34 f   System.Data.SQLite.netmodule
 0001:00008ca0       ?System.Data.SQLite.SQLiteConnection.WaitForEnlistmentReset@@200202081511750102 10009ca0 f   System.Data.SQLite.netmodule
 0001:00008d84       ?System.Data.SQLite.SQLiteConnection.FindKey@@00030O151281K1020O0O0O0O 10009d84 f   System.Data.SQLite.netmodule
 0001:00008de4       ?System.Data.SQLite.SQLiteConnection.TryParseEnum@@00031M1280L50O02 10009de4 f   System.Data.SQLite.netmodule
 0001:00008e28       ?System.Data.SQLite.SQLiteConnection.TryParseByte@@0003020O1181L51005 10009e28 f   System.Data.SQLite.netmodule
 0001:00008e40       ?System.Data.SQLite.SQLiteConnection.SetConfigurationOption@@20020111341M 10009e40 f   System.Data.SQLite.netmodule
 0001:00008ea8       ?System.Data.SQLite.SQLiteConnection.EnableExtensions@@20010102 10009ea8 f   System.Data.SQLite.netmodule
 0001:00008f1c       ?System.Data.SQLite.SQLiteConnection.LoadExtension@@2001010O 10009f1c f   System.Data.SQLite.netmodule
 0001:00008f38       ?System.Data.SQLite.SQLiteConnection.LoadExtension@@2002010O0O 10009f38 f   System.Data.SQLite.netmodule
 0001:00008f8c       ?System.Data.SQLite.SQLiteConnection.CreateModule@@200101128208 10009f8c f   System.Data.SQLite.netmodule
 0001:00008fe4       ?System.Data.SQLite.SQLiteConnection.FromHexString@@00011N050O 10009fe4 f   System.Data.SQLite.netmodule
 0001:00008ffc       ?System.Data.SQLite.SQLiteConnection.ToHexString@@00010O1N05 10009ffc f   System.Data.SQLite.netmodule
 0001:00009040       ?System.Data.SQLite.SQLiteConnection.FromHexString@@00021N050O100O 1000a040 f   System.Data.SQLite.netmodule
 0001:000090c8       ?System.Data.SQLite.SQLiteConnection.GetDefaultPooling@@200002 1000a0c8 f   System.Data.SQLite.netmodule
 0001:0000913c       ?System.Data.SQLite.SQLiteConnection.GetEffectiveIsolationLevel@@2001118189118189 1000a13c f   System.Data.SQLite.netmodule
 0001:000091b8       ?System.Data.SQLite.SQLiteConnection.Open@@200001 1000a1b8 f   System.Data.SQLite.netmodule
 0001:00009ca4       ?System.Data.SQLite.SQLiteConnection.OpenAndReturn@@20001278 1000aca4 f   System.Data.SQLite.netmodule
 0001:00009cc0       ?System.Data.SQLite.SQLiteConnection.get_DefaultTimeout@@200008 1000acc0 f   System.Data.SQLite.netmodule
 0001:00009cdc       ?System.Data.SQLite.SQLiteConnection.set_DefaultTimeout@@20010108 1000acdc f   System.Data.SQLite.netmodule
 0001:00009cf8       ?System.Data.SQLite.SQLiteConnection.get_BusyTimeout@@200008 1000acf8 f   System.Data.SQLite.netmodule
 0001:00009d14       ?System.Data.SQLite.SQLiteConnection.set_BusyTimeout@@20010108 1000ad14 f   System.Data.SQLite.netmodule
 0001:00009d30       ?System.Data.SQLite.SQLiteConnection.get_WaitTimeout@@200008 1000ad30 f   System.Data.SQLite.netmodule
 0001:00009d4c       ?System.Data.SQLite.SQLiteConnection.set_WaitTimeout@@20010108 1000ad4c f   System.Data.SQLite.netmodule
 0001:00009d68       ?System.Data.SQLite.SQLiteConnection.get_PrepareRetries@@200008 1000ad68 f   System.Data.SQLite.netmodule
 0001:00009d84       ?System.Data.SQLite.SQLiteConnection.set_PrepareRetries@@20010108 1000ad84 f   System.Data.SQLite.netmodule
 0001:00009da0       ?System.Data.SQLite.SQLiteConnection.get_ProgressOps@@200008 1000ada0 f   System.Data.SQLite.netmodule
 0001:00009dbc       ?System.Data.SQLite.SQLiteConnection.set_ProgressOps@@20010108 1000adbc f   System.Data.SQLite.netmodule
 0001:00009dd8       ?System.Data.SQLite.SQLiteConnection.get_ParseViaFramework@@200002 1000add8 f   System.Data.SQLite.netmodule
 0001:00009df4       ?System.Data.SQLite.SQLiteConnection.set_ParseViaFramework@@20010102 1000adf4 f   System.Data.SQLite.netmodule
 0001:00009e10       ?System.Data.SQLite.SQLiteConnection.get_Flags@@2000112M 1000ae10 f   System.Data.SQLite.netmodule
 0001:00009e2c       ?System.Data.SQLite.SQLiteConnection.set_Flags@@200101112M 1000ae2c f   System.Data.SQLite.netmodule
 0001:00009e48       ?System.Data.SQLite.SQLiteConnection.get_DefaultDbType@@200015117501118185 1000ae48 f   System.Data.SQLite.netmodule
 0001:00009e64       ?System.Data.SQLite.SQLiteConnection.set_DefaultDbType@@20010115117501118185 1000ae64 f   System.Data.SQLite.netmodule
 0001:00009e80       ?System.Data.SQLite.SQLiteConnection.get_DefaultTypeName@@20000O 1000ae80 f   System.Data.SQLite.netmodule
 0001:00009e9c       ?System.Data.SQLite.SQLiteConnection.set_DefaultTypeName@@2001010O 1000ae9c f   System.Data.SQLite.netmodule
 0001:00009eb8       ?System.Data.SQLite.SQLiteConnection.get_VfsName@@20000O 1000aeb8 f   System.Data.SQLite.netmodule
 0001:00009ed4       ?System.Data.SQLite.SQLiteConnection.set_VfsName@@2001010O 1000aed4 f   System.Data.SQLite.netmodule
 0001:00009ef0       ?System.Data.SQLite.SQLiteConnection.get_OwnHandle@@200002 1000aef0 f   System.Data.SQLite.netmodule
 0001:00009f24       ?System.Data.SQLite.SQLiteConnection.get_ServerVersion@@20000O 1000af24 f   System.Data.SQLite.netmodule
 0001:00009f3c       ?System.Data.SQLite.SQLiteConnection.get_LastInsertRowId@@20000K 1000af3c f   System.Data.SQLite.netmodule
 0001:00009f70       ?System.Data.SQLite.SQLiteConnection.Cancel@@200001 1000af70 f   System.Data.SQLite.netmodule
 0001:00009fa4       ?System.Data.SQLite.SQLiteConnection.get_Changes@@200008 1000afa4 f   System.Data.SQLite.netmodule
 0001:00009fd8       ?System.Data.SQLite.SQLiteConnection.IsReadOnly@@2001020O 1000afd8 f   System.Data.SQLite.netmodule
 0001:0000a00c       ?System.Data.SQLite.SQLiteConnection.get_AutoCommit@@200002 1000b00c f   System.Data.SQLite.netmodule
 0001:0000a040       ?System.Data.SQLite.SQLiteConnection.get_MemoryUsed@@20000K 1000b040 f   System.Data.SQLite.netmodule
 0001:0000a074       ?System.Data.SQLite.SQLiteConnection.get_MemoryHighwater@@20000K 1000b074 f   System.Data.SQLite.netmodule
 0001:0000a0a8       ?System.Data.SQLite.SQLiteConnection.GetMemoryStatistics@@0001011015128091020O0K 1000b0a8 f   System.Data.SQLite.netmodule
 0001:0000a0e4       ?System.Data.SQLite.SQLiteConnection.ReleaseMemory@@200001 1000b0e4 f   System.Data.SQLite.netmodule
 0001:0000a130       ?System.Data.SQLite.SQLiteConnection.ReleaseMemory@@0006118120080202100810021009 1000b130 f   System.Data.SQLite.netmodule
 0001:0000a14c       ?System.Data.SQLite.SQLiteConnection.SetMemoryStatus@@000111812002 1000b14c f   System.Data.SQLite.netmodule
 0001:0000a160       ?System.Data.SQLite.SQLiteConnection.get_DefineConstants@@00000O 1000b160 f   System.Data.SQLite.netmodule
 0001:0000a174       ?System.Data.SQLite.SQLiteConnection.get_SQLiteVersion@@00000O 1000b174 f   System.Data.SQLite.netmodule
 0001:0000a188       ?System.Data.SQLite.SQLiteConnection.get_SQLiteSourceId@@00000O 1000b188 f   System.Data.SQLite.netmodule
 0001:0000a19c       ?System.Data.SQLite.SQLiteConnection.get_SQLiteCompileOptions@@00000O 1000b19c f   System.Data.SQLite.netmodule
 0001:0000a1b0       ?System.Data.SQLite.SQLiteConnection.get_InteropVersion@@00000O 1000b1b0 f   System.Data.SQLite.netmodule
 0001:0000a1c4       ?System.Data.SQLite.SQLiteConnection.get_InteropSourceId@@00000O 1000b1c4 f   System.Data.SQLite.netmodule
 0001:0000a1d8       ?System.Data.SQLite.SQLiteConnection.get_InteropCompileOptions@@00000O 1000b1d8 f   System.Data.SQLite.netmodule
 0001:0000a1ec       ?System.Data.SQLite.SQLiteConnection.get_ProviderVersion@@00000O 1000b1ec f   System.Data.SQLite.netmodule
 0001:0000a21c       ?System.Data.SQLite.SQLiteConnection.get_ProviderSourceId@@00000O 1000b21c f   System.Data.SQLite.netmodule
 0001:0000a2e8       ?System.Data.SQLite.SQLiteConnection.TryGetLastCachedSetting@@0003020O1M101M 1000b2e8 f   System.Data.SQLite.netmodule
 0001:0000a310       ?System.Data.SQLite.SQLiteConnection.SetLastCachedSetting@@0002010O1M 1000b310 f   System.Data.SQLite.netmodule
 0001:0000a334       ?System.Data.SQLite.SQLiteConnection.get_DefaultFlags@@0000112M 1000b334 f   System.Data.SQLite.netmodule
 0001:0000a3a0       ?System.Data.SQLite.SQLiteConnection.get_SharedFlags@@0000112M 1000b3a0 f   System.Data.SQLite.netmodule
 0001:0000a3ec       ?System.Data.SQLite.SQLiteConnection.set_SharedFlags@@000101112M 1000b3ec f   System.Data.SQLite.netmodule
 0001:0000a438       ?System.Data.SQLite.SQLiteConnection.get_State@@2000118199 1000b438 f   System.Data.SQLite.netmodule
 0001:0000a454       ?System.Data.SQLite.SQLiteConnection.Shutdown@@2000118120 1000b454 f   System.Data.SQLite.netmodule
 0001:0000a494       ?System.Data.SQLite.SQLiteConnection.Shutdown@@0002010202 1000b494 f   System.Data.SQLite.netmodule
 0001:0000a4b8       ?System.Data.SQLite.SQLiteConnection.SetExtendedResultCodes@@20010102 1000b4b8 f   System.Data.SQLite.netmodule
 0001:0000a4e0       ?System.Data.SQLite.SQLiteConnection.ResultCode@@2000118120 1000b4e0 f   System.Data.SQLite.netmodule
 0001:0000a514       ?System.Data.SQLite.SQLiteConnection.ExtendedResultCode@@2000118120 1000b514 f   System.Data.SQLite.netmodule
 0001:0000a548       ?System.Data.SQLite.SQLiteConnection.LogMessage@@2002011181200O 1000b548 f   System.Data.SQLite.netmodule
 0001:0000a57c       ?System.Data.SQLite.SQLiteConnection.LogMessage@@200201080O 1000b57c f   System.Data.SQLite.netmodule
 0001:0000a5b0       ?System.Data.SQLite.SQLiteConnection.ChangePassword@@2001010O 1000b5b0 f   System.Data.SQLite.netmodule
 0001:0000a5e0       ?System.Data.SQLite.SQLiteConnection.ChangePassword@@2001011N05 1000b5e0 f   System.Data.SQLite.netmodule
 0001:0000a614       ?System.Data.SQLite.SQLiteConnection.SetPassword@@2001010O 1000b614 f   System.Data.SQLite.netmodule
 0001:0000a644       ?System.Data.SQLite.SQLiteConnection.SetPassword@@2001011N05 1000b644 f   System.Data.SQLite.netmodule
 0001:0000a67c       ?System.Data.SQLite.SQLiteConnection.SetAvRetry@@200211812010081008 1000b67c f   System.Data.SQLite.netmodule
 0001:0000a71c       ?System.Data.SQLite.SQLiteConnection.SetChunkSize@@200111812008 1000b71c f   System.Data.SQLite.netmodule
 0001:0000a79c       ?System.Data.SQLite.SQLiteConnection.UnwrapString@@00010O0O 1000b79c f   System.Data.SQLite.netmodule
 0001:0000a7f8       ?System.Data.SQLite.SQLiteConnection.GetDataDirectory@@00000O 1000b7f8 f   System.Data.SQLite.netmodule
 0001:0000a830       ?System.Data.SQLite.SQLiteConnection.ExpandFileName@@00020O0O02 1000b830 f   System.Data.SQLite.netmodule
 0001:0000a8d0       ?System.Data.SQLite.SQLiteConnection.GetSchema@@2000128155 1000b8d0 f   System.Data.SQLite.netmodule
 0001:0000a8f0       ?System.Data.SQLite.SQLiteConnection.GetSchema@@20011281550O 1000b8f0 f   System.Data.SQLite.netmodule
 0001:0000a910       ?System.Data.SQLite.SQLiteConnection.GetSchema@@20021281550O1N0O 1000b910 f   System.Data.SQLite.netmodule
 0001:0000ac08       ?System.Data.SQLite.SQLiteConnection.Schema_ReservedWords@@0000128155 1000bc08 f   System.Data.SQLite.netmodule
 0001:0000acd4       ?System.Data.SQLite.SQLiteConnection.Schema_MetaDataCollections@@0000128155 1000bcd4 f   System.Data.SQLite.netmodule
 0001:0000ad74       ?System.Data.SQLite.SQLiteConnection.Schema_DataSourceInformation@@2000128155 1000bd74 f   System.Data.SQLite.netmodule
 0001:0000b034       ?System.Data.SQLite.SQLiteConnection.Schema_Columns@@20031281550O0O0O 1000c034 f   System.Data.SQLite.netmodule
 0001:0000b778       ?System.Data.SQLite.SQLiteConnection.Schema_Indexes@@20031281550O0O0O 1000c778 f   System.Data.SQLite.netmodule
 0001:0000bfdc       ?System.Data.SQLite.SQLiteConnection.Schema_Triggers@@20031281550O0O0O 1000cfdc f   System.Data.SQLite.netmodule
 0001:0000c1c4       ?System.Data.SQLite.SQLiteConnection.Schema_Tables@@20031281550O0O0O 1000d1c4 f   System.Data.SQLite.netmodule
 0001:0000c428       ?System.Data.SQLite.SQLiteConnection.Schema_Views@@20021281550O0O 1000d428 f   System.Data.SQLite.netmodule
 0001:0000c6b4       ?System.Data.SQLite.SQLiteConnection.Schema_Catalogs@@20011281550O 1000d6b4 f   System.Data.SQLite.netmodule
 0001:0000c808       ?System.Data.SQLite.SQLiteConnection.Schema_DataTypes@@2000128155 1000d808 f   System.Data.SQLite.netmodule
 0001:0000caa8       ?System.Data.SQLite.SQLiteConnection.Schema_IndexColumns@@20041281550O0O0O0O 1000daa8 f   System.Data.SQLite.netmodule
 0001:0000d178       ?System.Data.SQLite.SQLiteConnection.Schema_ViewColumns@@20031281550O0O0O 1000e178 f   System.Data.SQLite.netmodule
 0001:0000d92c       ?System.Data.SQLite.SQLiteConnection.Schema_ForeignKeys@@20031281550O0O0O 1000e92c f   System.Data.SQLite.netmodule
 0001:0000ded0       ?System.Data.SQLite.SQLiteConnection.add_Progress@@20010112809M 1000eed0 f   System.Data.SQLite.netmodule
 0001:0000df24       ?System.Data.SQLite.SQLiteConnection.remove_Progress@@20010112809M 1000ef24 f   System.Data.SQLite.netmodule
 0001:0000df64       ?System.Data.SQLite.SQLiteConnection.add_Authorize@@2001011280K0 1000ef64 f   System.Data.SQLite.netmodule
 0001:0000dfb4       ?System.Data.SQLite.SQLiteConnection.remove_Authorize@@2001011280K0 1000efb4 f   System.Data.SQLite.netmodule
 0001:0000dff4       ?System.Data.SQLite.SQLiteConnection.add_Update@@2001011280K8 1000eff4 f   System.Data.SQLite.netmodule
 0001:0000e044       ?System.Data.SQLite.SQLiteConnection.remove_Update@@2001011280K8 1000f044 f   System.Data.SQLite.netmodule
 0001:0000e084       ?System.Data.SQLite.SQLiteConnection.ProgressCallback@@20011180P818 1000f084 f   System.Data.SQLite.netmodule
 0001:0000e148       ?System.Data.SQLite.SQLiteConnection.AuthorizerCallback@@20061180PM181180P418181818 1000f148 f   System.Data.SQLite.netmodule
 0001:0000e22c       ?System.Data.SQLite.SQLiteConnection.UpdateCallback@@200501180818180K 1000f22c f   System.Data.SQLite.netmodule
 0001:0000e2d4       ?System.Data.SQLite.SQLiteConnection.add_Commit@@2001011280K4 1000f2d4 f   System.Data.SQLite.netmodule
[...]
               exported name: sqlite3_fts_init
      139    _sqlite3_get_autocommit
               exported name: sqlite3_get_autocommit
      140    _sqlite3_get_auxdata
               exported name: sqlite3_get_auxdata
      141    _sqlite3_get_table
               exported name: sqlite3_get_table
      142    _sqlite3_global_recover
               exported name: sqlite3_global_recover
      143    _sqlite3_index_column_info_interop@32
      144    _sqlite3_initialize
               exported name: sqlite3_initialize
      145    _sqlite3_interrupt
               exported name: sqlite3_interrupt
      146    _sqlite3_json_init
               exported name: sqlite3_json_init
      147    _sqlite3_key
               exported name: sqlite3_key
      148    _sqlite3_key_v2
               exported name: sqlite3_key_v2
      149    _sqlite3_keyword_check
               exported name: sqlite3_keyword_check
      150    _sqlite3_keyword_count
               exported name: sqlite3_keyword_count
      151    _sqlite3_keyword_name
               exported name: sqlite3_keyword_name
      152    _sqlite3_last_insert_rowid
               exported name: sqlite3_last_insert_rowid
      153    _sqlite3_last_insert_rowid_interop@8
      154    _sqlite3_libversion
               exported name: sqlite3_libversion
      155    _sqlite3_libversion_number
               exported name: sqlite3_libversion_number
      156    _sqlite3_limit
               exported name: sqlite3_limit
      157    _sqlite3_load_extension
               exported name: sqlite3_load_extension
      158    _sqlite3_log
               exported name: sqlite3_log
      159    _sqlite3_malloc
               exported name: sqlite3_malloc
      160    _sqlite3_malloc64
               exported name: sqlite3_malloc64
      161    _sqlite3_malloc_size_interop@4
      162    _sqlite3_memory_alarm
               exported name: sqlite3_memory_alarm
      163    _sqlite3_memory_highwater
               exported name: sqlite3_memory_highwater
      164    _sqlite3_memory_highwater_interop@8
      165    _sqlite3_memory_used
               exported name: sqlite3_memory_used
      166    _sqlite3_memory_used_interop@4
      167    _sqlite3_mprintf
               exported name: sqlite3_mprintf
      168    _sqlite3_msize
               exported name: sqlite3_msize
      169    _sqlite3_msize_interop@8
      170    _sqlite3_mutex_alloc
               exported name: sqlite3_mutex_alloc
      171    _sqlite3_mutex_enter
               exported name: sqlite3_mutex_enter
      172    _sqlite3_mutex_free
               exported name: sqlite3_mutex_free
      173    _sqlite3_mutex_leave
               exported name: sqlite3_mutex_leave
      174    _sqlite3_mutex_try
               exported name: sqlite3_mutex_try
      175    _sqlite3_next_stmt
               exported name: sqlite3_next_stmt
      176    _sqlite3_open
               exported name: sqlite3_open
      177    _sqlite3_open16
               exported name: sqlite3_open16
      178    _sqlite3_open16_interop@20
      179    _sqlite3_open_interop@20
      180    _sqlite3_open_v2
               exported name: sqlite3_open_v2
      181    _sqlite3_os_end
               exported name: sqlite3_os_end
      182    _sqlite3_os_init
               exported name: sqlite3_os_init
      183    _sqlite3_overload_function
               exported name: sqlite3_overload_function
      184    _sqlite3_percentile_init
               exported name: sqlite3_percentile_init
      185    _sqlite3_prepare
               exported name: sqlite3_prepare
      186    _sqlite3_prepare16
               exported name: sqlite3_prepare16
      187    _sqlite3_prepare16_interop@24
      188    _sqlite3_prepare16_v2
               exported name: sqlite3_prepare16_v2
      189    _sqlite3_prepare16_v3
               exported name: sqlite3_prepare16_v3
      190    _sqlite3_prepare_interop@24
      191    _sqlite3_prepare_v2
               exported name: sqlite3_prepare_v2
      192    _sqlite3_prepare_v3
               exported name: sqlite3_prepare_v3
      193    _sqlite3_preupdate_count
               exported name: sqlite3_preupdate_count
      194    _sqlite3_preupdate_depth
               exported name: sqlite3_preupdate_depth
      195    _sqlite3_preupdate_hook
               exported name: sqlite3_preupdate_hook
      196    _sqlite3_preupdate_new
               exported name: sqlite3_preupdate_new
      197    _sqlite3_preupdate_old
               exported name: sqlite3_preupdate_old
      198    _sqlite3_profile
               exported name: sqlite3_profile
      199    _sqlite3_progress_handler
               exported name: sqlite3_progress_handler
      200    _sqlite3_randomness
               exported name: sqlite3_randomness
      201    _sqlite3_realloc
               exported name: sqlite3_realloc
      202    _sqlite3_realloc64
               exported name: sqlite3_realloc64
      203    _sqlite3_regexp_init
               exported name: sqlite3_regexp_init
      204    _sqlite3_rekey
               exported name: sqlite3_rekey
      205    _sqlite3_rekey_v2
               exported name: sqlite3_rekey_v2
      206    _sqlite3_release_memory
               exported name: sqlite3_release_memory
      207    _sqlite3_reset
               exported name: sqlite3_reset
      208    _sqlite3_reset_auto_extension
               exported name: sqlite3_reset_auto_extension
      209    _sqlite3_reset_interop@4
      210    _sqlite3_result_blob
               exported name: sqlite3_result_blob
      211    _sqlite3_result_blob64
               exported name: sqlite3_result_blob64
      212    _sqlite3_result_double
               exported name: sqlite3_result_double
      213    _sqlite3_result_double_interop@8
      214    _sqlite3_result_error
               exported name: sqlite3_result_error
      215    _sqlite3_result_error16
               exported name: sqlite3_result_error16
      216    _sqlite3_result_error_code
               exported name: sqlite3_result_error_code
      217    _sqlite3_result_error_nomem
               exported name: sqlite3_result_error_nomem
      218    _sqlite3_result_error_toobig
               exported name: sqlite3_result_error_toobig
      219    _sqlite3_result_int
               exported name: sqlite3_result_int
      220    _sqlite3_result_int64
               exported name: sqlite3_result_int64
      221    _sqlite3_result_int64_interop@8
      222    _sqlite3_result_null
               exported name: sqlite3_result_null
      223    _sqlite3_result_pointer
               exported name: sqlite3_result_pointer
      224    _sqlite3_result_subtype
               exported name: sqlite3_result_subtype
      225    _sqlite3_result_text
               exported name: sqlite3_result_text
      226    _sqlite3_result_text16
               exported name: sqlite3_result_text16
      227    _sqlite3_result_text16be
               exported name: sqlite3_result_text16be
      228    _sqlite3_result_text16le
               exported name: sqlite3_result_text16le
      229    _sqlite3_result_text64
               exported name: sqlite3_result_text64
      230    _sqlite3_result_value
               exported name: sqlite3_result_value
      231    _sqlite3_result_zeroblob
               exported name: sqlite3_result_zeroblob
      232    _sqlite3_result_zeroblob64
               exported name: sqlite3_result_zeroblob64
      233    _sqlite3_rollback_hook
               exported name: sqlite3_rollback_hook
      234    _sqlite3_rtree_geometry_callback
               exported name: sqlite3_rtree_geometry_callback
      235    _sqlite3_rtree_query_callback
               exported name: sqlite3_rtree_query_callback
      236    _sqlite3_set_authorizer
               exported name: sqlite3_set_authorizer
      237    _sqlite3_set_auxdata
               exported name: sqlite3_set_auxdata
      238    _sqlite3_set_last_insert_rowid
               exported name: sqlite3_set_last_insert_rowid
      239    _sqlite3_sha_init
               exported name: sqlite3_sha_init
      240    _sqlite3_shutdown
               exported name: sqlite3_shutdown
      241    _sqlite3_sleep
               exported name: sqlite3_sleep
      242    _sqlite3_snprintf
               exported name: sqlite3_snprintf
      243    _sqlite3_soft_heap_limit
               exported name: sqlite3_soft_heap_limit
      244    _sqlite3_soft_heap_limit64
               exported name: sqlite3_soft_heap_limit64
      245    _sqlite3_sourceid
               exported name: sqlite3_sourceid
      246    _sqlite3_sql
               exported name: sqlite3_sql
      247    _sqlite3_status
               exported name: sqlite3_status
      248    _sqlite3_status64
               exported name: sqlite3_status64
      249    _sqlite3_step
               exported name: sqlite3_step
      250    _sqlite3_stmt_busy
               exported name: sqlite3_stmt_busy
      251    _sqlite3_stmt_readonly
               exported name: sqlite3_stmt_readonly
      252    _sqlite3_stmt_status
               exported name: sqlite3_stmt_status
      253    _sqlite3_str_append
               exported name: sqlite3_str_append
      254    _sqlite3_str_appendall
               exported name: sqlite3_str_appendall
      255    _sqlite3_str_appendchar
               exported name: sqlite3_str_appendchar
      256    _sqlite3_str_appendf
               exported name: sqlite3_str_appendf
      257    _sqlite3_str_errcode
               exported name: sqlite3_str_errcode
      258    _sqlite3_str_finish
               exported name: sqlite3_str_finish
      259    _sqlite3_str_length
               exported name: sqlite3_str_length
      260    _sqlite3_str_new
               exported name: sqlite3_str_new
      261    _sqlite3_str_reset
               exported name: sqlite3_str_reset
      262    _sqlite3_str_value
               exported name: sqlite3_str_value
      263    _sqlite3_str_vappendf
               exported name: sqlite3_str_vappendf
      264    _sqlite3_strglob
               exported name: sqlite3_strglob
      265    _sqlite3_stricmp
               exported name: sqlite3_stricmp
      266    _sqlite3_strlike
               exported name: sqlite3_strlike
      267    _sqlite3_strnicmp
               exported name: sqlite3_strnicmp
      268    _sqlite3_system_errno
               exported name: sqlite3_system_errno
      269    _sqlite3_table_column_metadata
               exported name: sqlite3_table_column_metadata
      270    _sqlite3_table_column_metadata_interop@44
      271    _sqlite3_table_cursor_interop@12
      272    _sqlite3_temp_directory
               exported name: sqlite3_temp_directory
      273    _sqlite3_test_control
               exported name: sqlite3_test_control
      274    _sqlite3_thread_cleanup
               exported name: sqlite3_thread_cleanup
      275    _sqlite3_threadsafe
               exported name: sqlite3_threadsafe
      276    _sqlite3_total_changes
               exported name: sqlite3_total_changes
      277    _sqlite3_totype_init
               exported name: sqlite3_totype_init
      278    _sqlite3_trace
               exported name: sqlite3_trace
      279    _sqlite3_trace_v2
               exported name: sqlite3_trace_v2
      280    _sqlite3_transfer_bindings
               exported name: sqlite3_transfer_bindings
      281    _sqlite3_update_hook
               exported name: sqlite3_update_hook
      282    _sqlite3_uri_boolean
               exported name: sqlite3_uri_boolean
      283    _sqlite3_uri_int64
               exported name: sqlite3_uri_int64
      284    _sqlite3_uri_parameter
               exported name: sqlite3_uri_parameter
      285    _sqlite3_user_data
               exported name: sqlite3_user_data
      286    _sqlite3_value_blob
               exported name: sqlite3_value_blob
      287    _sqlite3_value_bytes
               exported name: sqlite3_value_bytes
      288    _sqlite3_value_bytes16
               exported name: sqlite3_value_bytes16
      289    _sqlite3_value_double
               exported name: sqlite3_value_double
      290    _sqlite3_value_double_interop@8
      291    _sqlite3_value_dup
               exported name: sqlite3_value_dup
      292    _sqlite3_value_free
               exported name: sqlite3_value_free
      293    _sqlite3_value_int
               exported name: sqlite3_value_int
      294    _sqlite3_value_int64
               exported name: sqlite3_value_int64
      295    _sqlite3_value_int64_interop@8
      296    _sqlite3_value_nochange
               exported name: sqlite3_value_nochange
      297    _sqlite3_value_numeric_type
               exported name: sqlite3_value_numeric_type
      298    _sqlite3_value_pointer
               exported name: sqlite3_value_pointer
      299    _sqlite3_value_subtype
               exported name: sqlite3_value_subtype
      300    _sqlite3_value_text
               exported name: sqlite3_value_text
      301    _sqlite3_value_text16
               exported name: sqlite3_value_text16
      302    _sqlite3_value_text16_interop@8
      303    _sqlite3_value_text16be
               exported name: sqlite3_value_text16be
      304    _sqlite3_value_text16le
               exported name: sqlite3_value_text16le
      305    _sqlite3_value_text_interop@8
      306    _sqlite3_value_type
               exported name: sqlite3_value_type
      307    _sqlite3_version
               exported name: sqlite3_version
      308    _sqlite3_vfs_find
               exported name: sqlite3_vfs_find
      309    _sqlite3_vfs_register
               exported name: sqlite3_vfs_register
      310    _sqlite3_vfs_unregister
               exported name: sqlite3_vfs_unregister
      311    _sqlite3_vmprintf
               exported name: sqlite3_vmprintf
      312    _sqlite3_vsnprintf
               exported name: sqlite3_vsnprintf
      313    _sqlite3_vtab_collation
               exported name: sqlite3_vtab_collation
      314    _sqlite3_vtab_config
               exported name: sqlite3_vtab_config
      315    _sqlite3_vtab_nochange
               exported name: sqlite3_vtab_nochange
      316    _sqlite3_vtab_on_conflict
               exported name: sqlite3_vtab_on_conflict
      317    _sqlite3_vtshim_init
               exported name: sqlite3_vtshim_init
      318    _sqlite3_wal_autocheckpoint
               exported name: sqlite3_wal_autocheckpoint
      319    _sqlite3_wal_checkpoint
               exported name: sqlite3_wal_checkpoint
      320    _sqlite3_wal_checkpoint_v2
               exported name: sqlite3_wal_checkpoint_v2
      321    _sqlite3_wal_hook
               exported name: sqlite3_wal_hook
      322    _sqlite3_win32_compact_heap
               exported name: sqlite3_win32_compact_heap
      323    _sqlite3_win32_is_nt
               exported name: sqlite3_win32_is_nt
      324    _sqlite3_win32_mbcs_to_utf8
               exported name: sqlite3_win32_mbcs_to_utf8
      325    _sqlite3_win32_mbcs_to_utf8_v2
               exported name: sqlite3_win32_mbcs_to_utf8_v2
      326    _sqlite3_win32_reset_heap
               exported name: sqlite3_win32_reset_heap
      327    _sqlite3_win32_set_directory
               exported name: sqlite3_win32_set_directory
      328    _sqlite3_win32_set_directory16
               exported name: sqlite3_win32_set_directory16
      329    _sqlite3_win32_set_directory8
               exported name: sqlite3_win32_set_directory8
      330    _sqlite3_win32_sleep
               exported name: sqlite3_win32_sleep
      331    _sqlite3_win32_unicode_to_utf8
               exported name: sqlite3_win32_unicode_to_utf8
      332    _sqlite3_win32_utf8_to_mbcs
               exported name: sqlite3_win32_utf8_to_mbcs
      333    _sqlite3_win32_utf8_to_mbcs_v2
               exported name: sqlite3_win32_utf8_to_mbcs_v2
      334    _sqlite3_win32_utf8_to_unicode
               exported name: sqlite3_win32_utf8_to_unicode
      335    _sqlite3_win32_write_debug
               exported name: sqlite3_win32_write_debug
      336    _sqlite3changegroup_add
               exported name: sqlite3changegroup_add
      337    _sqlite3changegroup_add_strm
               exported name: sqlite3changegroup_add_strm
      338    _sqlite3changegroup_delete
               exported name: sqlite3changegroup_delete
      339    _sqlite3changegroup_new
               exported name: sqlite3changegroup_new
      340    _sqlite3changegroup_output
               exported name: sqlite3changegroup_output
      341    _sqlite3changegroup_output_strm
               exported name: sqlite3changegroup_output_strm
      342    _sqlite3changeset_apply
               exported name: sqlite3changeset_apply
      343    _sqlite3changeset_apply_strm
               exported name: sqlite3changeset_apply_strm
      344    _sqlite3changeset_apply_v2
               exported name: sqlite3changeset_apply_v2
      345    _sqlite3changeset_apply_v2_strm
               exported name: sqlite3changeset_apply_v2_strm
      346    _sqlite3changeset_concat
               exported name: sqlite3changeset_concat
      347    _sqlite3changeset_concat_strm
               exported name: sqlite3changeset_concat_strm
      348    _sqlite3changeset_conflict
               exported name: sqlite3changeset_conflict
      349    _sqlite3changeset_finalize
               exported name: sqlite3changeset_finalize
      350    _sqlite3changeset_fk_conflicts
               exported name: sqlite3changeset_fk_conflicts
      351    _sqlite3changeset_invert
               exported name: sqlite3changeset_invert
      352    _sqlite3changeset_invert_strm
               exported name: sqlite3changeset_invert_strm
      353    _sqlite3changeset_new
               exported name: sqlite3changeset_new
      354    _sqlite3changeset_next
               exported name: sqlite3changeset_next
      355    _sqlite3changeset_old
               exported name: sqlite3changeset_old
      356    _sqlite3changeset_op
               exported name: sqlite3changeset_op
      357    _sqlite3changeset_pk
               exported name: sqlite3changeset_pk
      358    _sqlite3changeset_start
               exported name: sqlite3changeset_start
      359    _sqlite3changeset_start_strm
               exported name: sqlite3changeset_start_strm
      360    _sqlite3rebaser_configure
               exported name: sqlite3rebaser_configure
      361    _sqlite3rebaser_create
               exported name: sqlite3rebaser_create
      362    _sqlite3rebaser_delete
               exported name: sqlite3rebaser_delete
      363    _sqlite3rebaser_rebase
               exported name: sqlite3rebaser_rebase
      364    _sqlite3rebaser_rebase_strm
               exported name: sqlite3rebaser_rebase_strm
      365    _sqlite3session_attach
               exported name: sqlite3session_attach
      366    _sqlite3session_changeset
               exported name: sqlite3session_changeset
      367    _sqlite3session_changeset_strm
               exported name: sqlite3session_changeset_strm
      368    _sqlite3session_create
               exported name: sqlite3session_create
      369    _sqlite3session_delete
               exported name: sqlite3session_delete
      370    _sqlite3session_diff
               exported name: sqlite3session_diff
      371    _sqlite3session_enable
               exported name: sqlite3session_enable
      372    _sqlite3session_indirect
               exported name: sqlite3session_indirect
      373    _sqlite3session_isempty
               exported name: sqlite3session_isempty
      374    _sqlite3session_patchset
               exported name: sqlite3session_patchset
      375    _sqlite3session_patchset_strm
               exported name: sqlite3session_patchset_strm
      376    _sqlite3session_table_filter
               exported name: sqlite3session_table_filter
