 System.Data.SQLite

 Timestamp is 5bafbe9d (Sat Sep 29 21:04:13 2018)

 Preferred load address is 10000000

 Start         Length     Name                   Class
 0001:00000000 00000130H .text                   CODE
 0001:00000130 000f069aH .text$mn                CODE
 0002:00000000 00000208H .idata$5                DATA
 0002:00000208 00000004H .00cfg                  DATA
 0002:0000020c 00000004H .CRT$XCA                DATA
 0002:00000210 00000004H .CRT$XCZ                DATA
 0002:00000214 00000004H .CRT$XIA                DATA
 0002:00000218 00000010H .CRT$XIC                DATA
 0002:00000228 00000004H .CRT$XIZ                DATA
 0002:0000022c 00000004H .CRT$XPA                DATA
 0002:00000230 00000008H .CRT$XPX                DATA
 0002:00000238 00000004H .CRT$XPXA               DATA
 0002:0000023c 00000004H .CRT$XPZ                DATA
 0002:00000240 00000004H .CRT$XTA                DATA
 0002:00000244 0000000cH .CRT$XTZ                DATA
 0002:00000250 00055b80H .rdata                  DATA
 0002:00055dd0 00000000H .rdata$r                DATA
 0002:00055dd0 0000000cH .rdata$sxdata           DATA
 0002:00055ddc 0000036cH .rdata$zzzdbg           DATA
 0002:00056148 00000004H .rtc$IAA                DATA
 0002:0005614c 00000004H .rtc$IZZ                DATA
 0002:00056150 00000004H .rtc$TAA                DATA
 0002:00056154 00000004H .rtc$TZZ                DATA
 0002:00056158 00000418H .xdata$x                DATA
 0002:00056570 000030f8H .edata                  DATA
 0002:00059668 0000003cH .idata$2                DATA
 0002:000596a4 00000014H .idata$3                DATA
 0002:000596b8 00000208H .idata$4                DATA
 0002:000598c0 0000093aH .idata$6                DATA
 0003:00000000 00001a70H .data                   DATA
 0003:00001a70 00000000H .data$r                 DATA
 0003:00001a70 00002c88H .bss                    DATA
 0004:00000000 00000094H .gfids$x                DATA
 0004:00000094 00000014H .gfids$y                DATA
 0005:00000000 00000350H CONST                   DATA
 0006:00000000 00000060H .rsrc$01                DATA
 0006:00000060 000005f0H .rsrc$02                DATA

  Address         Publics by Value              Rva+Base       Lib:Object

 0000:00000000       ___guard_longjmp_table     00000000     <absolute>
 0000:00000000       ___guard_iat_count         00000000     <absolute>
 0000:00000000       ___guard_longjmp_count     00000000     <absolute>
 0000:00000000       ___guard_fids_table        00000000     <absolute>
 0000:00000000       ___guard_iat_table         00000000     <absolute>
 0000:00000000       ___dynamic_value_reloc_table 00000000     <absolute>
 0000:00000000       __except_list              00000000     <absolute>
 0000:00000000       ___guard_fids_count        00000000     <absolute>
 0000:00000003       ___safe_se_handler_count   00000003     <absolute>
 0000:00000100       ___guard_flags             00000100     <absolute>
 0000:00000000       ___ImageBase               10000000     <linker-defined>
 0001:00000130       _AreFileApisANSI@0         10001130 f   kernel32:KERNEL32.dll
 0001:00000136       _ReadFile@20               10001136 f   kernel32:KERNEL32.dll
 0001:0000013c       _HeapCreate@12             1000113c f   kernel32:KERNEL32.dll
 0001:00000142       _HeapFree@12               10001142 f   kernel32:KERNEL32.dll
 0001:00000148       _GetFullPathNameW@16       10001148 f   kernel32:KERNEL32.dll
 0001:0000014e       _WriteFile@20              1000114e f   kernel32:KERNEL32.dll
 0001:00000154       _GetDiskFreeSpaceW@20      10001154 f   kernel32:KERNEL32.dll
 0001:0000015a       _OutputDebugStringA@4      1000115a f   kernel32:KERNEL32.dll
 0001:00000160       _LockFile@20               10001160 f   kernel32:KERNEL32.dll
 0001:00000166       _SetFilePointer@16         10001166 f   kernel32:KERNEL32.dll
 0001:0000016c       _GetFullPathNameA@16       1000116c f   kernel32:KERNEL32.dll
 0001:00000172       _SetEndOfFile@4            10001172 f   kernel32:KERNEL32.dll
 0001:00000178       _UnlockFileEx@20           10001178 f   kernel32:KERNEL32.dll
 0001:0000017e       _GetTempPathW@8            1000117e f   kernel32:KERNEL32.dll
 0001:00000184       _CreateMutexW@12           10001184 f   kernel32:KERNEL32.dll
 0001:0000018a       _WaitForSingleObject@8     1000118a f   kernel32:KERNEL32.dll
 0001:00000190       _CreateFileW@28            10001190 f   kernel32:KERNEL32.dll
 0001:00000196       _GetFileAttributesW@4      10001196 f   kernel32:KERNEL32.dll
 0001:0000019c       _UnmapViewOfFile@4         1000119c f   kernel32:KERNEL32.dll
 0001:000001a2       _HeapValidate@12           100011a2 f   kernel32:KERNEL32.dll
 0001:000001a8       _HeapSize@12               100011a8 f   kernel32:KERNEL32.dll
 0001:000001ae       _MultiByteToWideChar@24    100011ae f   kernel32:KERNEL32.dll
 0001:000001b4       _Sleep@4                   100011b4 f   kernel32:KERNEL32.dll
 0001:000001ba       _GetTempPathA@8            100011ba f   kernel32:KERNEL32.dll
 0001:000001c0       _FormatMessageW@28         100011c0 f   kernel32:KERNEL32.dll
 0001:000001c6       _GetDiskFreeSpaceA@20      100011c6 f   kernel32:KERNEL32.dll
 0001:000001cc       _GetLastError@0            100011cc f   kernel32:KERNEL32.dll
 0001:000001d2       _GetFileAttributesA@4      100011d2 f   kernel32:KERNEL32.dll
 0001:000001d8       _GetFileAttributesExW@12   100011d8 f   kernel32:KERNEL32.dll
 0001:000001de       _OutputDebugStringW@4      100011de f   kernel32:KERNEL32.dll
 0001:000001e4       _FlushViewOfFile@8         100011e4 f   kernel32:KERNEL32.dll
 0001:000001ea       _CreateFileA@28            100011ea f   kernel32:KERNEL32.dll
 0001:000001f0       _LoadLibraryA@4            100011f0 f   kernel32:KERNEL32.dll
 0001:000001f6       _WaitForSingleObjectEx@12  100011f6 f   kernel32:KERNEL32.dll
 0001:000001fc       _DeleteFileA@4             100011fc f   kernel32:KERNEL32.dll
 0001:00000202       _DeleteFileW@4             10001202 f   kernel32:KERNEL32.dll
 0001:00000208       _HeapReAlloc@16            10001208 f   kernel32:KERNEL32.dll
 0001:0000020e       _CloseHandle@4             1000120e f   kernel32:KERNEL32.dll
 0001:00000214       _GetSystemInfo@4           10001214 f   kernel32:KERNEL32.dll
 0001:0000021a       _LoadLibraryW@4            1000121a f   kernel32:KERNEL32.dll
 0001:00000220       _HeapAlloc@12              10001220 f   kernel32:KERNEL32.dll
 0001:00000226       _HeapCompact@8             10001226 f   kernel32:KERNEL32.dll
 0001:0000022c       _HeapDestroy@4             1000122c f   kernel32:KERNEL32.dll
 0001:00000232       _UnlockFile@20             10001232 f   kernel32:KERNEL32.dll
 0001:00000238       _GetProcAddress@8          10001238 f   kernel32:KERNEL32.dll
 0001:0000023e       _CreateFileMappingA@24     1000123e f   kernel32:KERNEL32.dll
 0001:00000244       _LocalFree@4               10001244 f   kernel32:KERNEL32.dll
 0001:0000024a       _LockFileEx@24             1000124a f   kernel32:KERNEL32.dll
 0001:00000250       _GetFileSize@8             10001250 f   kernel32:KERNEL32.dll
 0001:00000256       _GetCurrentProcessId@0     10001256 f   kernel32:KERNEL32.dll
 0001:0000025c       _GetProcessHeap@0          1000125c f   kernel32:KERNEL32.dll
 0001:00000262       _SystemTimeToFileTime@8    10001262 f   kernel32:KERNEL32.dll
 0001:00000268       _FreeLibrary@4             10001268 f   kernel32:KERNEL32.dll
 0001:0000026e       _WideCharToMultiByte@32    1000126e f   kernel32:KERNEL32.dll
 0001:00000274       _GetSystemTimeAsFileTime@4 10001274 f   kernel32:KERNEL32.dll
 0001:0000027a       _GetSystemTime@4           1000127a f   kernel32:KERNEL32.dll
 0001:00000280       _FormatMessageA@28         10001280 f   kernel32:KERNEL32.dll
 0001:00000286       _CreateFileMappingW@24     10001286 f   kernel32:KERNEL32.dll
 0001:0000028c       _MapViewOfFile@20          1000128c f   kernel32:KERNEL32.dll
 0001:00000292       _QueryPerformanceCounter@4 10001292 f   kernel32:KERNEL32.dll
 0001:00000298       _GetTickCount@0            10001298 f   kernel32:KERNEL32.dll
 0001:0000029e       _FlushFileBuffers@4        1000129e f   kernel32:KERNEL32.dll
 0001:000002a4       @__security_check_cookie@4 100012a4 f   LIBCMT:_secchk_.obj
 0001:000002b5       ___raise_securityfailure   100012b5 f   LIBCMT:gs_report.obj
 0001:000002dd       ___report_gsfailure        100012dd f   LIBCMT:gs_report.obj
 0001:000003d8       ___report_rangecheckfailure 100013d8 f   LIBCMT:gs_report.obj
 0001:000003e4       ___report_securityfailure  100013e4 f   LIBCMT:gs_report.obj
 0001:000007bc       __DllMainCRTStartup@12     100017bc f   LIBCMT:dll_dllmain.obj
 0001:000007df       ??$__crt_fast_encode_pointer@PAX@@YAPAXQAX@Z 100017df f i libvcruntime:winapi_downlevel.obj
 0001:000007df       ??$__crt_fast_encode_pointer@PAP6AXXZ@@YAPAP6AXXZQAP6AXXZ@Z 100017df f i LIBCMT:utility.obj
 0001:00000840       ___scrt_acquire_startup_lock 10001840 f   LIBCMT:utility.obj
 0001:00000875       ___scrt_dllmain_after_initialize_c 10001875 f   LIBCMT:utility.obj
 0001:000008a0       ___scrt_dllmain_before_initialize_c 100018a0 f   LIBCMT:utility.obj
 0001:000008ae       ___scrt_dllmain_crt_thread_attach 100018ae f   LIBCMT:utility.obj
 0001:000008cd       ___scrt_dllmain_crt_thread_detach 100018cd f   LIBCMT:utility.obj
 0001:000008da       ___scrt_dllmain_exception_filter 100018da f   LIBCMT:utility.obj
 0001:0000090d       ___scrt_dllmain_uninitialize_c 1000190d f   LIBCMT:utility.obj
 0001:00000930       ___scrt_dllmain_uninitialize_critical 10001930 f   LIBCMT:utility.obj
 0001:0000093d       ___scrt_initialize_crt     1000193d f   LIBCMT:utility.obj
 0001:00000976       ___scrt_initialize_onexit_tables 10001976 f   LIBCMT:utility.obj
 0001:00000a0d       ___scrt_is_nonwritable_in_current_image 10001a0d f   LIBCMT:utility.obj
 0001:00000a97       ___scrt_release_startup_lock 10001a97 f   LIBCMT:utility.obj
 0001:00000ab4       ___scrt_uninitialize_crt   10001ab4 f   LIBCMT:utility.obj
 0001:00000adc       __onexit                   10001adc f   LIBCMT:utility.obj
 0001:00000b17       _atexit                    10001b17 f   LIBCMT:utility.obj
 0001:00000b2c       ___security_init_cookie    10001b2c f   LIBCMT:gs_support.obj
 0001:00000bc8       _DllMain@12                10001bc8 f   LIBCMT:dll_dllmain_stub.obj
 0001:00000bce       ?__scrt_initialize_type_info@@YAXXZ 10001bce f   LIBCMT:tncleanup.obj
 0001:00000bda       ?__scrt_uninitialize_type_info@@YAXXZ 10001bda f   LIBCMT:tncleanup.obj
 0001:00000be6       ___local_stdio_printf_options 10001be6 f i LIBCMT:default_local_stdio_options.obj
 0001:00000bec       ___local_stdio_scanf_options 10001bec f i LIBCMT:default_local_stdio_options.obj
 0001:00000bf2       ___scrt_initialize_default_local_stdio_options 10001bf2 f   LIBCMT:default_local_stdio_options.obj
 0001:00000c0f       ___scrt_get_dyn_tls_init_callback 10001c0f f   LIBCMT:dyn_tls_init.obj
 0001:00000c15       ___scrt_fastfail           10001c15 f   LIBCMT:utility_desktop.obj
 0001:00000d30       __crt_debugger_hook        10001d30 f   LIBCMT:utility_desktop.obj
 0001:00000d38       __RTC_Initialize           10001d38 f   LIBCMT:_initsect_.obj
 0001:00000d63       __RTC_Terminate            10001d63 f   LIBCMT:_initsect_.obj
 0001:00000d8e       @_guard_check_icall@4      10001d8e f i LIBCMT:checkcfg.obj
 0001:00000da0       __SEH_prolog4              10001da0 f   LIBCMT:_sehprolg4_.obj
 0001:00000de6       __SEH_epilog4              10001de6 f   LIBCMT:_sehprolg4_.obj
 0001:00000dfb       ___isa_available_init      10001dfb f   LIBCMT:_cpu_disp_.obj
 0001:00000f95       __get_startup_argv_mode    10001f95 f   LIBCMT:argv_mode.obj
 0001:00000f99       ___scrt_is_ucrt_dll_in_use 10001f99 f   LIBCMT:ucrt_detection.obj
 0001:00000fb0       _memmove                   10001fb0 f   libvcruntime:memmove.obj
 0001:00001570       __except_handler4          10002570 f   libvcruntime:_chandler4_.obj
 0001:000016d6       ___vcrt_initialize         100026d6 f   libvcruntime:initialization.obj
 0001:000016ff       ___vcrt_thread_attach      100026ff f   libvcruntime:initialization.obj
 0001:0000170a       ___vcrt_thread_detach      1000270a f   libvcruntime:initialization.obj
 0001:00001715       ___vcrt_uninitialize       10002715 f   libvcruntime:initialization.obj
 0001:00001734       ___vcrt_uninitialize_critical 10002734 f   libvcruntime:initialization.obj
 0001:0000173c       ___std_type_info_destroy_list 1000273c f   libvcruntime:std_type_info.obj
 0001:00001760       _memset                    10002760 f   libvcruntime:memset.obj
 0001:000018c0       __local_unwind4            100028c0 f   libvcruntime:_exsup4_.obj
 0001:00001996       __seh_longjmp_unwind4@4    10002996 f   libvcruntime:_exsup4_.obj
 0001:000019be       @_EH4_CallFilterFunc@8     100029be f   libvcruntime:_exsup4_.obj
 0001:000019d5       @_EH4_TransferToHandler@8  100029d5 f   libvcruntime:_exsup4_.obj
 0001:000019ee       @_EH4_GlobalUnwind2@8      100029ee f   libvcruntime:_exsup4_.obj
 0001:00001a07       @_EH4_LocalUnwind@16       10002a07 f   libvcruntime:_exsup4_.obj
 0001:00001a1e       ___except_validate_jump_buffer 10002a1e f   libvcruntime:jbcxrval.obj
 0001:00001a1e       @_guard_check_icall_nop@4  10002a1e f   LIBCMT:guard_support.obj
 0001:00001a1e       ___except_validate_context_record 10002a1e f   libvcruntime:jbcxrval.obj
 0001:00001a1f       ___vcrt_freefls@4          10002a1f f   libvcruntime:per_thread_data.obj
 0001:00001a3b       ___vcrt_freeptd            10002a3b f   libvcruntime:per_thread_data.obj
 0001:00001a71       ___vcrt_getptd_noexit      10002a71 f   libvcruntime:per_thread_data.obj
 0001:00001b03       ___vcrt_initialize_ptd     10002b03 f   libvcruntime:per_thread_data.obj
 0001:00001b36       ___vcrt_uninitialize_ptd   10002b36 f   libvcruntime:per_thread_data.obj
 0001:00001b51       ___vcrt_initialize_locks   10002b51 f   libvcruntime:locks.obj
 0001:00001b8d       ___vcrt_uninitialize_locks 10002b8d f   libvcruntime:locks.obj
 0001:00001cdd       ___vcrt_FlsAlloc           10002cdd f   libvcruntime:winapi_downlevel.obj
 0001:00001d17       ___vcrt_FlsFree            10002d17 f   libvcruntime:winapi_downlevel.obj
 0001:00001d51       ___vcrt_FlsGetValue        10002d51 f   libvcruntime:winapi_downlevel.obj
 0001:00001d8b       ___vcrt_FlsSetValue        10002d8b f   libvcruntime:winapi_downlevel.obj
 0001:00001dc8       ___vcrt_InitializeCriticalSectionEx 10002dc8 f   libvcruntime:winapi_downlevel.obj
 0001:00001e0e       ___vcrt_initialize_winapi_thunks 10002e0e f   libvcruntime:winapi_downlevel.obj
 0001:00001e48       ___vcrt_uninitialize_winapi_thunks 10002e48 f   libvcruntime:winapi_downlevel.obj
 0001:00001e7a       ___vcrt_initialize_pure_virtual_call_handler 10002e7a f   libvcruntime:purevirt_data.obj
 0001:00001ea0       __global_unwind2           10002ea0 f   libvcruntime:_exsup_.obj
 0001:00001f05       __local_unwind2            10002f05 f   libvcruntime:_exsup_.obj
 0001:00001f89       __abnormal_termination     10002f89 f   libvcruntime:_exsup_.obj
 0001:00001fac       __NLG_Notify1              10002fac f   libvcruntime:_exsup_.obj
 0001:00001fb5       __NLG_Notify               10002fb5 f   libvcruntime:_exsup_.obj
 0001:00001fcc       __NLG_Dispatch             10002fcc     libvcruntime:_exsup_.obj
 0001:00001fcc       __NLG_Dispatch2            10002fcc     libvcruntime:_exsup_.obj
 0001:00001fd4       __NLG_Call                 10002fd4 f   libvcruntime:_exsup_.obj
 0001:00001fd6       __NLG_Return2              10002fd6     libvcruntime:_exsup_.obj
 0001:00001fd7       _calloc                    10002fd7 f   libucrt:calloc.obj
 0001:00002061       ??Rthread_parameter_free_policy@?A0xe57bf005@@QAEXQAU__acrt_thread_parameter@@@Z 10003061 f i libucrt:thread.obj
 0001:00002138       __beginthreadex            10003138 f   libucrt:thread.obj
 0001:000021bd       __endthreadex              100031bd f   libucrt:thread.obj
 0001:0000245f       ??0_LocaleUpdate@@QAE@QAU__crt_locale_pointers@@@Z 1000345f f i libucrt:tolower_toupper.obj
 0001:0000251c       __chvalidchk_l             1000351c f i libucrt:tolower_toupper.obj
 0001:00002546       __ischartype_l             10003546 f i libucrt:tolower_toupper.obj
 0001:00002579       __tolower_l                10003579 f   libucrt:tolower_toupper.obj
 0001:00002593       __toupper_l                10003593 f   libucrt:tolower_toupper.obj
 0001:000025ad       _tolower                   100035ad f   libucrt:tolower_toupper.obj
 0001:000025dd       _toupper                   100035dd f   libucrt:tolower_toupper.obj
 0001:00002897       __localtime64_s            10003897 f   libucrt:localtime.obj
 0001:000028a2       _atanh                     100038a2 f   libucrt:atanh.obj
 0001:00002940       _strcspn                   10003940 f   libucrt:strcspn.obj
 0001:00002986       __isalpha_l                10003986 f i libucrt:_ctype.obj
 0001:000029c1       __isblank_l                100039c1 f i libucrt:_ctype.obj
 0001:00002a04       _isalpha                   10003a04 f i libucrt:_ctype.obj
 0001:00002a33       _isblank                   10003a33 f i libucrt:_ctype.obj
 0001:00002b50       _qsort                     10003b50 f   libucrt:qsort.obj
 0001:00002ef0       _strncpy                   10003ef0 f   libucrt:strncpy.obj
 0001:00003020       _strncmp                   10004020 f   libucrt:strncmp.obj
 0001:00003098       ___acrt_errno_from_os_error 10004098 f   libucrt:errno.obj
 0001:000030db       ___acrt_errno_map_os_error 100040db f   libucrt:errno.obj
 0001:000030fe       ___doserrno                100040fe f   libucrt:errno.obj
 0001:00003111       __errno                    10004111 f   libucrt:errno.obj
 0001:00003124       _acosh                     10004124 f   libucrt:acosh.obj
 0001:000031cf       _free                      100041cf f   libucrt:free.obj
 0001:00003250       __get_sys_err_msg          10004250 f i libucrt:strerror.obj
 0001:00003274       _strerror                  10004274 f   libucrt:strerror.obj
 0001:0000327f       _asinh                     1000427f f   libucrt:asinh.obj
 0001:0000330e       __initterm                 1000430e f   libucrt:initterm.obj
 0001:0000336a       __initterm_e               1000436a f   libucrt:initterm.obj
 0001:000033af       __seh_filter_dll           100043af f   libucrt:exception_filter.obj
 0001:000033cf       __seh_filter_exe           100043cf f   libucrt:exception_filter.obj
 0001:0000375d       ___acrt_initialize_thread_local_exit_callback 1000475d f   libucrt:exit.obj
 0001:0000376c       __cexit                    1000476c f   libucrt:exit.obj
 0001:0000377b       __exit                     1000477b f   libucrt:exit.obj
 0001:00003791       __is_c_termination_complete 10004791 f   libucrt:exit.obj
 0001:00003a30       ___acrt_allocate_buffer_for_argv 10004a30 f   libucrt:argv_parsing.obj
 0001:00003a85       __configure_narrow_argv    10004a85 f   libucrt:argv_parsing.obj
 0001:00003c97       ??$uninitialize@A6AXAAPAPA_W@Z@?$dual_state_global@PAPA_W@__crt_state_management@@QAEXA6AXAAPAPA_W@Z@Z 10004c97 f i libucrt:environment_initialization.obj
 0001:00003c97       ??$uninitialize@A6AXAAPAPAD@Z@?$dual_state_global@PAPAD@__crt_state_management@@QAEXA6AXAAPAPAD@Z@Z 10004c97 f i libucrt:environment_initialization.obj
 0001:00003d0d       ___dcrt_get_or_create_narrow_environment_nolock 10004d0d f   libucrt:environment_initialization.obj
 0001:00003d12       ___dcrt_uninitialize_environments_nolock 10004d12 f   libucrt:environment_initialization.obj
 0001:00003d49       __initialize_narrow_environment 10004d49 f   libucrt:environment_initialization.obj
 0001:00003d4e       ??$?RV<lambda_800076c951b434888f4765a74a194fcc>@@AAV<lambda_4e60a939b0d047cfe11ddc22648dfba9>@@V<lambda_6dbb1268764f43b569ce7b67e331d33a>@@@?$__crt_seh_guarded_call@H@@QAEH$$QAV<lambda_800076c951b434888f4765a74a194fcc>@@AAV<lambda_4e60a939b0d047cfe11ddc22648dfba9>@@$$QAV<lambda_6dbb1268764f43b569ce7b67e331d33a>@@@Z 10004d4e f i libucrt:onexit.obj
 0001:00003d9f       ??$?RV<lambda_995298e7d72eb4c2aab26c0585b3abe5>@@AAV<lambda_275893d493268fdec8709772e3fcec0e>@@V<lambda_293819299cbf9a7022e18b56a874bb5c>@@@?$__crt_seh_guarded_call@H@@QAEH$$QAV<lambda_995298e7d72eb4c2aab26c0585b3abe5>@@AAV<lambda_275893d493268fdec8709772e3fcec0e>@@$$QAV<lambda_293819299cbf9a7022e18b56a874bb5c>@@@Z 10004d9f f i libucrt:onexit.obj
 0001:00003df0       ??$__acrt_lock_and_call@V<lambda_275893d493268fdec8709772e3fcec0e>@@@@YAHW4__acrt_lock_id@@$$QAV<lambda_275893d493268fdec8709772e3fcec0e>@@@Z 10004df0 f i libucrt:onexit.obj
 0001:00003e18       ??$__acrt_lock_and_call@V<lambda_4e60a939b0d047cfe11ddc22648dfba9>@@@@YAHW4__acrt_lock_id@@$$QAV<lambda_4e60a939b0d047cfe11ddc22648dfba9>@@@Z 10004e18 f i libucrt:onexit.obj
 0001:00003e40       ??$__crt_fast_encode_pointer@P6AHXZ@@YAP6AHXZQ6AHXZ@Z 10004e40 f i libucrt:onexit.obj
 0001:000040c0       __crt_atexit               100050c0 f   libucrt:onexit.obj
 0001:000040d6       __execute_onexit_table     100050d6 f   libucrt:onexit.obj
 0001:000040f3       __initialize_onexit_table  100050f3 f   libucrt:onexit.obj
 0001:00004130       __register_onexit_function 10005130 f   libucrt:onexit.obj
 0001:00004245       ___acrt_uninitialize_command_line 10005245 f   libucrt:argv_data.obj
 0001:00004248       ___acrt_initialize         10005248 f   libucrt:initialization.obj
 0001:0000425a       ___acrt_thread_attach      1000525a f   libucrt:initialization.obj
 0001:00004265       ___acrt_thread_detach      10005265 f   libucrt:initialization.obj
 0001:0000426d       ___acrt_uninitialize       1000526d f   libucrt:initialization.obj
 0001:0000427f       ___acrt_uninitialize_critical 1000527f f   libucrt:initialization.obj
 0001:00004291       _terminate                 10005291 f   libucrt:terminate.obj
 0001:000042cd       __free_base                100052cd f   libucrt:free_base.obj
 0001:00004307       __malloc_base              10005307 f   libucrt:malloc_base.obj
 0001:00004355       _strcpy_s                  10005355 f   libucrt:strcpy_s.obj
 0001:000043af       _abort                     100053af f   libucrt:abort.obj
 0001:000043f2       __calloc_base              100053f2 f   libucrt:calloc_base.obj
 0001:0000444f       ??$is_overflow_condition@K@__crt_strtox@@YA_NIK@Z 1000544f f i libucrt:atox.obj
 0001:00004482       ??$make_c_string_character_source@D$$T@__crt_strtox@@YA?AV?$c_string_character_source@D@0@QBD$$T@Z 10005482 f i libucrt:atox.obj
 0001:0000449d       ??$parse_integer@KV?$c_string_character_source@D@__crt_strtox@@@__crt_strtox@@YAKQAU__crt_locale_pointers@@V?$c_string_character_source@D@0@H_N@Z 1000549d f i libucrt:atox.obj
 0001:000046c5       ?unget@?$c_string_character_source@D@__crt_strtox@@QAEXD@Z 100056c5 f i libucrt:atox.obj
 0001:000046ed       ?validate@?$c_string_character_source@D@__crt_strtox@@QBE_NXZ 100056ed f i libucrt:atox.obj
 0001:00004708       _atol                      10005708 f   libucrt:atox.obj
 0001:00004732       ___acrt_call_reportfault   10005732 f   libucrt:invalid_parameter.obj
 0001:0000486d       ___acrt_initialize_invalid_parameter_handler 1000586d f   libucrt:invalid_parameter.obj
 0001:00004881       __invalid_parameter        10005881 f   libucrt:invalid_parameter.obj
 0001:000048fc       __invalid_parameter_noinfo 100058fc f   libucrt:invalid_parameter.obj
 0001:0000490c       __invoke_watson            1000590c f   libucrt:invalid_parameter.obj
 0001:0000493f       ??$?RV<lambda_3518db117f0e7cdb002338c5d3c47b6c>@@AAV<lambda_b2ea41f6bbb362cd97d94c6828d90b61>@@V<lambda_abdedf541bb04549bc734292b4a045d4>@@@?$__crt_seh_guarded_call@X@@QAEX$$QAV<lambda_3518db117f0e7cdb002338c5d3c47b6c>@@AAV<lambda_b2ea41f6bbb362cd97d94c6828d90b61>@@$$QAV<lambda_abdedf541bb04549bc734292b4a045d4>@@@Z 1000593f f i libucrt:per_thread_data.obj
 0001:0000498f       ??$?RV<lambda_51b6e8b1eb166f2a3faf91f424b38130>@@AAV<lambda_6250bd4b2a391816dd638c3bf72b0bcb>@@V<lambda_0b5a4a3e68152e1d9b943535f5f47bed>@@@?$__crt_seh_guarded_call@X@@QAEX$$QAV<lambda_51b6e8b1eb166f2a3faf91f424b38130>@@AAV<lambda_6250bd4b2a391816dd638c3bf72b0bcb>@@$$QAV<lambda_0b5a4a3e68152e1d9b943535f5f47bed>@@@Z 1000598f f i libucrt:per_thread_data.obj
 0001:000049f0       ??$?RV<lambda_5b71d36f03204c0beab531769a5b5694>@@AAV<lambda_be2b3da3f62db62e9dad5dc70221a656>@@V<lambda_8f9ce462984622f9bf76b59e2aaaf805>@@@?$__crt_seh_guarded_call@X@@QAEX$$QAV<lambda_5b71d36f03204c0beab531769a5b5694>@@AAV<lambda_be2b3da3f62db62e9dad5dc70221a656>@@$$QAV<lambda_8f9ce462984622f9bf76b59e2aaaf805>@@@Z 100059f0 f i libucrt:per_thread_data.obj
 0001:00004a3b       ??$?RV<lambda_9df27f884b057bc3edfc946cb5b7cf47>@@AAV<lambda_e69574bed617af4e071282c136b37893>@@V<lambda_cc0d902bcbbeb830f749456577db4721>@@@?$__crt_seh_guarded_call@X@@QAEX$$QAV<lambda_9df27f884b057bc3edfc946cb5b7cf47>@@AAV<lambda_e69574bed617af4e071282c136b37893>@@$$QAV<lambda_cc0d902bcbbeb830f749456577db4721>@@@Z 10005a3b f i libucrt:per_thread_data.obj
 0001:00004a83       ??$__acrt_lock_and_call@V<lambda_6250bd4b2a391816dd638c3bf72b0bcb>@@@@YAXW4__acrt_lock_id@@$$QAV<lambda_6250bd4b2a391816dd638c3bf72b0bcb>@@@Z 10005a83 f i libucrt:per_thread_data.obj
 0001:00004aab       ??$__acrt_lock_and_call@V<lambda_b2ea41f6bbb362cd97d94c6828d90b61>@@@@YAXW4__acrt_lock_id@@$$QAV<lambda_b2ea41f6bbb362cd97d94c6828d90b61>@@@Z 10005aab f i libucrt:per_thread_data.obj
 0001:00004ad3       ??$__acrt_lock_and_call@V<lambda_be2b3da3f62db62e9dad5dc70221a656>@@@@YAXW4__acrt_lock_id@@$$QAV<lambda_be2b3da3f62db62e9dad5dc70221a656>@@@Z 10005ad3 f i libucrt:per_thread_data.obj
 0001:00004afb       ??$__acrt_lock_and_call@V<lambda_e69574bed617af4e071282c136b37893>@@@@YAXW4__acrt_lock_id@@$$QAV<lambda_e69574bed617af4e071282c136b37893>@@@Z 10005afb f i libucrt:per_thread_data.obj
 0001:00004cb1       ___acrt_freeptd            10005cb1 f   libucrt:per_thread_data.obj
 0001:00004cdd       ___acrt_getptd             10005cdd f   libucrt:per_thread_data.obj
 0001:00004d61       ___acrt_getptd_noexit      10005d61 f   libucrt:per_thread_data.obj
 0001:00004de6       ___acrt_initialize_ptd     10005de6 f   libucrt:per_thread_data.obj
 0001:00004e12       ___acrt_uninitialize_ptd   10005e12 f   libucrt:per_thread_data.obj
 0001:00004f5d       ___acrt_CompareStringEx@36 10005f5d f   libucrt:winapi_thunks.obj
 0001:00004fd1       ___acrt_FlsAlloc@4         10005fd1 f   libucrt:winapi_thunks.obj
 0001:00005027       ___acrt_FlsFree@4          10006027 f   libucrt:winapi_thunks.obj
 0001:0000507d       ___acrt_FlsGetValue@4      1000607d f   libucrt:winapi_thunks.obj
 0001:000050d3       ___acrt_FlsSetValue@8      100060d3 f   libucrt:winapi_thunks.obj
 0001:0000512c       ___acrt_InitializeCriticalSectionEx@12 1000612c f   libucrt:winapi_thunks.obj
 0001:0000518e       ___acrt_LCMapStringEx@36   1000618e f   libucrt:winapi_thunks.obj
 0001:00005216       ___acrt_LocaleNameToLCID@8 10006216 f   libucrt:winapi_thunks.obj
 0001:00005272       ___acrt_RoInitialize@4     10006272 f   libucrt:winapi_thunks.obj
 0001:000052c4       ___acrt_RoUninitialize@0   100062c4 f   libucrt:winapi_thunks.obj
 0001:0000530d       ___acrt_initialize_winapi_thunks 1000630d f   libucrt:winapi_thunks.obj
 0001:00005333       ___acrt_is_packaged_app    10006333 f   libucrt:winapi_thunks.obj
 0001:000053ba       ___acrt_uninitialize_winapi_thunks 100063ba f   libucrt:winapi_thunks.obj
 0001:000053f0       ___pctype_func             100063f0 f   libucrt:ctype.obj
 0001:00005416       __isleadbyte_l             10006416 f i libucrt:_wctype.obj
 0001:0000544f       __isctype_l                1000644f f   libucrt:isctype.obj
 0001:0000573e       ___acrt_LCMapStringA       1000673e f   libucrt:lcmapstringa.obj
 0001:00005789       __freea_crt                10006789 f i libucrt:lcmapstringa.obj
 0001:000057a9       ___acrt_update_locale_info 100067a9 f   libucrt:locale_update.obj
 0001:000057d6       ___acrt_update_multibyte_info 100067d6 f   libucrt:locale_update.obj
 0001:00005803       ___acrt_set_locale_changed 10006803 f   libucrt:wsetlocale.obj
 0001:0000580e       ___acrt_uninitialize_locale 1000680e f   libucrt:wsetlocale.obj
 0001:00005860       ___acrt_initialize_timeset 10006860 f   libucrt:timeset.obj
 0001:00005897       ___daylight                10006897 f   libucrt:timeset.obj
 0001:0000589d       ___dstbias                 1000689d f   libucrt:timeset.obj
 0001:000058a3       ___timezone                100068a3 f   libucrt:timeset.obj
 0001:000058a9       ___tzname                  100068a9 f   libucrt:timeset.obj
 0001:000058af       __get_daylight             100068af f   libucrt:timeset.obj
 0001:000058db       __get_dstbias              100068db f   libucrt:timeset.obj
 0001:00005907       __get_timezone             10006907 f   libucrt:timeset.obj
 0001:00005933       ??$__crt_time_elapsed_leap_years@H@@YAHH@Z 10006933 f i libucrt:gmtime.obj
 0001:0000596d       ??$__crt_time_is_leap_year@H@@YA_NH@Z 1000696d f i libucrt:gmtime.obj
 0001:00005b9f       __gmtime64_s               10006b9f f   libucrt:gmtime.obj
 0001:000062f1       ___tzset                   100072f1 f   libucrt:tzset.obj
 0001:00006342       __isindst                  10007342 f   libucrt:tzset.obj
 0001:0000638c       __dtest                    1000738c f   libucrt:_test.obj
 0001:000063f0       __fperrraise               100073f0 f   libucrt:_test.obj
 0001:0000648d       _log1p                     1000748d f   libucrt:log1p.obj
 0001:00006530       _log                       10007530 f   libucrt:log.obj
 0001:00006570       __CIlog                    10007570 f   libucrt:log.obj
 0001:000065ab       __CIlog_default            100075ab f   libucrt:log.obj
 0001:000065bf       __log_default              100075bf     libucrt:log.obj
 0001:00006680       __CIsqrt                   10007680 f   libucrt:sqrt.obj
 0001:00006694       _sqrt                      10007694     libucrt:sqrt.obj
 0001:0000673a       ___sys_errlist             1000773a f   libucrt:syserr.obj
 0001:00006740       ___sys_nerr                10007740 f   libucrt:syserr.obj
 0001:000067f7       _strncpy_s                 100077f7 f   libucrt:strncpy_s.obj
 0001:00006802       ___acrt_initialize_locks   10007802 f   libucrt:locks.obj
 0001:00006843       ___acrt_lock               10007843 f   libucrt:locks.obj
 0001:0000685a       ___acrt_uninitialize_locks 1000785a f   libucrt:locks.obj
 0001:0000688b       ___acrt_unlock             1000788b f   libucrt:locks.obj
 0001:00006c64       ??1?$argument_list@D@?A0xb0e4b824@@QAE@XZ 10007c64 f i libucrt:argv_wildcards.obj
 0001:00006c89       ?append@?$argument_list@D@?A0xb0e4b824@@QAEHQAD@Z 10007c89 f i libucrt:argv_wildcards.obj
 0001:00006cbe       ?expand_if_necessary@?$argument_list@D@?A0xb0e4b824@@AAEHXZ 10007cbe f i libucrt:argv_wildcards.obj
 0001:00006d45       ___acrt_expand_narrow_argv_wildcards 10007d45 f   libucrt:argv_wildcards.obj
 0001:00006d50       ??$?RV<lambda_978dc153c237d78434369da87b74ff60>@@AAV<lambda_ad1ced32f4ac17aa236e5ef05d6b3b7c>@@V<lambda_4a8533e2866a575feecb8298ce776b0d>@@@?$__crt_seh_guarded_call@X@@QAEX$$QAV<lambda_978dc153c237d78434369da87b74ff60>@@AAV<lambda_ad1ced32f4ac17aa236e5ef05d6b3b7c>@@$$QAV<lambda_4a8533e2866a575feecb8298ce776b0d>@@@Z 10007d50 f i libucrt:mbctype.obj
 0001:00006d93       ??$__acrt_lock_and_call@V<lambda_ad1ced32f4ac17aa236e5ef05d6b3b7c>@@@@YAXW4__acrt_lock_id@@$$QAV<lambda_ad1ced32f4ac17aa236e5ef05d6b3b7c>@@@Z 10007d93 f i libucrt:mbctype.obj
 0001:0000722a       ___acrt_initialize_multibyte 1000822a f   libucrt:mbctype.obj
 0001:00007248       ___acrt_update_thread_multibyte_data 10008248 f   libucrt:mbctype.obj
 0001:000072ea       __setmbcp_nolock           100082ea f   libucrt:mbctype.obj
 0001:000075b5       __ismbblead                100085b5 f   libucrt:ismbbyte.obj
 0001:000075cd       ___acrt_initialize_command_line 100085cd f   libucrt:argv_data.obj
 0001:0000761d       ___dcrt_get_narrow_environment_from_os 1000861d f   libucrt:get_environment_from_os.obj
 0001:000079e0       ___dcrt_set_variable_in_narrow_environment_nolock 100089e0 f   libucrt:setenv.obj
 0001:000079eb       __recalloc                 100089eb f   libucrt:recalloc.obj
 0001:000079f6       __recalloc_base            100089f6 f   libucrt:recalloc.obj
 0001:00007a63       ___acrt_initialize_heap    10008a63 f   libucrt:heap_handle.obj
 0001:00007a74       ___acrt_uninitialize_heap  10008a74 f   libucrt:heap_handle.obj
 0001:00007bea       ___acrt_initialize_lowio   10008bea f   libucrt:ioinit.obj
 0001:00007c40       ___acrt_uninitialize_lowio 10008c40 f   libucrt:ioinit.obj
 0001:00007c6c       ___acrt_execute_initializers 10008c6c f   libucrt:shared_initialization.obj
 0001:00007cef       ___acrt_execute_uninitializers 10008cef f   libucrt:shared_initialization.obj
 0001:00007d3c       ___acrt_initialize_new_handler 10008d3c f   libucrt:new_handler.obj
 0001:00007d50       __callnewh                 10008d50 f   libucrt:new_handler.obj
 0001:00007d94       __query_new_handler        10008d94 f   libucrt:new_handler.obj
 0001:00007de6       ??$?RV<lambda_a048d3beccc847880fc8490e18b82769>@@AAV<lambda_ec61778202f4f5fc7e7711acc23c3bca>@@V<lambda_f7496a158712204296dd6628a163878e>@@@?$__crt_seh_guarded_call@P6AXH@Z@@QAEP6AXH@Z$$QAV<lambda_a048d3beccc847880fc8490e18b82769>@@AAV<lambda_ec61778202f4f5fc7e7711acc23c3bca>@@$$QAV<lambda_f7496a158712204296dd6628a163878e>@@@Z 10008de6 f i libucrt:signal.obj
 0001:00007e40       ??$__acrt_lock_and_call@V<lambda_ec61778202f4f5fc7e7711acc23c3bca>@@@@YAP6AXH@ZW4__acrt_lock_id@@$$QAV<lambda_ec61778202f4f5fc7e7711acc23c3bca>@@@Z 10008e40 f i libucrt:signal.obj
 0001:00007ed2       ___acrt_get_sigabrt_handler 10008ed2 f   libucrt:signal.obj
 0001:00007ee9       ___acrt_initialize_signal_handlers 10008ee9 f   libucrt:signal.obj
 0001:00007f24       ___fpecode                 10008f24 f   libucrt:signal.obj
 0001:00007f2d       _raise                     10008f2d f   libucrt:signal.obj
 0001:00008135       ?initialize@?$dual_state_global@P6AXH@Z@__crt_state_management@@QAEXQ6AXH@Z@Z 10009135 f i libucrt:signal.obj
 0001:00008135       ?initialize@?$dual_state_global@H@__crt_state_management@@QAEXH@Z 10009135 f i libucrt:timeset.obj
 0001:00008135       ?initialize@?$dual_state_global@J@__crt_state_management@@QAEXJ@Z 10009135 f i libucrt:timeset.obj
 0001:00008135       ?initialize@?$dual_state_global@PAU__crt_locale_data@@@__crt_state_management@@QAEXQAU__crt_locale_data@@@Z 10009135 f i libucrt:initialization.obj
 0001:00008135       ?initialize@?$dual_state_global@PAPAD@__crt_state_management@@QAEXQAPAD@Z 10009135 f i libucrt:environment_initialization.obj
 0001:00008135       ?initialize@?$dual_state_global@P6AXPB_W00II@Z@__crt_state_management@@QAEXQ6AXPB_W00II@Z@Z 10009135 f i libucrt:invalid_parameter.obj
 0001:00008135       ?initialize@?$dual_state_global@P6AHI@Z@__crt_state_management@@QAEXQ6AHI@Z@Z 10009135 f i libucrt:new_handler.obj
 0001:00008135       ?initialize@?$dual_state_global@P6AHPAU_exception@@@Z@__crt_state_management@@QAEXQ6AHPAU_exception@@@Z@Z 10009135 f i libucrt:matherr.obj
 0001:00008166       ___acrt_has_user_matherr   10009166 f   libucrt:matherr.obj
 0001:0000817f       ___acrt_initialize_user_matherr 1000917f f   libucrt:matherr.obj
 0001:00008193       ___acrt_invoke_user_matherr 10009193 f   libucrt:matherr.obj
 0001:000081dc       __query_new_mode           100091dc f   libucrt:new_mode.obj
 0001:000081e2       __mbtowc_l                 100091e2 f   libucrt:mbtowc.obj
 0001:000082dc       _mbtowc                    100092dc f   libucrt:mbtowc.obj
 0001:000082f6       __fileno                   100092f6 f   libucrt:fileno.obj
 0001:0000831c       ___acrt_initialize_stdio   1000931c f   libucrt:_file.obj
 0001:000083e4       ___acrt_uninitialize_stdio 100093e4 f   libucrt:_file.obj
 0001:00008430       __lock_file                10009430 f   libucrt:_file.obj
 0001:00008444       __unlock_file              10009444 f   libucrt:_file.obj
 0001:00008458       ___acrt_add_locale_ref     10009458 f   libucrt:locale_refcounting.obj
 0001:000084d5       ___acrt_free_locale        100094d5 f   libucrt:locale_refcounting.obj
 0001:0000861f       ___acrt_locale_add_lc_time_reference 1000961f f   libucrt:locale_refcounting.obj
 0001:00008648       ___acrt_locale_free_lc_time_if_unreferenced 10009648 f   libucrt:locale_refcounting.obj
 0001:00008678       ___acrt_locale_release_lc_time_reference 10009678 f   libucrt:locale_refcounting.obj
 0001:000086a1       ___acrt_release_locale_ref 100096a1 f   libucrt:locale_refcounting.obj
 0001:00008722       ___acrt_update_thread_locale_data 10009722 f   libucrt:locale_refcounting.obj
 0001:00008799       __updatetlocinfoEx_nolock  10009799 f   libucrt:locale_refcounting.obj
 0001:000088a5       ___acrt_DownlevelLocaleNameToLCID 100098a5 f   libucrt:lcidtoname_downlevel.obj
 0001:000088d1       ___acrt_GetStringTypeA     100098d1 f   libucrt:getstringtypea.obj
 0001:000089ee       ___strncnt                 100099ee f   libucrt:strncnt.obj
 0001:00008a0a       ____lc_codepage_func       10009a0a f   libucrt:initctype.obj
 0001:00008a31       ___acrt_locale_free_monetary 10009a31 f   libucrt:initmon.obj
 0001:00008b2f       ___acrt_locale_free_numeric 10009b2f f   libucrt:initnum.obj
 0001:00008bd4       ___acrt_locale_free_time   10009bd4 f   libucrt:inittime.obj
 0001:00008e25       _getenv_s                  10009e25 f   libucrt:getenv.obj
 0001:00008e30       _fegetexceptflag           10009e30 f   libucrt:fegetexceptflag.obj
 0001:00008e61       _fesetexceptflag           10009e61 f   libucrt:fesetexceptflag.obj
 0001:00008eaf       ___acrt_fenv_get_fp_status_word_from_exception_mask 10009eaf f   libucrt:_fenvutils.obj
 0001:00008fb4       __getfpstatusword          10009fb4 f   libucrt:_fenvutils.obj
 0001:0000905c       __setfpstatusword          1000a05c f   libucrt:_fenvutils.obj
 0001:000090dc       ___acrt_initialize_sse2    1000a0dc f   libucrt:mathfcns.obj
 0001:000090f0       __CIlog_pentium4           1000a0f0 f   libucrt:log_pentium4.obj
 0001:00009108       __log_pentium4             1000a108     libucrt:log_pentium4.obj
 0001:00009371       __fFEXP                    1000a371     libucrt:87tran.obj
 0001:000093c8       __rtinfpopse               1000a3c8     libucrt:87tran.obj
 0001:000093ca       __rtinfnpopse              1000a3ca     libucrt:87tran.obj
 0001:000093da       __fFLN                     1000a3da     libucrt:87tran.obj
 0001:0000948f       __rtinfpop                 1000a48f     libucrt:87tran.obj
 0001:00009491       __rtinfnpop                1000a491     libucrt:87tran.obj
 0001:000094ae       __ffexpm1                  1000a4ae     libucrt:87tran.obj
 0001:00009560       __trandisp1                1000a560 f   libucrt:87disp.obj
 0001:000095c7       __trandisp2                1000a5c7 f   libucrt:87disp.obj
 0001:00009653       __rttospopde               1000a653     libucrt:87disp.obj
 0001:00009658       __rttospop                 1000a658     libucrt:87disp.obj
 0001:0000965a       __rtnospop                 1000a65a     libucrt:87disp.obj
 0001:0000965c       __rttosnpop                1000a65c     libucrt:87disp.obj
 0001:0000965d       __rtnospopde               1000a65d     libucrt:87disp.obj
 0001:00009664       __rtzeropop                1000a664     libucrt:87disp.obj
 0001:00009666       __rtzeronpop               1000a666     libucrt:87disp.obj
 0001:0000966b       __rtzerospop               1000a66b     libucrt:87disp.obj
 0001:00009678       __rtonepop                 1000a678     libucrt:87disp.obj
 0001:0000967a       __rtonenpop                1000a67a     libucrt:87disp.obj
 0001:0000967f       __tosnan1                  1000a67f     libucrt:87disp.obj
 0001:000096aa       __nosnan2                  1000a6aa     libucrt:87disp.obj
 0001:000096ac       __tosnan2                  1000a6ac     libucrt:87disp.obj
 0001:000096d4       __nan2                     1000a6d4     libucrt:87disp.obj
 0001:00009713       __rtindfpop                1000a713     libucrt:87disp.obj
 0001:00009715       __rtindfnpop               1000a715     libucrt:87disp.obj
 0001:00009726       __rttosnpopde              1000a726     libucrt:87disp.obj
 0001:00009730       __rtatan2inf               1000a730     libucrt:87disp.obj
 0001:0000974d       __rtchsifneg               1000a74d     libucrt:87disp.obj
 0001:00009760       __twoToTOS                 1000a760 f   libucrt:common.obj
 0001:00009775       __load_CW                  1000a775 f   libucrt:common.obj
 0001:0000978c       __convertTOStoQNaN         1000a78c f   libucrt:common.obj
 0001:000097a5       __fload_withFB             1000a7a5 f   libucrt:common.obj
 0001:000097e8       __checkTOS_withFB          1000a7e8 f   libucrt:common.obj
 0001:000097fe       __fast_exit                1000a7fe f   libucrt:common.obj
 0001:0000980b       __math_exit                1000a80b f   libucrt:common.obj
 0001:00009835       __check_overflow_exit      1000a835 f   libucrt:common.obj
 0001:00009849       __check_range_exit         1000a849 f   libucrt:common.obj
 0001:000098f0       __startTwoArgErrorHandling 1000a8f0 f   libucrt:genexcep.obj
 0001:00009907       __startOneArgErrorHandling 1000a907 f   libucrt:genexcep.obj
 0001:00009950       _strpbrk                   1000a950 f   libucrt:strpbrk.obj
 0001:00009990       __mbsdec                   1000a990 f   libucrt:mbsdec.obj
 0001:000099a7       __mbsdec_l                 1000a9a7 f   libucrt:mbsdec.obj
 0001:00009a43       __strnicoll                1000aa43 f   libucrt:strnicol.obj
 0001:00009a6c       __strnicoll_l              1000aa6c f   libucrt:strnicol.obj
 0001:00009b36       __msize                    1000ab36 f   libucrt:msize.obj
 0001:00009b69       __realloc_base             1000ab69 f   libucrt:realloc_base.obj
 0001:00009bd2       ___acrt_lowio_create_handle_array 1000abd2 f   libucrt:osfinfo.obj
 0001:00009c4c       ___acrt_lowio_destroy_handle_array 1000ac4c f   libucrt:osfinfo.obj
 0001:00009c81       ___acrt_lowio_ensure_fh_exists 1000ac81 f   libucrt:osfinfo.obj
 0001:00009d19       ___acrt_lowio_lock_fh      1000ad19 f   libucrt:osfinfo.obj
 0001:00009d3c       ___acrt_lowio_unlock_fh    1000ad3c f   libucrt:osfinfo.obj
 0001:00009d5f       __free_osfhnd              1000ad5f f   libucrt:osfinfo.obj
 0001:00009df0       __get_osfhandle            1000adf0 f   libucrt:osfinfo.obj
 0001:00009e5a       __isatty                   1000ae5a f   libucrt:isatty.obj
 0001:00009eb0       ___acrt_stdio_flush_nolock 1000aeb0 f   libucrt:fflush.obj
 0001:00009f16       __fflush_nolock            1000af16 f   libucrt:fflush.obj
 0001:00009f5d       __flushall                 1000af5d f   libucrt:fflush.obj
 0001:0000a03e       __fcloseall                1000b03e f   libucrt:closeall.obj
 0001:0000a0de       ___acrt_stdio_free_buffer_nolock 1000b0de f   libucrt:_freebuf.obj
 0001:0000a11c       _fetestexcept              1000b11c f   libucrt:fetestexcept.obj
 0001:0000a13e       ___libm_error_support      1000b13e f   libucrt:libm_error.obj
 0001:0000a356       __d_inttype                1000b356 f   libucrt:powhlp.obj
 0001:0000a3c0       __powhlp                   1000b3c0 f   libucrt:powhlp.obj
 0001:0000a4eb       __87except                 1000b4eb f   libucrt:87except.obj
 0001:0000a5f6       __strnicmp                 1000b5f6 f   libucrt:strnicmp.obj
 0001:0000a662       __strnicmp_l               1000b662 f   libucrt:strnicmp.obj
 0001:0000a9c1       ___acrt_CompareStringA     1000b9c1 f   libucrt:comparestringa.obj
 0001:0000aa09       __query_app_type           1000ba09 f   libucrt:report_runtime_error.obj
 0001:0000aa0f       ??$?RV<lambda_61cee617f5178ae960314fd4d05640a0>@@AAV<lambda_6978c1fb23f02e42e1d9e99668cc68aa>@@V<lambda_9cd88cf8ad10232537feb2133f08c833>@@@?$__crt_seh_guarded_call@H@@QAEH$$QAV<lambda_61cee617f5178ae960314fd4d05640a0>@@AAV<lambda_6978c1fb23f02e42e1d9e99668cc68aa>@@$$QAV<lambda_9cd88cf8ad10232537feb2133f08c833>@@@Z 1000ba0f f i libucrt:commit.obj
 0001:0000aaa7       ??$__acrt_lowio_lock_fh_and_call@V<lambda_6978c1fb23f02e42e1d9e99668cc68aa>@@@@YAHH$$QAV<lambda_6978c1fb23f02e42e1d9e99668cc68aa>@@@Z 1000baa7 f i libucrt:commit.obj
 0001:0000aacf       __commit                   1000bacf f   libucrt:commit.obj
 0001:0000b0ce       __write                    1000c0ce f   libucrt:write.obj
 0001:0000b1b9       __write_nolock             1000c1b9 f   libucrt:write.obj
 0001:0000b3d0       _log10                     1000c3d0 f   libucrt:log10.obj
 0001:0000b410       __CIlog10                  1000c410 f   libucrt:log10.obj
 0001:0000b44b       __CIlog10_default          1000c44b f   libucrt:log10.obj
 0001:0000b45f       __log10_default            1000c45f     libucrt:log10.obj
 0001:0000b520       _ceil                      1000c520 f   libucrt:ceil_pentium4.obj
 0001:0000b560       __ceil_pentium4            1000c560 f   libucrt:ceil_pentium4.obj
 0001:0000b6bb       __lseeki64_nolock          1000c6bb f   libucrt:lseek.obj
 0001:0000b6d6       __fclose_nolock            1000c6d6 f   libucrt:fclose.obj
 0001:0000b74c       _fclose                    1000c74c f   libucrt:fclose.obj
 0001:0000b7cc       __frnd                     1000c7cc f   libucrt:frnd.obj
 0001:0000b7e2       __fpclass                  1000c7e2 f   libucrt:ieeemisc.obj
 0001:0000b886       __decomp                   1000c886 f   libucrt:util.obj
 0001:0000b95a       __set_exp                  1000c95a f   libucrt:util.obj
 0001:0000b989       __sptype                   1000c989 f   libucrt:util.obj
 0001:0000b9e7       __errcode                  1000c9e7 f   libucrt:fpexcept.obj
 0001:0000ba1b       __except1                  1000ca1b f   libucrt:fpexcept.obj
 0001:0000bae9       __handle_exc               1000cae9 f   libucrt:fpexcept.obj
 0001:0000bcc9       __raise_exc                1000ccc9 f   libucrt:fpexcept.obj
 0001:0000bcec       __raise_exc_ex             1000ccec f   libucrt:fpexcept.obj
 0001:0000bfdd       __set_errno_from_matherr   1000cfdd f   libucrt:fpexcept.obj
 0001:0000c00c       __umatherr                 1000d00c f   libucrt:fpexcept.obj
 0001:0000c0ae       __clrfp                    1000d0ae f   libucrt:fpctrl.obj
 0001:0000c0c1       __ctrlfp                   1000d0c1 f   libucrt:fpctrl.obj
 0001:0000c0ed       __set_statfp               1000d0ed f   libucrt:fpctrl.obj
 0001:0000c148       __statfp                   1000d148 f   libucrt:fpctrl.obj
 0001:0000c160       ___ascii_strnicmp          1000d160 f   libucrt:_strnicm.obj
 0001:0000c1c1       __putwch_nolock            1000d1c1 f   libucrt:putwch.obj
 0001:0000c210       __CIlog10_pentium4         1000d210 f   libucrt:log10_pentium4.obj
 0001:0000c228       __log10_pentium4           1000d228     libucrt:log10_pentium4.obj
 0001:0000c4a0       __ceil_default             1000d4a0 f   libucrt:ceil.obj
 0001:0000c559       ??$?RV<lambda_123407a5e2ac06da108355a851863b7a>@@AAV<lambda_2fe9b910cf3cbf4a0ab98a02ba45b3ec>@@V<lambda_ae55bdf541ad94d75914d381c370e64d>@@@?$__crt_seh_guarded_call@H@@QAEH$$QAV<lambda_123407a5e2ac06da108355a851863b7a>@@AAV<lambda_2fe9b910cf3cbf4a0ab98a02ba45b3ec>@@$$QAV<lambda_ae55bdf541ad94d75914d381c370e64d>@@@Z 1000d559 f i libucrt:close.obj
 0001:0000c5db       ??$__acrt_lowio_lock_fh_and_call@V<lambda_2fe9b910cf3cbf4a0ab98a02ba45b3ec>@@@@YAHH$$QAV<lambda_2fe9b910cf3cbf4a0ab98a02ba45b3ec>@@@Z 1000d5db f i libucrt:close.obj
 0001:0000c603       __close                    1000d603 f   libucrt:close.obj
 0001:0000c682       __close_nolock             1000d682 f   libucrt:close.obj
 0001:0000c71e       ?__acrt_stdio_free_stream@@YAXV__crt_stdio_stream@@@Z 1000d71e f   libucrt:stream.obj
 0001:0000c759       ___dcrt_lowio_initialize_console_output 1000d759 f   libucrt:initcon.obj
 0001:0000c778       ___dcrt_terminate_console_output 1000d778 f   libucrt:initcon.obj
 0001:0000c790       _IsProcessorFeaturePresent@4 1000d790 f   kernel32:KERNEL32.dll
 0001:0000c796       _RtlUnwind@16              1000d796 f   kernel32:KERNEL32.dll
 0001:0000c7a0       __FindPESection            1000d7a0 f   LIBCMT:pesect.obj
 0001:0000c7f0       __IsNonwritableInCurrentImage 1000d7f0 f   LIBCMT:pesect.obj
 0001:0000c8b0       __ValidateImageBase        1000d8b0 f   LIBCMT:pesect.obj
 0001:0000c8f0       __aulldvrm                 1000d8f0 f   LIBCMT:ulldvrm.obj
 0001:0000c990       __SEH_prolog4_GS           1000d990 f   LIBCMT:_sehprolg4gs_.obj
 0001:0000c9d9       __SEH_epilog4_GS           1000d9d9 f   LIBCMT:_sehprolg4gs_.obj
 0001:0000c9f0       __alldiv                   1000d9f0 f   LIBCMT:lldiv.obj
 0001:0000caa0       __allrem                   1000daa0 f   LIBCMT:llrem.obj
 0001:0000cb60       __allmul                   1000db60 f   LIBCMT:llmul.obj
 0001:0000cba0       __alloca_probe_16          1000dba0 f   LIBCMT:alloca16.obj
 0001:0000cbb6       __alloca_probe_8           1000dbb6     LIBCMT:alloca16.obj
 0001:0000cbd0       __alldvrm                  1000dbd0 f   LIBCMT:lldvrm.obj
 0001:0000ccb0       __aullshr                  1000dcb0 f   LIBCMT:ullshr.obj
 0001:0000ccd0       __allshl                   1000dcd0 f   LIBCMT:llshl.obj
 0001:0000ccf0       __ftol2_sse                1000dcf0 f   LIBCMT:_ftol2_.obj
 0001:0000ccf9       __ftol2_pentium4           1000dcf9 f   LIBCMT:_ftol2_.obj
 0001:0000cd0c       __ftol2_sse_excpt          1000dd0c f   LIBCMT:_ftol2_.obj
 0001:0000cd30       __ftol2                    1000dd30 f   LIBCMT:_ftol2_.obj
 0001:0000cdb0       __alloca_probe             1000ddb0 f   LIBCMT:chkstk.obj
 0001:0000cdb0       __chkstk                   1000ddb0 f   LIBCMT:chkstk.obj
 0001:0000cde0       _memcpy                    1000dde0 f   libvcruntime:memcpy.obj
 0001:0000d360       _strchr                    1000e360 f   libvcruntime:strchr.obj
 0001:0000d3ce       ___from_strstr_to_strchr   1000e3ce     libvcruntime:strchr.obj
 0001:0000d490       _strrchr                   1000e490 f   libvcruntime:strrchr.obj
 0001:0000d5c8       ?System.Data.SQLite.AssemblySourceIdAttribute..ctor@@2001010O 1000e5c8 f   System.Data.SQLite.netmodule
 0001:0000d5e4       ?System.Data.SQLite.AssemblySourceIdAttribute.get_SourceId@@20000O 1000e5e4 f   System.Data.SQLite.netmodule
 0001:0000d5f8       ?System.Data.SQLite.AssemblySourceTimeStampAttribute..ctor@@2001010O 1000e5f8 f   System.Data.SQLite.netmodule
 0001:0000d614       ?System.Data.SQLite.AssemblySourceTimeStampAttribute.get_SourceTimeStamp@@20000O 1000e614 f   System.Data.SQLite.netmodule
 0001:0000d628       ?System.Data.SQLite.SQLite3..ctor@@2006011180O411790O180O02 1000e628 f   System.Data.SQLite.netmodule
 0001:0000d6d4       ?System.Data.SQLite.SQLite3.CheckDisposed@@200001 1000e6d4 f   System.Data.SQLite.netmodule
 0001:0000d700       ?System.Data.SQLite.SQLite3.Dispose@@20010102 1000e700 f   System.Data.SQLite.netmodule
 0001:0000d750       ?System.Data.SQLite.SQLite3.DisposeModules@@200001 1000e750 f   System.Data.SQLite.netmodule
 0001:0000d7cc       ?System.Data.SQLite.SQLite3.Close@@20010102 1000e7cc f   System.Data.SQLite.netmodule
 0001:0000d918       ?System.Data.SQLite.SQLite3.GetCancelCount@@200008 1000e918 f   System.Data.SQLite.netmodule
 0001:0000d934       ?System.Data.SQLite.SQLite3.ShouldThrowForCancel@@200002 1000e934 f   System.Data.SQLite.netmodule
 0001:0000d94c       ?System.Data.SQLite.SQLite3.ResetCancelCount@@200008 1000e94c f   System.Data.SQLite.netmodule
 0001:0000d96c       ?System.Data.SQLite.SQLite3.Cancel@@200001 1000e96c f   System.Data.SQLite.netmodule
 0001:0000d9b4       ?System.Data.SQLite.SQLite3.BindFunction@@200301128160128128112M 1000e9b4 f   System.Data.SQLite.netmodule
 0001:0000da08       ?System.Data.SQLite.SQLite3.UnbindFunction@@200202128160112M 1000ea08 f   System.Data.SQLite.netmodule
 0001:0000da5c       ?System.Data.SQLite.SQLite3.get_Version@@20000O 1000ea5c f   System.Data.SQLite.netmodule
 0001:0000da70       ?System.Data.SQLite.SQLite3.get_VersionNumber@@200008 1000ea70 f   System.Data.SQLite.netmodule
 0001:0000da84       ?System.Data.SQLite.SQLite3.get_DefineConstants@@00000O 1000ea84 f   System.Data.SQLite.netmodule
 0001:0000db04       ?System.Data.SQLite.SQLite3.get_SQLiteVersion@@00000O 1000eb04 f   System.Data.SQLite.netmodule
 0001:0000db1c       ?System.Data.SQLite.SQLite3.get_SQLiteVersionNumber@@000008 1000eb1c f   System.Data.SQLite.netmodule
 0001:0000db30       ?System.Data.SQLite.SQLite3.get_SQLiteSourceId@@00000O 1000eb30 f   System.Data.SQLite.netmodule
 0001:0000db48       ?System.Data.SQLite.SQLite3.get_SQLiteCompileOptions@@00000O 1000eb48 f   System.Data.SQLite.netmodule
 0001:0000dba8       ?System.Data.SQLite.SQLite3.get_InteropVersion@@00000O 1000eba8 f   System.Data.SQLite.netmodule
 0001:0000dbc0       ?System.Data.SQLite.SQLite3.get_InteropSourceId@@00000O 1000ebc0 f   System.Data.SQLite.netmodule
 0001:0000dbd8       ?System.Data.SQLite.SQLite3.get_InteropCompileOptions@@00000O 1000ebd8 f   System.Data.SQLite.netmodule
 0001:0000dc38       ?System.Data.SQLite.SQLite3.get_AutoCommit@@200002 1000ec38 f   System.Data.SQLite.netmodule
 0001:0000dc5c       ?System.Data.SQLite.SQLite3.IsReadOnly@@2001020O 1000ec5c f   System.Data.SQLite.netmodule
 0001:0000dcf0       ?System.Data.SQLite.SQLite3.get_LastInsertRowId@@20000K 1000ecf0 f   System.Data.SQLite.netmodule
 0001:0000dd10       ?System.Data.SQLite.SQLite3.get_Changes@@200008 1000ed10 f   System.Data.SQLite.netmodule
 0001:0000dd30       ?System.Data.SQLite.SQLite3.get_MemoryUsed@@20000K 1000ed30 f   System.Data.SQLite.netmodule
 0001:0000dd44       ?System.Data.SQLite.SQLite3.get_StaticMemoryUsed@@00000K 1000ed44 f   System.Data.SQLite.netmodule
 0001:0000dd58       ?System.Data.SQLite.SQLite3.get_MemoryHighwater@@20000K 1000ed58 f   System.Data.SQLite.netmodule
 0001:0000dd6c       ?System.Data.SQLite.SQLite3.get_StaticMemoryHighwater@@00000K 1000ed6c f   System.Data.SQLite.netmodule
 0001:0000dd80       ?System.Data.SQLite.SQLite3.get_OwnHandle@@200002 1000ed80 f   System.Data.SQLite.netmodule
 0001:0000ddac       ?System.Data.SQLite.SQLite3.get_Functions@@20001512809102128160128128 1000edac f   System.Data.SQLite.netmodule
 0001:0000ddc0       ?System.Data.SQLite.SQLite3.SetMemoryStatus@@200111812002 1000edc0 f   System.Data.SQLite.netmodule
 0001:0000ddd4       ?System.Data.SQLite.SQLite3.StaticSetMemoryStatus@@000111812002 1000edd4 f   System.Data.SQLite.netmodule
 0001:0000ddf0       ?System.Data.SQLite.SQLite3.ReleaseMemory@@2000118120 1000edf0 f   System.Data.SQLite.netmodule
 0001:0000de10       ?System.Data.SQLite.SQLite3.StaticReleaseMemory@@0006118120080202100810021009 1000ee10 f   System.Data.SQLite.netmodule
 0001:0000de6c       ?System.Data.SQLite.SQLite3.Shutdown@@2000118120 1000ee6c f   System.Data.SQLite.netmodule
 0001:0000de80       ?System.Data.SQLite.SQLite3.StaticShutdown@@000111812002 1000ee80 f   System.Data.SQLite.netmodule
 0001:0000debc       ?System.Data.SQLite.SQLite3.IsOpen@@200002 1000eebc f   System.Data.SQLite.netmodule
 0001:0000def0       ?System.Data.SQLite.SQLite3.GetFileName@@20010O0O 1000eef0 f   System.Data.SQLite.netmodule
 0001:0000df24       ?System.Data.SQLite.SQLite3.IsAllowedToUsePool@@0001021128 1000ef24 f   System.Data.SQLite.netmodule
 0001:0000df38       ?System.Data.SQLite.SQLite3.Open@@2006010O0O112M11280802 1000ef38 f   System.Data.SQLite.netmodule
 0001:0000e1c8       ?System.Data.SQLite.SQLite3.ClearPool@@200001 1000f1c8 f   System.Data.SQLite.netmodule
 0001:0000e1e0       ?System.Data.SQLite.SQLite3.CountPool@@200008 1000f1e0 f   System.Data.SQLite.netmodule
 0001:0000e20c       ?System.Data.SQLite.SQLite3.SetTimeout@@20010108 1000f20c f   System.Data.SQLite.netmodule
 0001:0000e254       ?System.Data.SQLite.SQLite3.Step@@200102128180 1000f254 f   System.Data.SQLite.netmodule
 0001:0000e34c       ?System.Data.SQLite.SQLite3.GetErrorString@@00010O118120 1000f34c f   System.Data.SQLite.netmodule
 0001:0000e3d4       ?System.Data.SQLite.SQLite3.IsReadOnly@@200102128180 1000f3d4 f   System.Data.SQLite.netmodule
 0001:0000e450       ?System.Data.SQLite.SQLite3.Reset@@2001118120128180 1000f450 f   System.Data.SQLite.netmodule
 0001:0000e504       ?System.Data.SQLite.SQLite3.GetLastError@@20000O 1000f504 f   System.Data.SQLite.netmodule
 0001:0000e518       ?System.Data.SQLite.SQLite3.GetLastError@@20010O0O 1000f518 f   System.Data.SQLite.netmodule
 0001:0000e548       ?System.Data.SQLite.SQLite3.ForceLogPrepare@@000002 1000f548 f   System.Data.SQLite.netmodule
 0001:0000e5cc       ?System.Data.SQLite.SQLite3.Prepare@@200512818012780O12818009100O 1000f5cc f   System.Data.SQLite.netmodule
 0001:0000ea18       ?System.Data.SQLite.SQLite3.LogBind@@0002011281K808 1000fa18 f   System.Data.SQLite.netmodule
 0001:0000ea58       ?System.Data.SQLite.SQLite3.LogBind@@0003011281K8081280K1 1000fa58 f   System.Data.SQLite.netmodule
 0001:0000eaa8       ?System.Data.SQLite.SQLite3.FormatDateTime@@00010O1180K5 1000faa8 f   System.Data.SQLite.netmodule
 0001:0000eb08       ?System.Data.SQLite.SQLite3.LogBind@@0003011281K8081180K5 1000fb08 f   System.Data.SQLite.netmodule
 0001:0000eb60       ?System.Data.SQLite.SQLite3.LogBind@@0003011281K8080O 1000fb60 f   System.Data.SQLite.netmodule
 0001:0000ebbc       ?System.Data.SQLite.SQLite3.ToHexadecimalString@@00010O1N05 1000fbbc f   System.Data.SQLite.netmodule
 0001:0000ec08       ?System.Data.SQLite.SQLite3.LogBind@@0003011281K8081N05 1000fc08 f   System.Data.SQLite.netmodule
 0001:0000ec68       ?System.Data.SQLite.SQLite3.Bind_Double@@200401128180112M080N 1000fc68 f   System.Data.SQLite.netmodule
 0001:0000ecb8       ?System.Data.SQLite.SQLite3.Bind_Int32@@200401128180112M0808 1000fcb8 f   System.Data.SQLite.netmodule
 0001:0000ed08       ?System.Data.SQLite.SQLite3.Bind_UInt32@@200401128180112M0809 1000fd08 f   System.Data.SQLite.netmodule
 0001:0000ed78       ?System.Data.SQLite.SQLite3.Bind_Int64@@200401128180112M080K 1000fd78 f   System.Data.SQLite.netmodule
 0001:0000edc8       ?System.Data.SQLite.SQLite3.Bind_UInt64@@200401128180112M080L 1000fdc8 f   System.Data.SQLite.netmodule
 0001:0000ee18       ?System.Data.SQLite.SQLite3.Bind_Boolean@@200401128180112M0802 1000fe18 f   System.Data.SQLite.netmodule
 0001:0000ee70       ?System.Data.SQLite.SQLite3.Bind_Text@@200401128180112M080O 1000fe70 f   System.Data.SQLite.netmodule
 0001:0000eee4       ?System.Data.SQLite.SQLite3.Bind_DateTime@@200401128180112M081180K5 1000fee4 f   System.Data.SQLite.netmodule
 0001:0000f0c4       ?System.Data.SQLite.SQLite3.Bind_Blob@@200401128180112M081N05 100100c4 f   System.Data.SQLite.netmodule
 0001:0000f11c       ?System.Data.SQLite.SQLite3.Bind_Null@@200301128180112M08 1001011c f   System.Data.SQLite.netmodule
 0001:0000f164       ?System.Data.SQLite.SQLite3.Bind_ParamCount@@200208128180112M 10010164 f   System.Data.SQLite.netmodule
 0001:0000f1c8       ?System.Data.SQLite.SQLite3.Bind_ParamName@@20030O128180112M08 100101c8 f   System.Data.SQLite.netmodule
 0001:0000f23c       ?System.Data.SQLite.SQLite3.Bind_ParamIndex@@200308128180112M0O 1001023c f   System.Data.SQLite.netmodule
 0001:0000f2ac       ?System.Data.SQLite.SQLite3.ColumnCount@@200108128180 100102ac f   System.Data.SQLite.netmodule
 0001:0000f2cc       ?System.Data.SQLite.SQLite3.ColumnName@@20020O12818008 100102cc f   System.Data.SQLite.netmodule
 0001:0000f310       ?System.Data.SQLite.SQLite3.ColumnAffinity@@20021180NM12818008 10010310 f   System.Data.SQLite.netmodule
 0001:0000f330       ?System.Data.SQLite.SQLite3.ColumnType@@20030O12818008101180NM 10010330 f   System.Data.SQLite.netmodule
 0001:0000f3a4       ?System.Data.SQLite.SQLite3.ColumnIndex@@2002081281800O 100103a4 f   System.Data.SQLite.netmodule
 0001:0000f3dc       ?System.Data.SQLite.SQLite3.ColumnOriginalName@@20020O12818008 100103dc f   System.Data.SQLite.netmodule
 0001:0000f404       ?System.Data.SQLite.SQLite3.ColumnDatabaseName@@20020O12818008 10010404 f   System.Data.SQLite.netmodule
 0001:0000f42c       ?System.Data.SQLite.SQLite3.ColumnTableName@@20020O12818008 1001042c f   System.Data.SQLite.netmodule
 0001:0000f454       ?System.Data.SQLite.SQLite3.DoesTableExist@@2002020O0O 10010454 f   System.Data.SQLite.netmodule
 0001:0000f480       ?System.Data.SQLite.SQLite3.ColumnMetaData@@2009020O0O0O02100O100O100210021002 10010480 f   System.Data.SQLite.netmodule
 0001:0000f520       ?System.Data.SQLite.SQLite3.GetObject@@20021M12818008 10010520 f   System.Data.SQLite.netmodule
 0001:0000f5b8       ?System.Data.SQLite.SQLite3.GetDouble@@20020N12818008 100105b8 f   System.Data.SQLite.netmodule
 0001:0000f5d8       ?System.Data.SQLite.SQLite3.GetBoolean@@20020212818008 100105d8 f   System.Data.SQLite.netmodule
 0001:0000f5f8       ?System.Data.SQLite.SQLite3.GetSByte@@20020412818008 100105f8 f   System.Data.SQLite.netmodule
 0001:0000f614       ?System.Data.SQLite.SQLite3.GetByte@@20020512818008 10010614 f   System.Data.SQLite.netmodule
 0001:0000f630       ?System.Data.SQLite.SQLite3.GetInt16@@20020612818008 10010630 f   System.Data.SQLite.netmodule
 0001:0000f64c       ?System.Data.SQLite.SQLite3.GetUInt16@@20020712818008 1001064c f   System.Data.SQLite.netmodule
 0001:0000f668       ?System.Data.SQLite.SQLite3.GetInt32@@20020812818008 10010668 f   System.Data.SQLite.netmodule
 0001:0000f688       ?System.Data.SQLite.SQLite3.GetUInt32@@20020912818008 10010688 f   System.Data.SQLite.netmodule
 0001:0000f6a0       ?System.Data.SQLite.SQLite3.GetInt64@@20020K12818008 100106a0 f   System.Data.SQLite.netmodule
 0001:0000f6c0       ?System.Data.SQLite.SQLite3.GetUInt64@@20020L12818008 100106c0 f   System.Data.SQLite.netmodule
 0001:0000f6d8       ?System.Data.SQLite.SQLite3.GetText@@20020O12818008 100106d8 f   System.Data.SQLite.netmodule
 0001:0000f700       ?System.Data.SQLite.SQLite3.GetDateTime@@20021180K512818008 10010700 f   System.Data.SQLite.netmodule
 0001:0000f780       ?System.Data.SQLite.SQLite3.GetBytes@@20060K12818008081N050808 10010780 f   System.Data.SQLite.netmodule
 0001:0000f7fc       ?System.Data.SQLite.SQLite3.GetChar@@20020312818008 100107fc f   System.Data.SQLite.netmodule
 0001:0000f818       ?System.Data.SQLite.SQLite3.GetChars@@20060K12818008081N030808 10010818 f   System.Data.SQLite.netmodule
 0001:0000f874       ?System.Data.SQLite.SQLite3.IsNull@@20020212818008 10010874 f   System.Data.SQLite.netmodule
 0001:0000f88c       ?System.Data.SQLite.SQLite3.AggregateCount@@20010818 1001088c f   System.Data.SQLite.netmodule
 0001:0000f8a0       ?System.Data.SQLite.SQLite3.CreateFunction@@20071181200O080212814812814812814M02 100108a0 f   System.Data.SQLite.netmodule
 0001:0000f91c       ?System.Data.SQLite.SQLite3.CreateCollation@@20041181200O12815012815002 1001091c f   System.Data.SQLite.netmodule
 0001:0000f980       ?System.Data.SQLite.SQLite3.ContextCollateCompare@@200408118158180O0O 10010980 f   System.Data.SQLite.netmodule
 0001:0000f9dc       ?System.Data.SQLite.SQLite3.ContextCollateCompare@@200408118158181N031N03 100109dc f   System.Data.SQLite.netmodule
 0001:0000fa38       ?System.Data.SQLite.SQLite3.GetCollationSequence@@200211815M12812818 10010a38 f   System.Data.SQLite.netmodule
 0001:0000fa88       ?System.Data.SQLite.SQLite3.GetParamValueBytes@@20050K18081N050808 10010a88 f   System.Data.SQLite.netmodule
 0001:0000fae8       ?System.Data.SQLite.SQLite3.GetParamValueDouble@@20010N18 10010ae8 f   System.Data.SQLite.netmodule
 0001:0000fafc       ?System.Data.SQLite.SQLite3.GetParamValueInt32@@20010818 10010afc f   System.Data.SQLite.netmodule
 0001:0000fb10       ?System.Data.SQLite.SQLite3.GetParamValueInt64@@20010K18 10010b10 f   System.Data.SQLite.netmodule
 0001:0000fb24       ?System.Data.SQLite.SQLite3.GetParamValueText@@20010O18 10010b24 f   System.Data.SQLite.netmodule
 0001:0000fb44       ?System.Data.SQLite.SQLite3.GetParamValueType@@20011180NM18 10010b44 f   System.Data.SQLite.netmodule
 0001:0000fb58       ?System.Data.SQLite.SQLite3.ReturnBlob@@200201181N05 10010b58 f   System.Data.SQLite.netmodule
 0001:0000fb78       ?System.Data.SQLite.SQLite3.ReturnDouble@@200201180N 10010b78 f   System.Data.SQLite.netmodule
 0001:0000fb8c       ?System.Data.SQLite.SQLite3.ReturnError@@200201180O 10010b8c f   System.Data.SQLite.netmodule
 0001:0000fbac       ?System.Data.SQLite.SQLite3.ReturnInt32@@2002011808 10010bac f   System.Data.SQLite.netmodule
 0001:0000fbc0       ?System.Data.SQLite.SQLite3.ReturnInt64@@200201180K 10010bc0 f   System.Data.SQLite.netmodule
 0001:0000fbd4       ?System.Data.SQLite.SQLite3.ReturnNull@@20010118 10010bd4 f   System.Data.SQLite.netmodule
 0001:0000fbe8       ?System.Data.SQLite.SQLite3.ReturnText@@200201180O 10010be8 f   System.Data.SQLite.netmodule
 0001:0000fc14       ?System.Data.SQLite.SQLite3.GetShimExtensionFileName@@20010O1002 10010c14 f   System.Data.SQLite.netmodule
 0001:0000fc50       ?System.Data.SQLite.SQLite3.CreateModule@@200201128208112M 10010c50 f   System.Data.SQLite.netmodule
 0001:0000fd38       ?System.Data.SQLite.SQLite3.DisposeModule@@200201128208112M 10010d38 f   System.Data.SQLite.netmodule
 0001:0000fd5c       ?System.Data.SQLite.SQLite3.AggregateContext@@20011818 10010d5c f   System.Data.SQLite.netmodule
 0001:0000fd70       ?System.Data.SQLite.SQLite3.DeclareVirtualTable@@20031181201282080O100O 10010d70 f   System.Data.SQLite.netmodule
 0001:0000fe00       ?System.Data.SQLite.SQLite3.DeclareVirtualFunction@@2004118120128208080O100O 10010e00 f   System.Data.SQLite.netmodule
 0001:0000fe84       ?System.Data.SQLite.SQLite3.GetStatusDbOpsNames@@00000O 10010e84 f   System.Data.SQLite.netmodule
 0001:0000fee4       ?System.Data.SQLite.SQLite3.GetConfigDbOpsNames@@00000O 10010ee4 f   System.Data.SQLite.netmodule
 0001:0000ff44       ?System.Data.SQLite.SQLite3.GetStatusParameter@@200411812011300210081008 10010f44 f   System.Data.SQLite.netmodule
 0001:0000ffa8       ?System.Data.SQLite.SQLite3.SetConfigurationOption@@200211812011341M 10010fa8 f   System.Data.SQLite.netmodule
 0001:00010268       ?System.Data.SQLite.SQLite3.SetLoadExtension@@20010102 10011268 f   System.Data.SQLite.netmodule
 0001:000102c0       ?System.Data.SQLite.SQLite3.LoadExtension@@2002010O0O 100112c0 f   System.Data.SQLite.netmodule
 0001:00010370       ?System.Data.SQLite.SQLite3.SetExtendedResultCodes@@20010102 10011370 f   System.Data.SQLite.netmodule
 0001:000103a8       ?System.Data.SQLite.SQLite3.ResultCode@@2000118120 100113a8 f   System.Data.SQLite.netmodule
 0001:000103c8       ?System.Data.SQLite.SQLite3.ExtendedResultCode@@2000118120 100113c8 f   System.Data.SQLite.netmodule
 0001:000103e8       ?System.Data.SQLite.SQLite3.LogMessage@@2002011181200O 100113e8 f   System.Data.SQLite.netmodule
 0001:000103fc       ?System.Data.SQLite.SQLite3.StaticLogMessage@@0002011181200O 100113fc f   System.Data.SQLite.netmodule
 0001:00010418       ?System.Data.SQLite.SQLite3.SetPassword@@2001011N05 10011418 f   System.Data.SQLite.netmodule
 0001:0001045c       ?System.Data.SQLite.SQLite3.ChangePassword@@2001011N05 1001145c f   System.Data.SQLite.netmodule
 0001:000104a4       ?System.Data.SQLite.SQLite3.SetProgressHook@@20020108128080 100114a4 f   System.Data.SQLite.netmodule
 0001:000104c8       ?System.Data.SQLite.SQLite3.SetAuthorizerHook@@200101128084 100114c8 f   System.Data.SQLite.netmodule
 0001:000104ec       ?System.Data.SQLite.SQLite3.SetUpdateHook@@200101128088 100114ec f   System.Data.SQLite.netmodule
 0001:00010510       ?System.Data.SQLite.SQLite3.SetCommitHook@@20010112808M 10011510 f   System.Data.SQLite.netmodule
 0001:00010534       ?System.Data.SQLite.SQLite3.SetTraceCallback@@200101128090 10011534 f   System.Data.SQLite.netmodule
 0001:00010558       ?System.Data.SQLite.SQLite3.SetTraceCallback2@@200201113M128094 10011558 f   System.Data.SQLite.netmodule
 0001:00010580       ?System.Data.SQLite.SQLite3.SetRollbackHook@@200101128098 10011580 f   System.Data.SQLite.netmodule
 0001:000105a4       ?System.Data.SQLite.SQLite3.SetLogCallback@@20011181201210 100115a4 f   System.Data.SQLite.netmodule
 0001:000105cc       ?System.Data.SQLite.SQLite3.AppendError@@0002011280850O 100115cc f   System.Data.SQLite.netmodule
 0001:000105e8       ?System.Data.SQLite.SQLite3.UnhookNativeCallbacks@@2002020202 100115e8 f   System.Data.SQLite.netmodule
 0001:000107b8       ?System.Data.SQLite.SQLite3.FreeDbName@@20010202 100117b8 f   System.Data.SQLite.netmodule
 0001:00010818       ?System.Data.SQLite.SQLite3.InitializeBackup@@2003121M12780O0O 10011818 f   System.Data.SQLite.netmodule
 0001:00010968       ?System.Data.SQLite.SQLite3.StepBackup@@200302121M081002 10011968 f   System.Data.SQLite.netmodule
 0001:000109f0       ?System.Data.SQLite.SQLite3.RemainingBackup@@200108121M 100119f0 f   System.Data.SQLite.netmodule
 0001:00010a44       ?System.Data.SQLite.SQLite3.PageCountBackup@@200108121M 10011a44 f   System.Data.SQLite.netmodule
 0001:00010a98       ?System.Data.SQLite.SQLite3.FinishBackup@@200101121M 10011a98 f   System.Data.SQLite.netmodule
 0001:00010b0c       ?System.Data.SQLite.SQLite3.IsInitialized@@200002 10011b0c f   System.Data.SQLite.netmodule
 0001:00010b20       ?System.Data.SQLite.SQLite3.StaticIsInitialized@@000002 10011b20 f   System.Data.SQLite.netmodule
 0001:00010ba0       ?System.Data.SQLite.SQLite3.GetValue@@20041M128180112M08128100 10011ba0 f   System.Data.SQLite.netmodule
 0001:00010e10       ?System.Data.SQLite.SQLite3.GetCursorForTable@@2003081281800808 10011e10 f   System.Data.SQLite.netmodule
 0001:00010e30       ?System.Data.SQLite.SQLite3.GetRowIdForCursor@@20020K12818008 10011e30 f   System.Data.SQLite.netmodule
 0001:00010e5c       ?System.Data.SQLite.SQLite3.GetIndexColumnExtendedInfo@@2006010O0O0O10081008100O 10011e5c f   System.Data.SQLite.netmodule
 0001:00010eb4       ?System.Data.SQLite.SQLite3.FileControl@@20031181200O0818 10011eb4 f   System.Data.SQLite.netmodule
 0001:00010ee0       ?System.Data.SQLite.SQLite3..cctor@@000001 10011ee0 f   System.Data.SQLite.netmodule
 0001:00010f18       ?System.Data.SQLite.SQLite3_UTF16..ctor@@2006011180O411790O180O02 10011f18 f   System.Data.SQLite.netmodule
 0001:00010f34       ?System.Data.SQLite.SQLite3_UTF16.CheckDisposed@@200001 10011f34 f   System.Data.SQLite.netmodule
 0001:00010f60       ?System.Data.SQLite.SQLite3_UTF16.Dispose@@20010102 10011f60 f   System.Data.SQLite.netmodule
 0001:00010fa4       ?System.Data.SQLite.SQLite3_UTF16.ToString@@20020O1808 10011fa4 f   System.Data.SQLite.netmodule
 0001:00010fc0       ?System.Data.SQLite.SQLite3_UTF16.UTF16ToString@@00020O1808 10011fc0 f   System.Data.SQLite.netmodule
 0001:00010ff8       ?System.Data.SQLite.SQLite3_UTF16.Open@@2006010O0O112M11280802 10011ff8 f   System.Data.SQLite.netmodule
 0001:000112a4       ?System.Data.SQLite.SQLite3_UTF16.Bind_DateTime@@200401128180112M081180K5 100122a4 f   System.Data.SQLite.netmodule
 0001:0001130c       ?System.Data.SQLite.SQLite3_UTF16.Bind_Text@@200401128180112M080O 1001230c f   System.Data.SQLite.netmodule
 0001:00011360       ?System.Data.SQLite.SQLite3_UTF16.GetDateTime@@20021180K512818008 10012360 f   System.Data.SQLite.netmodule
 0001:000113d4       ?System.Data.SQLite.SQLite3_UTF16.ColumnName@@20020O12818008 100123d4 f   System.Data.SQLite.netmodule
 0001:00011418       ?System.Data.SQLite.SQLite3_UTF16.GetText@@20020O12818008 10012418 f   System.Data.SQLite.netmodule
 0001:00011440       ?System.Data.SQLite.SQLite3_UTF16.ColumnOriginalName@@20020O12818008 10012440 f   System.Data.SQLite.netmodule
 0001:00011468       ?System.Data.SQLite.SQLite3_UTF16.ColumnDatabaseName@@20020O12818008 10012468 f   System.Data.SQLite.netmodule
 0001:00011490       ?System.Data.SQLite.SQLite3_UTF16.ColumnTableName@@20020O12818008 10012490 f   System.Data.SQLite.netmodule
 0001:000114b8       ?System.Data.SQLite.SQLite3_UTF16.GetParamValueText@@20010O18 100124b8 f   System.Data.SQLite.netmodule
 0001:000114d8       ?System.Data.SQLite.SQLite3_UTF16.ReturnError@@200201180O 100124d8 f   System.Data.SQLite.netmodule
 0001:000114f4       ?System.Data.SQLite.SQLite3_UTF16.ReturnText@@200201180O 100124f4 f   System.Data.SQLite.netmodule
 0001:00011518       ?System.Data.SQLite.SQLiteBackup..ctor@@20060112201281KM181N05181N05 10012518 f   System.Data.SQLite.netmodule
 0001:00011558       ?System.Data.SQLite.SQLiteBackup.Dispose@@200001 10012558 f   System.Data.SQLite.netmodule
 0001:00011574       ?System.Data.SQLite.SQLiteBackup.CheckDisposed@@200001 10012574 f   System.Data.SQLite.netmodule
 0001:000115a0       ?System.Data.SQLite.SQLiteBackup.Dispose@@20010102 100125a0 f   System.Data.SQLite.netmodule
 0001:00011604       ?System.Data.SQLite.SQLiteBackup.Finalize@@200001 10012604 f   System.Data.SQLite.netmodule
 0001:00011640       ?System.Data.SQLite.SQLiteBase..ctor@@2003011180O411790O 10012640 f   System.Data.SQLite.netmodule
 0001:00011658       ?System.Data.SQLite.SQLiteBase.Dispose@@200001 10012658 f   System.Data.SQLite.netmodule
 0001:00011674       ?System.Data.SQLite.SQLiteBase.CheckDisposed@@200001 10012674 f   System.Data.SQLite.netmodule
 0001:000116a0       ?System.Data.SQLite.SQLiteBase.Dispose@@20010102 100126a0 f   System.Data.SQLite.netmodule
 0001:000116bc       ?System.Data.SQLite.SQLiteBase.Finalize@@200001 100126bc f   System.Data.SQLite.netmodule
 0001:000116f8       ?System.Data.SQLite.SQLiteBase.FallbackGetErrorString@@00010O118120 100126f8 f   System.Data.SQLite.netmodule
 0001:00011754       ?System.Data.SQLite.SQLiteBase.GetLastError@@00020O1281K418 10012754 f   System.Data.SQLite.netmodule
 0001:000117f8       ?System.Data.SQLite.SQLiteBase.FinishBackup@@0002011281K418 100127f8 f   System.Data.SQLite.netmodule
 0001:00011878       ?System.Data.SQLite.SQLiteBase.CloseBlob@@0002011281K418 10012878 f   System.Data.SQLite.netmodule
 0001:000118f8       ?System.Data.SQLite.SQLiteBase.FinalizeStatement@@0002011281K418 100128f8 f   System.Data.SQLite.netmodule
 0001:00011978       ?System.Data.SQLite.SQLiteBase.CloseConnection@@0002011281K418 10012978 f   System.Data.SQLite.netmodule
 0001:00011a00       ?System.Data.SQLite.SQLiteBase.CloseConnectionV2@@0002011281K418 10012a00 f   System.Data.SQLite.netmodule
 0001:00011a88       ?System.Data.SQLite.SQLiteBase.ResetConnection@@0003021281K41802 10012a88 f   System.Data.SQLite.netmodule
 0001:00011bb4       ?System.Data.SQLite.SQLiteBase.IsAutocommit@@0002021281K418 10012bb4 f   System.Data.SQLite.netmodule
 0001:00011c48       ?System.Data.SQLite.SQLiteBase..cctor@@000001 10012c48 f   System.Data.SQLite.netmodule
 0001:00011d60       ?System.Data.SQLite.SQLiteBlob..ctor@@20020112201281L0 10012d60 f   System.Data.SQLite.netmodule
 0001:00011d84       ?System.Data.SQLite.SQLiteBlob.Create@@000312401281140802 10012d84 f   System.Data.SQLite.netmodule
 0001:00011de4       ?System.Data.SQLite.SQLiteBlob.Create@@0006124012780O0O0O0K02 10012de4 f   System.Data.SQLite.netmodule
 0001:00011ee4       ?System.Data.SQLite.SQLiteBlob.CheckOpen@@200001 10012ee4 f   System.Data.SQLite.netmodule
 0001:00011f14       ?System.Data.SQLite.SQLiteBlob.VerifyParameters@@2003011N050808 10012f14 f   System.Data.SQLite.netmodule
 0001:00011f60       ?System.Data.SQLite.SQLiteBlob.Reopen@@2001010K 10012f60 f   System.Data.SQLite.netmodule
 0001:00011f9c       ?System.Data.SQLite.SQLiteBlob.GetCount@@200008 10012f9c f   System.Data.SQLite.netmodule
 0001:00011fc8       ?System.Data.SQLite.SQLiteBlob.Read@@2003011N050808 10012fc8 f   System.Data.SQLite.netmodule
 0001:0001200c       ?System.Data.SQLite.SQLiteBlob.Write@@2003011N050808 1001300c f   System.Data.SQLite.netmodule
 0001:00012050       ?System.Data.SQLite.SQLiteBlob.Close@@200001 10013050 f   System.Data.SQLite.netmodule
 0001:00012064       ?System.Data.SQLite.SQLiteBlob.Dispose@@200001 10013064 f   System.Data.SQLite.netmodule
 0001:00012080       ?System.Data.SQLite.SQLiteBlob.CheckDisposed@@200001 10013080 f   System.Data.SQLite.netmodule
 0001:000120ac       ?System.Data.SQLite.SQLiteBlob.Dispose@@20010102 100130ac f   System.Data.SQLite.netmodule
 0001:000120ec       ?System.Data.SQLite.SQLiteBlob.Finalize@@200001 100130ec f   System.Data.SQLite.netmodule
 0001:00012128       ?System.Data.SQLite.SQLiteCommand..ctor@@200001 10013128 f   System.Data.SQLite.netmodule
 0001:00012140       ?System.Data.SQLite.SQLiteCommand..ctor@@2001010O 10013140 f   System.Data.SQLite.netmodule
 0001:00012158       ?System.Data.SQLite.SQLiteCommand..ctor@@2002010O1278 10013158 f   System.Data.SQLite.netmodule
 0001:00012170       ?System.Data.SQLite.SQLiteCommand..ctor@@2001011278 10013170 f   System.Data.SQLite.netmodule
 0001:00012188       ?System.Data.SQLite.SQLiteCommand..ctor@@2001011244 10013188 f   System.Data.SQLite.netmodule
 0001:00012234       ?System.Data.SQLite.SQLiteCommand..ctor@@2003010O1278128184 10013234 f   System.Data.SQLite.netmodule
 0001:000122a8       ?System.Data.SQLite.SQLiteCommand.Check@@0001011244 100132a8 f   System.Data.SQLite.netmodule
 0001:000122cc       ?System.Data.SQLite.SQLiteCommand.CheckDisposed@@200001 100132cc f   System.Data.SQLite.netmodule
 0001:000122f8       ?System.Data.SQLite.SQLiteCommand.Dispose@@20010102 100132f8 f   System.Data.SQLite.netmodule
 0001:000123e4       ?System.Data.SQLite.SQLiteCommand.GetFlags@@0001112M1244 100133e4 f   System.Data.SQLite.netmodule
 0001:00012434       ?System.Data.SQLite.SQLiteCommand.DisposeStatements@@200001 10013434 f   System.Data.SQLite.netmodule
 0001:00012480       ?System.Data.SQLite.SQLiteCommand.ClearDataReader@@200001 10013480 f   System.Data.SQLite.netmodule
 0001:000124dc       ?System.Data.SQLite.SQLiteCommand.ClearCommands@@200001 100134dc f   System.Data.SQLite.netmodule
 0001:00012500       ?System.Data.SQLite.SQLiteCommand.BuildNextCommand@@2000128180 10013500 f   System.Data.SQLite.netmodule
 0001:00012624       ?System.Data.SQLite.SQLiteCommand.GetStatement@@200112818008 10013624 f   System.Data.SQLite.netmodule
 0001:00012678       ?System.Data.SQLite.SQLiteCommand.Cancel@@200001 10013678 f   System.Data.SQLite.netmodule
 0001:000126b0       ?System.Data.SQLite.SQLiteCommand.get_CommandText@@20000O 100136b0 f   System.Data.SQLite.netmodule
 0001:000126cc       ?System.Data.SQLite.SQLiteCommand.set_CommandText@@2001010O 100136cc f   System.Data.SQLite.netmodule
 0001:00012724       ?System.Data.SQLite.SQLiteCommand.get_CommandTimeout@@200008 10013724 f   System.Data.SQLite.netmodule
 0001:00012740       ?System.Data.SQLite.SQLiteCommand.set_CommandTimeout@@20010108 10013740 f   System.Data.SQLite.netmodule
 0001:0001275c       ?System.Data.SQLite.SQLiteCommand.get_CommandType@@20001180P1 1001375c f   System.Data.SQLite.netmodule
 0001:00012770       ?System.Data.SQLite.SQLiteCommand.set_CommandType@@2001011180P1 10013770 f   System.Data.SQLite.netmodule
 0001:00012790       ?System.Data.SQLite.SQLiteCommand.CreateDbParameter@@20001280P5 10013790 f   System.Data.SQLite.netmodule
 0001:000127a4       ?System.Data.SQLite.SQLiteCommand.CreateParameter@@2000128178 100137a4 f   System.Data.SQLite.netmodule
 0001:000127c0       ?System.Data.SQLite.SQLiteCommand.get_Connection@@20001278 100137c0 f   System.Data.SQLite.netmodule
 0001:000127dc       ?System.Data.SQLite.SQLiteCommand.set_Connection@@2001011278 100137dc f   System.Data.SQLite.netmodule
 0001:00012840       ?System.Data.SQLite.SQLiteCommand.get_DbConnection@@20001280P9 10013840 f   System.Data.SQLite.netmodule
 0001:00012854       ?System.Data.SQLite.SQLiteCommand.set_DbConnection@@2001011280P9 10013854 f   System.Data.SQLite.netmodule
 0001:00012870       ?System.Data.SQLite.SQLiteCommand.get_Parameters@@200012817M 10013870 f   System.Data.SQLite.netmodule
 0001:0001288c       ?System.Data.SQLite.SQLiteCommand.get_DbParameterCollection@@20001280PN 1001388c f   System.Data.SQLite.netmodule
 0001:000128a0       ?System.Data.SQLite.SQLiteCommand.get_Transaction@@2000128184 100138a0 f   System.Data.SQLite.netmodule
[...]
               exported name: sqlite3_fts_init
      139    _sqlite3_get_autocommit
               exported name: sqlite3_get_autocommit
      140    _sqlite3_get_auxdata
               exported name: sqlite3_get_auxdata
      141    _sqlite3_get_table
               exported name: sqlite3_get_table
      142    _sqlite3_global_recover
               exported name: sqlite3_global_recover
      143    _sqlite3_index_column_info_interop@32
      144    _sqlite3_initialize
               exported name: sqlite3_initialize
      145    _sqlite3_interrupt
               exported name: sqlite3_interrupt
      146    _sqlite3_json_init
               exported name: sqlite3_json_init
      147    _sqlite3_key
               exported name: sqlite3_key
      148    _sqlite3_key_v2
               exported name: sqlite3_key_v2
      149    _sqlite3_keyword_check
               exported name: sqlite3_keyword_check
      150    _sqlite3_keyword_count
               exported name: sqlite3_keyword_count
      151    _sqlite3_keyword_name
               exported name: sqlite3_keyword_name
      152    _sqlite3_last_insert_rowid
               exported name: sqlite3_last_insert_rowid
      153    _sqlite3_last_insert_rowid_interop@8
      154    _sqlite3_libversion
               exported name: sqlite3_libversion
      155    _sqlite3_libversion_number
               exported name: sqlite3_libversion_number
      156    _sqlite3_limit
               exported name: sqlite3_limit
      157    _sqlite3_load_extension
               exported name: sqlite3_load_extension
      158    _sqlite3_log
               exported name: sqlite3_log
      159    _sqlite3_malloc
               exported name: sqlite3_malloc
      160    _sqlite3_malloc64
               exported name: sqlite3_malloc64
      161    _sqlite3_malloc_size_interop@4
      162    _sqlite3_memory_alarm
               exported name: sqlite3_memory_alarm
      163    _sqlite3_memory_highwater
               exported name: sqlite3_memory_highwater
      164    _sqlite3_memory_highwater_interop@8
      165    _sqlite3_memory_used
               exported name: sqlite3_memory_used
      166    _sqlite3_memory_used_interop@4
      167    _sqlite3_mprintf
               exported name: sqlite3_mprintf
      168    _sqlite3_msize
               exported name: sqlite3_msize
      169    _sqlite3_msize_interop@8
      170    _sqlite3_mutex_alloc
               exported name: sqlite3_mutex_alloc
      171    _sqlite3_mutex_enter
               exported name: sqlite3_mutex_enter
      172    _sqlite3_mutex_free
               exported name: sqlite3_mutex_free
      173    _sqlite3_mutex_leave
               exported name: sqlite3_mutex_leave
      174    _sqlite3_mutex_try
               exported name: sqlite3_mutex_try
      175    _sqlite3_next_stmt
               exported name: sqlite3_next_stmt
      176    _sqlite3_open
               exported name: sqlite3_open
      177    _sqlite3_open16
               exported name: sqlite3_open16
      178    _sqlite3_open16_interop@20
      179    _sqlite3_open_interop@20
      180    _sqlite3_open_v2
               exported name: sqlite3_open_v2
      181    _sqlite3_os_end
               exported name: sqlite3_os_end
      182    _sqlite3_os_init
               exported name: sqlite3_os_init
      183    _sqlite3_overload_function
               exported name: sqlite3_overload_function
      184    _sqlite3_percentile_init
               exported name: sqlite3_percentile_init
      185    _sqlite3_prepare
               exported name: sqlite3_prepare
      186    _sqlite3_prepare16
               exported name: sqlite3_prepare16
      187    _sqlite3_prepare16_interop@24
      188    _sqlite3_prepare16_v2
               exported name: sqlite3_prepare16_v2
      189    _sqlite3_prepare16_v3
               exported name: sqlite3_prepare16_v3
      190    _sqlite3_prepare_interop@24
      191    _sqlite3_prepare_v2
               exported name: sqlite3_prepare_v2
      192    _sqlite3_prepare_v3
               exported name: sqlite3_prepare_v3
      193    _sqlite3_preupdate_count
               exported name: sqlite3_preupdate_count
      194    _sqlite3_preupdate_depth
               exported name: sqlite3_preupdate_depth
      195    _sqlite3_preupdate_hook
               exported name: sqlite3_preupdate_hook
      196    _sqlite3_preupdate_new
               exported name: sqlite3_preupdate_new
      197    _sqlite3_preupdate_old
               exported name: sqlite3_preupdate_old
      198    _sqlite3_profile
               exported name: sqlite3_profile
      199    _sqlite3_progress_handler
               exported name: sqlite3_progress_handler
      200    _sqlite3_randomness
               exported name: sqlite3_randomness
      201    _sqlite3_realloc
               exported name: sqlite3_realloc
      202    _sqlite3_realloc64
               exported name: sqlite3_realloc64
      203    _sqlite3_regexp_init
               exported name: sqlite3_regexp_init
      204    _sqlite3_rekey
               exported name: sqlite3_rekey
      205    _sqlite3_rekey_v2
               exported name: sqlite3_rekey_v2
      206    _sqlite3_release_memory
               exported name: sqlite3_release_memory
      207    _sqlite3_reset
               exported name: sqlite3_reset
      208    _sqlite3_reset_auto_extension
               exported name: sqlite3_reset_auto_extension
      209    _sqlite3_reset_interop@4
      210    _sqlite3_result_blob
               exported name: sqlite3_result_blob
      211    _sqlite3_result_blob64
               exported name: sqlite3_result_blob64
      212    _sqlite3_result_double
               exported name: sqlite3_result_double
      213    _sqlite3_result_double_interop@8
      214    _sqlite3_result_error
               exported name: sqlite3_result_error
      215    _sqlite3_result_error16
               exported name: sqlite3_result_error16
      216    _sqlite3_result_error_code
               exported name: sqlite3_result_error_code
      217    _sqlite3_result_error_nomem
               exported name: sqlite3_result_error_nomem
      218    _sqlite3_result_error_toobig
               exported name: sqlite3_result_error_toobig
      219    _sqlite3_result_int
               exported name: sqlite3_result_int
      220    _sqlite3_result_int64
               exported name: sqlite3_result_int64
      221    _sqlite3_result_int64_interop@8
      222    _sqlite3_result_null
               exported name: sqlite3_result_null
      223    _sqlite3_result_pointer
               exported name: sqlite3_result_pointer
      224    _sqlite3_result_subtype
               exported name: sqlite3_result_subtype
      225    _sqlite3_result_text
               exported name: sqlite3_result_text
      226    _sqlite3_result_text16
               exported name: sqlite3_result_text16
      227    _sqlite3_result_text16be
               exported name: sqlite3_result_text16be
      228    _sqlite3_result_text16le
               exported name: sqlite3_result_text16le
      229    _sqlite3_result_text64
               exported name: sqlite3_result_text64
      230    _sqlite3_result_value
               exported name: sqlite3_result_value
      231    _sqlite3_result_zeroblob
               exported name: sqlite3_result_zeroblob
      232    _sqlite3_result_zeroblob64
               exported name: sqlite3_result_zeroblob64
      233    _sqlite3_rollback_hook
               exported name: sqlite3_rollback_hook
      234    _sqlite3_rtree_geometry_callback
               exported name: sqlite3_rtree_geometry_callback
      235    _sqlite3_rtree_query_callback
               exported name: sqlite3_rtree_query_callback
      236    _sqlite3_set_authorizer
               exported name: sqlite3_set_authorizer
      237    _sqlite3_set_auxdata
               exported name: sqlite3_set_auxdata
      238    _sqlite3_set_last_insert_rowid
               exported name: sqlite3_set_last_insert_rowid
      239    _sqlite3_sha_init
               exported name: sqlite3_sha_init
      240    _sqlite3_shutdown
               exported name: sqlite3_shutdown
      241    _sqlite3_sleep
               exported name: sqlite3_sleep
      242    _sqlite3_snprintf
               exported name: sqlite3_snprintf
      243    _sqlite3_soft_heap_limit
               exported name: sqlite3_soft_heap_limit
      244    _sqlite3_soft_heap_limit64
               exported name: sqlite3_soft_heap_limit64
      245    _sqlite3_sourceid
               exported name: sqlite3_sourceid
      246    _sqlite3_sql
               exported name: sqlite3_sql
      247    _sqlite3_status
               exported name: sqlite3_status
      248    _sqlite3_status64
               exported name: sqlite3_status64
      249    _sqlite3_step
               exported name: sqlite3_step
      250    _sqlite3_stmt_busy
               exported name: sqlite3_stmt_busy
      251    _sqlite3_stmt_readonly
               exported name: sqlite3_stmt_readonly
      252    _sqlite3_stmt_status
               exported name: sqlite3_stmt_status
      253    _sqlite3_str_append
               exported name: sqlite3_str_append
      254    _sqlite3_str_appendall
               exported name: sqlite3_str_appendall
      255    _sqlite3_str_appendchar
               exported name: sqlite3_str_appendchar
      256    _sqlite3_str_appendf
               exported name: sqlite3_str_appendf
      257    _sqlite3_str_errcode
               exported name: sqlite3_str_errcode
      258    _sqlite3_str_finish
               exported name: sqlite3_str_finish
      259    _sqlite3_str_length
               exported name: sqlite3_str_length
      260    _sqlite3_str_new
               exported name: sqlite3_str_new
      261    _sqlite3_str_reset
               exported name: sqlite3_str_reset
      262    _sqlite3_str_value
               exported name: sqlite3_str_value
      263    _sqlite3_str_vappendf
               exported name: sqlite3_str_vappendf
      264    _sqlite3_strglob
               exported name: sqlite3_strglob
      265    _sqlite3_stricmp
               exported name: sqlite3_stricmp
      266    _sqlite3_strlike
               exported name: sqlite3_strlike
      267    _sqlite3_strnicmp
               exported name: sqlite3_strnicmp
      268    _sqlite3_system_errno
               exported name: sqlite3_system_errno
      269    _sqlite3_table_column_metadata
               exported name: sqlite3_table_column_metadata
      270    _sqlite3_table_column_metadata_interop@44
      271    _sqlite3_table_cursor_interop@12
      272    _sqlite3_temp_directory
               exported name: sqlite3_temp_directory
      273    _sqlite3_test_control
               exported name: sqlite3_test_control
      274    _sqlite3_thread_cleanup
               exported name: sqlite3_thread_cleanup
      275    _sqlite3_threadsafe
               exported name: sqlite3_threadsafe
      276    _sqlite3_total_changes
               exported name: sqlite3_total_changes
      277    _sqlite3_totype_init
               exported name: sqlite3_totype_init
      278    _sqlite3_trace
               exported name: sqlite3_trace
      279    _sqlite3_trace_v2
               exported name: sqlite3_trace_v2
      280    _sqlite3_transfer_bindings
               exported name: sqlite3_transfer_bindings
      281    _sqlite3_update_hook
               exported name: sqlite3_update_hook
      282    _sqlite3_uri_boolean
               exported name: sqlite3_uri_boolean
      283    _sqlite3_uri_int64
               exported name: sqlite3_uri_int64
      284    _sqlite3_uri_parameter
               exported name: sqlite3_uri_parameter
      285    _sqlite3_user_data
               exported name: sqlite3_user_data
      286    _sqlite3_value_blob
               exported name: sqlite3_value_blob
      287    _sqlite3_value_bytes
               exported name: sqlite3_value_bytes
      288    _sqlite3_value_bytes16
               exported name: sqlite3_value_bytes16
      289    _sqlite3_value_double
               exported name: sqlite3_value_double
      290    _sqlite3_value_double_interop@8
      291    _sqlite3_value_dup
               exported name: sqlite3_value_dup
      292    _sqlite3_value_free
               exported name: sqlite3_value_free
      293    _sqlite3_value_int
               exported name: sqlite3_value_int
      294    _sqlite3_value_int64
               exported name: sqlite3_value_int64
      295    _sqlite3_value_int64_interop@8
      296    _sqlite3_value_nochange
               exported name: sqlite3_value_nochange
      297    _sqlite3_value_numeric_type
               exported name: sqlite3_value_numeric_type
      298    _sqlite3_value_pointer
               exported name: sqlite3_value_pointer
      299    _sqlite3_value_subtype
               exported name: sqlite3_value_subtype
      300    _sqlite3_value_text
               exported name: sqlite3_value_text
      301    _sqlite3_value_text16
               exported name: sqlite3_value_text16
      302    _sqlite3_value_text16_interop@8
      303    _sqlite3_value_text16be
               exported name: sqlite3_value_text16be
      304    _sqlite3_value_text16le
               exported name: sqlite3_value_text16le
      305    _sqlite3_value_text_interop@8
      306    _sqlite3_value_type
               exported name: sqlite3_value_type
      307    _sqlite3_version
               exported name: sqlite3_version
      308    _sqlite3_vfs_find
               exported name: sqlite3_vfs_find
      309    _sqlite3_vfs_register
               exported name: sqlite3_vfs_register
      310    _sqlite3_vfs_unregister
               exported name: sqlite3_vfs_unregister
      311    _sqlite3_vmprintf
               exported name: sqlite3_vmprintf
      312    _sqlite3_vsnprintf
               exported name: sqlite3_vsnprintf
      313    _sqlite3_vtab_collation
               exported name: sqlite3_vtab_collation
      314    _sqlite3_vtab_config
               exported name: sqlite3_vtab_config
      315    _sqlite3_vtab_nochange
               exported name: sqlite3_vtab_nochange
      316    _sqlite3_vtab_on_conflict
               exported name: sqlite3_vtab_on_conflict
      317    _sqlite3_vtshim_init
               exported name: sqlite3_vtshim_init
      318    _sqlite3_wal_autocheckpoint
               exported name: sqlite3_wal_autocheckpoint
      319    _sqlite3_wal_checkpoint
               exported name: sqlite3_wal_checkpoint
      320    _sqlite3_wal_checkpoint_v2
               exported name: sqlite3_wal_checkpoint_v2
      321    _sqlite3_wal_hook
               exported name: sqlite3_wal_hook
      322    _sqlite3_win32_compact_heap
               exported name: sqlite3_win32_compact_heap
      323    _sqlite3_win32_is_nt
               exported name: sqlite3_win32_is_nt
      324    _sqlite3_win32_mbcs_to_utf8
               exported name: sqlite3_win32_mbcs_to_utf8
      325    _sqlite3_win32_mbcs_to_utf8_v2
               exported name: sqlite3_win32_mbcs_to_utf8_v2
      326    _sqlite3_win32_reset_heap
               exported name: sqlite3_win32_reset_heap
      327    _sqlite3_win32_set_directory
               exported name: sqlite3_win32_set_directory
      328    _sqlite3_win32_set_directory16
               exported name: sqlite3_win32_set_directory16
      329    _sqlite3_win32_set_directory8
               exported name: sqlite3_win32_set_directory8
      330    _sqlite3_win32_sleep
               exported name: sqlite3_win32_sleep
      331    _sqlite3_win32_unicode_to_utf8
               exported name: sqlite3_win32_unicode_to_utf8
      332    _sqlite3_win32_utf8_to_mbcs
               exported name: sqlite3_win32_utf8_to_mbcs
      333    _sqlite3_win32_utf8_to_mbcs_v2
               exported name: sqlite3_win32_utf8_to_mbcs_v2
      334    _sqlite3_win32_utf8_to_unicode
               exported name: sqlite3_win32_utf8_to_unicode
      335    _sqlite3_win32_write_debug
               exported name: sqlite3_win32_write_debug
      336    _sqlite3changegroup_add
               exported name: sqlite3changegroup_add
      337    _sqlite3changegroup_add_strm
               exported name: sqlite3changegroup_add_strm
      338    _sqlite3changegroup_delete
               exported name: sqlite3changegroup_delete
      339    _sqlite3changegroup_new
               exported name: sqlite3changegroup_new
      340    _sqlite3changegroup_output
               exported name: sqlite3changegroup_output
      341    _sqlite3changegroup_output_strm
               exported name: sqlite3changegroup_output_strm
      342    _sqlite3changeset_apply
               exported name: sqlite3changeset_apply
      343    _sqlite3changeset_apply_strm
               exported name: sqlite3changeset_apply_strm
      344    _sqlite3changeset_apply_v2
               exported name: sqlite3changeset_apply_v2
      345    _sqlite3changeset_apply_v2_strm
               exported name: sqlite3changeset_apply_v2_strm
      346    _sqlite3changeset_concat
               exported name: sqlite3changeset_concat
      347    _sqlite3changeset_concat_strm
               exported name: sqlite3changeset_concat_strm
      348    _sqlite3changeset_conflict
               exported name: sqlite3changeset_conflict
      349    _sqlite3changeset_finalize
               exported name: sqlite3changeset_finalize
      350    _sqlite3changeset_fk_conflicts
               exported name: sqlite3changeset_fk_conflicts
      351    _sqlite3changeset_invert
               exported name: sqlite3changeset_invert
      352    _sqlite3changeset_invert_strm
               exported name: sqlite3changeset_invert_strm
      353    _sqlite3changeset_new
               exported name: sqlite3changeset_new
      354    _sqlite3changeset_next
               exported name: sqlite3changeset_next
      355    _sqlite3changeset_old
               exported name: sqlite3changeset_old
      356    _sqlite3changeset_op
               exported name: sqlite3changeset_op
      357    _sqlite3changeset_pk
               exported name: sqlite3changeset_pk
      358    _sqlite3changeset_start
               exported name: sqlite3changeset_start
      359    _sqlite3changeset_start_strm
               exported name: sqlite3changeset_start_strm
      360    _sqlite3rebaser_configure
               exported name: sqlite3rebaser_configure
      361    _sqlite3rebaser_create
               exported name: sqlite3rebaser_create
      362    _sqlite3rebaser_delete
               exported name: sqlite3rebaser_delete
      363    _sqlite3rebaser_rebase
               exported name: sqlite3rebaser_rebase
      364    _sqlite3rebaser_rebase_strm
               exported name: sqlite3rebaser_rebase_strm
      365    _sqlite3session_attach
               exported name: sqlite3session_attach
      366    _sqlite3session_changeset
               exported name: sqlite3session_changeset
      367    _sqlite3session_changeset_strm
               exported name: sqlite3session_changeset_strm
      368    _sqlite3session_create
               exported name: sqlite3session_create
      369    _sqlite3session_delete
               exported name: sqlite3session_delete
      370    _sqlite3session_diff
               exported name: sqlite3session_diff
      371    _sqlite3session_enable
               exported name: sqlite3session_enable
      372    _sqlite3session_indirect
               exported name: sqlite3session_indirect
      373    _sqlite3session_isempty
               exported name: sqlite3session_isempty
      374    _sqlite3session_patchset
               exported name: sqlite3session_patchset
      375    _sqlite3session_patchset_strm
               exported name: sqlite3session_patchset_strm
      376    _sqlite3session_table_filter
               exported name: sqlite3session_table_filter
